TAP version 13
# Subtest: Git runtime returns exact non-UTF8 bytes through the shared bounded output artifact
ok 1 - Git runtime returns exact non-UTF8 bytes through the shared bounded output artifact
  ---
  duration_ms: 7.0418
  type: 'test'
  ...
# Subtest: Git runtime reconstructs text beyond the display tail without output-triggered termination
ok 2 - Git runtime reconstructs text beyond the display tail without output-triggered termination
  ---
  duration_ms: 3.2047
  type: 'test'
  ...
# Subtest: Git runtime rejects exceeds-bound rather than silently presenting a partial Git result
ok 3 - Git runtime rejects exceeds-bound rather than silently presenting a partial Git result
  ---
  duration_ms: 1.0235
  type: 'test'
  ...
# Subtest: Git runtime rejects lossy rather than silently presenting a partial Git result
ok 4 - Git runtime rejects lossy rather than silently presenting a partial Git result
  ---
  duration_ms: 0.34
  type: 'test'
  ...
# Subtest: Git runtime rejects missing-artifact rather than silently presenting a partial Git result
ok 5 - Git runtime rejects missing-artifact rather than silently presenting a partial Git result
  ---
  duration_ms: 0.4315
  type: 'test'
  ...
# Subtest: Git runtime rejects short-spill rather than silently presenting a partial Git result
ok 6 - Git runtime rejects short-spill rather than silently presenting a partial Git result
  ---
  duration_ms: 0.3112
  type: 'test'
  ...
# Subtest: Git runtime rejects corrupt-artifact rather than silently presenting a partial Git result
ok 7 - Git runtime rejects corrupt-artifact rather than silently presenting a partial Git result
  ---
  duration_ms: 0.326
  type: 'test'
  ...
# Subtest: Git allowFailure never hides pending cleanup
ok 8 - Git allowFailure never hides pending cleanup
  ---
  duration_ms: 1.0039
  type: 'test'
  ...
# Subtest: Git allowFailure never hides failed cleanup
ok 9 - Git allowFailure never hides failed cleanup
  ---
  duration_ms: 0.552
  type: 'test'
  ...
# Subtest: Git allowFailure never hides not_required cleanup
ok 10 - Git allowFailure never hides not_required cleanup
  ---
  duration_ms: 0.5064
  type: 'test'
  ...
# Subtest: Git allowFailure preserves a verified nonzero result but normal execution throws the existing typed error
ok 11 - Git allowFailure preserves a verified nonzero result but normal execution throws the existing typed error
  ---
  duration_ms: 0.7133
  type: 'test'
  ...
# Subtest: Git cancelled is not accepted by allowFailure
ok 12 - Git cancelled is not accepted by allowFailure
  ---
  duration_ms: 0.6167
  type: 'test'
  ...
# Subtest: Git timed_out is not accepted by allowFailure
ok 13 - Git timed_out is not accepted by allowFailure
  ---
  duration_ms: 0.4588
  type: 'test'
  ...
# Subtest: Git cleanup_failed is not accepted by allowFailure
ok 14 - Git cleanup_failed is not accepted by allowFailure
  ---
  duration_ms: 0.2805
  type: 'test'
  ...
# Subtest: Git launch_failed is not accepted by allowFailure
ok 15 - Git launch_failed is not accepted by allowFailure
  ---
  duration_ms: 0.2905
  type: 'test'
  ...
# Subtest: Git snapshots caller arguments and explicit environment before asynchronous authorization
ok 16 - Git snapshots caller arguments and explicit environment before asynchronous authorization
  ---
  duration_ms: 0.5948
  type: 'test'
  ...
# Subtest: Git validates request bounds before acquiring authority or executing anything
ok 17 - Git validates request bounds before acquiring authority or executing anything
  ---
  duration_ms: 0.2422
  type: 'test'
  ...
# C5 CLI root: {"event":"created","path":"C:\\\\Users\\\\b_a_s\\\\AppData\\\\Local\\\\Temp\\\\aiboard-git-runtime-policy-KCGY3t"}
# Subtest: Git repository policy refuses after cwd authorization but before execution and releases exact command authority
ok 18 - Git repository policy refuses after cwd authorization but before execution and releases exact command authority
  ---
  duration_ms: 4.8288
  type: 'test'
  ...
# Subtest: Git cannot use a foreign run context returned by its authority source
ok 19 - Git cannot use a foreign run context returned by its authority source
  ---
  duration_ms: 0.2693
  type: 'test'
  ...
# Subtest: Git retains an undefined execution failure and a subsequent authorization-release failure
ok 20 - Git retains an undefined execution failure and a subsequent authorization-release failure
  ---
  duration_ms: 0.5138
  type: 'test'
  ...
# Subtest: Git joins runtime completion before releasing its exact authorization
ok 21 - Git joins runtime completion before releasing its exact authorization
  ---
  duration_ms: 0.3694
  type: 'test'
  ...
# Subtest: Git live capture complete preserves exact bytes without falsifying diagnostic storage
ok 22 - Git live capture complete preserves exact bytes without falsifying diagnostic storage
  ---
  duration_ms: 1.7149
  type: 'test'
  ...
# Subtest: Git live capture incomplete preserves exact bytes without falsifying diagnostic storage
ok 23 - Git live capture incomplete preserves exact bytes without falsifying diagnostic storage
  ---
  duration_ms: 0.6258
  type: 'test'
  ...
# Subtest: Git live capture short preserves exact bytes without falsifying diagnostic storage
ok 24 - Git live capture short preserves exact bytes without falsifying diagnostic storage
  ---
  duration_ms: 0.7812
  type: 'test'
  ...
# Subtest: Git live capture over-bound preserves exact bytes without falsifying diagnostic storage
ok 25 - Git live capture over-bound preserves exact bytes without falsifying diagnostic storage
  ---
  duration_ms: 0.76
  type: 'test'
  ...
# C5 CLI root: {"event":"exit","path":"C:\\\\Users\\\\b_a_s\\\\AppData\\\\Local\\\\Temp\\\\aiboard-git-runtime-policy-KCGY3t","existsAtExit":false}
1..25
# tests 25
# suites 0
# pass 25
# fail 0
# cancelled 0
# skipped 0
# todo 0
# duration_ms 408.5405
