TAP version 13
# C5 CLI root: {"event":"created","path":"C:\\\\Users\\\\b_a_s\\\\AppData\\\\Local\\\\Temp\\\\aiboard-task10-fence-98xDip"}
# C5 CLI root: {"event":"created","path":"C:\\\\Users\\\\b_a_s\\\\AppData\\\\Local\\\\Temp\\\\aiboard-task10-fence-ze9dMK"}
# Subtest: filesystem fence: review2: create link refusal EPERM is actionable and cleans staging
ok 1 - filesystem fence: review2: create link refusal EPERM is actionable and cleans staging
  ---
  duration_ms: 51.9294
  type: 'test'
  ...
# C5 CLI root: {"event":"created","path":"C:\\\\Users\\\\b_a_s\\\\AppData\\\\Local\\\\Temp\\\\aiboard-task10-fence-dchLyR"}
# Subtest: filesystem fence: review2: create link refusal EACCES is actionable and cleans staging
ok 2 - filesystem fence: review2: create link refusal EACCES is actionable and cleans staging
  ---
  duration_ms: 32.3911
  type: 'test'
  ...
# C5 CLI root: {"event":"created","path":"C:\\\\Users\\\\b_a_s\\\\AppData\\\\Local\\\\Temp\\\\aiboard-task10-fence-TWHjic"}
# C5 CLI root: {"event":"created","path":"C:\\\\Users\\\\b_a_s\\\\AppData\\\\Local\\\\Temp\\\\aiboard-task10-fence-B2BUrn"}
# Subtest: filesystem fence: review2: create link refusal EMLINK is actionable and cleans staging
ok 3 - filesystem fence: review2: create link refusal EMLINK is actionable and cleans staging
  ---
  duration_ms: 33.7244
  type: 'test'
  ...
# Subtest: filesystem fence: review2: POSIX canonical spelling refusal supplies the exact retry path without broadening authority
ok 4 - filesystem fence: review2: POSIX canonical spelling refusal supplies the exact retry path without broadening authority
  ---
  duration_ms: 6.7485
  type: 'test'
  ...
# Subtest: filesystem fence: review2: POSIX catches a same-object writer after the final revision read
ok 5 - filesystem fence: review2: POSIX catches a same-object writer after the final revision read
  ---
  duration_ms: 33.9344
  type: 'test'
  ...
# C5 CLI root: {"event":"exit","path":"C:\\\\Users\\\\b_a_s\\\\AppData\\\\Local\\\\Temp\\\\aiboard-task10-fence-98xDip","existsAtExit":false}
# C5 CLI root: {"event":"exit","path":"C:\\\\Users\\\\b_a_s\\\\AppData\\\\Local\\\\Temp\\\\aiboard-task10-fence-ze9dMK","existsAtExit":false}
# C5 CLI root: {"event":"exit","path":"C:\\\\Users\\\\b_a_s\\\\AppData\\\\Local\\\\Temp\\\\aiboard-task10-fence-dchLyR","existsAtExit":false}
# C5 CLI root: {"event":"exit","path":"C:\\\\Users\\\\b_a_s\\\\AppData\\\\Local\\\\Temp\\\\aiboard-task10-fence-TWHjic","existsAtExit":false}
# C5 CLI root: {"event":"exit","path":"C:\\\\Users\\\\b_a_s\\\\AppData\\\\Local\\\\Temp\\\\aiboard-task10-fence-B2BUrn","existsAtExit":false}
1..5
# tests 5
# suites 0
# pass 5
# fail 0
# cancelled 0
# skipped 0
# todo 0
# duration_ms 536.3936
