TAP version 13
# C5 CLI root: {"event":"created","path":"C:\\\\Users\\\\b_a_s\\\\AppData\\\\Local\\\\Temp\\\\aiboard-task10-fence-mWXqI7"}
# Subtest: filesystem fence: a new-file parent retarget cannot redirect create publication
not ok 1 - filesystem fence: a new-file parent retarget cannot redirect create publication
  ---
  duration_ms: 25.0229
  type: 'test'
  location: 'D:\\repos\\ai-discussion-board\\.worktrees\\runner-v2-robust-build\\runner-v2\\test\\filesystem-mutation-fence.test.ts:1:859'
  failureType: 'testCodeFailure'
  error: |-
    Expected values to be strictly deep-equal:
    + actual - expected
    
      [
    +   'new.txt',
        'sentinel.txt'
      ]
    
  code: 'ERR_ASSERTION'
  name: 'AssertionError'
  expected:
    0: 'sentinel.txt'
  actual:
    0: 'new.txt'
    1: 'sentinel.txt'
  operator: 'deepStrictEqual'
  stack: |-
    <anonymous> (D:\repos\ai-discussion-board\.worktrees\runner-v2-robust-build\runner-v2\test\filesystem-mutation-fence.test.ts:228:10)
    async TestContext.<anonymous> (D:\repos\ai-discussion-board\.worktrees\runner-v2-robust-build\runner-v2\test\filesystem-mutation-fence.test.ts:49:11)
    async Test.run (node:internal/test_runner/test:1332:7)
    async startSubtestAfterBootstrap (node:internal/test_runner/harness:385:3)
  ...
# Task 10 RED/diagnostic root retained: C:\\Users\\b_a_s\\AppData\\Local\\Temp\\aiboard-task10-fence-mWXqI7
# C5 CLI root: {"event":"exit","path":"C:\\\\Users\\\\b_a_s\\\\AppData\\\\Local\\\\Temp\\\\aiboard-task10-fence-mWXqI7","existsAtExit":true}
1..1
# tests 1
# suites 0
# pass 0
# fail 1
# cancelled 0
# skipped 0
# todo 0
# duration_ms 324.1887
