TAP version 13
# C5 CLI root: {"event":"created","path":"C:\\\\Users\\\\b_a_s\\\\AppData\\\\Local\\\\Temp\\\\aiboard-git-policy-yjY338"}
# C5 CLI root: {"event":"created","path":"C:\\\\Users\\\\b_a_s\\\\AppData\\\\Local\\\\Temp\\\\aiboard-git-policy-ov9Vfc"}
# Subtest: Git policy installs the complete safe config/environment baseline
not ok 1 - Git policy installs the complete safe config/environment baseline
  ---
  duration_ms: 8.1844
  type: 'test'
  location: 'D:\\repos\\ai-discussion-board\\.worktrees\\runner-v2-robust-build\\runner-v2\\test\\git-execution-policy.test.ts:1:1189'
  failureType: 'testCodeFailure'
  error: |-
    core.attributesFile=
    
    false !== true
    
  code: 'ERR_ASSERTION'
  name: 'AssertionError'
  expected: true
  actual: false
  operator: 'strictEqual'
  stack: |-
    <anonymous> (D:\repos\ai-discussion-board\.worktrees\runner-v2-robust-build\runner-v2\test\git-execution-policy.test.ts:38:15)
    async withRepository (D:\repos\ai-discussion-board\.worktrees\runner-v2-robust-build\runner-v2\test\git-execution-policy.test.ts:13:16)
    async TestContext.<anonymous> (D:\repos\ai-discussion-board\.worktrees\runner-v2-robust-build\runner-v2\test\git-execution-policy.test.ts:29:3)
    async Test.run (node:internal/test_runner/test:1332:7)
    async startSubtestAfterBootstrap (node:internal/test_runner/harness:385:3)
  ...
# Subtest: Git policy preserves existing Runner command shapes including remotes, push and log patch output
not ok 2 - Git policy preserves existing Runner command shapes including remotes, push and log patch output
  ---
  duration_ms: 2.8731
  type: 'test'
  location: 'D:\\repos\\ai-discussion-board\\.worktrees\\runner-v2-robust-build\\runner-v2\\test\\git-execution-policy.test.ts:1:2127'
  failureType: 'testCodeFailure'
  error: "Git execution policy refused the command: Git command 'remote' is outside the offline Runner Git policy."
  code: 'command_failed'
  name: 'GitCommandError'
  stack: |-
    policyError (D:\repos\ai-discussion-board\.worktrees\runner-v2-robust-build\runner-v2\src\git-execution-policy.ts:86:10)
    rejectGlobalArgumentInjection (D:\repos\ai-discussion-board\.worktrees\runner-v2-robust-build\runner-v2\src\git-execution-policy.ts:81:11)
    prepareGitExecutionPolicy (D:\repos\ai-discussion-board\.worktrees\runner-v2-robust-build\runner-v2\src\git-execution-policy.ts:43:3)
    prepare (D:\repos\ai-discussion-board\.worktrees\runner-v2-robust-build\runner-v2\test\git-execution-policy.test.ts:18:16)
    <anonymous> (D:\repos\ai-discussion-board\.worktrees\runner-v2-robust-build\runner-v2\test\git-execution-policy.test.ts:58:30)
    withRepository (D:\repos\ai-discussion-board\.worktrees\runner-v2-robust-build\runner-v2\test\git-execution-policy.test.ts:13:22)
    async TestContext.<anonymous> (D:\repos\ai-discussion-board\.worktrees\runner-v2-robust-build\runner-v2\test\git-execution-policy.test.ts:50:3)
    async Test.run (node:internal/test_runner/test:1332:7)
    async Test.processPendingSubtests (node:internal/test_runner/test:911:7)
  ...
# C5 CLI root: {"event":"created","path":"C:\\\\Users\\\\b_a_s\\\\AppData\\\\Local\\\\Temp\\\\aiboard-git-policy-7oXiRn"}
# Subtest: Git policy refuses argv policy replacement, unsupported commands and mutating remote configuration
# C5 CLI root: {"event":"created","path":"C:\\\\Users\\\\b_a_s\\\\AppData\\\\Local\\\\Temp\\\\aiboard-git-policy-sAE0wL"}
not ok 3 - Git policy refuses argv policy replacement, unsupported commands and mutating remote configuration
  ---
  duration_ms: 3.1107
  type: 'test'
  location: 'D:\\repos\\ai-discussion-board\\.worktrees\\runner-v2-robust-build\\runner-v2\\test\\git-execution-policy.test.ts:1:2543'
  failureType: 'testCodeFailure'
  error: |-
    The validation function is expected to return "true". Received false
    
    Caught error:
    
    GitCommandError: Git execution policy refused the command: Git argument '-c' can replace Runner execution policy.
  code: 'ERR_ASSERTION'
  name: 'AssertionError'
  stack: |-
    async rejectsPolicy (D:\repos\ai-discussion-board\.worktrees\runner-v2-robust-build\runner-v2\test\git-execution-policy.test.ts:22:3)
    async <anonymous> (D:\repos\ai-discussion-board\.worktrees\runner-v2-robust-build\runner-v2\test\git-execution-policy.test.ts:79:17)
    async withRepository (D:\repos\ai-discussion-board\.worktrees\runner-v2-robust-build\runner-v2\test\git-execution-policy.test.ts:13:16)
    async TestContext.<anonymous> (D:\repos\ai-discussion-board\.worktrees\runner-v2-robust-build\runner-v2\test\git-execution-policy.test.ts:65:3)
    async Test.run (node:internal/test_runner/test:1332:7)
    async Test.processPendingSubtests (node:internal/test_runner/test:911:7)
  ...
# Subtest: Git policy refuses operations that would require an editor before Git can mutate
not ok 4 - Git policy refuses operations that would require an editor before Git can mutate
  ---
  duration_ms: 2.7701
  type: 'test'
  location: 'D:\\repos\\ai-discussion-board\\.worktrees\\runner-v2-robust-build\\runner-v2\\test\\git-execution-policy.test.ts:1:3121'
  failureType: 'testCodeFailure'
  error: 'Missing expected rejection.'
  code: 'ERR_ASSERTION'
  name: 'AssertionError'
  stack: |-
    async rejectsPolicy (D:\repos\ai-discussion-board\.worktrees\runner-v2-robust-build\runner-v2\test\git-execution-policy.test.ts:22:3)
    async <anonymous> (D:\repos\ai-discussion-board\.worktrees\runner-v2-robust-build\runner-v2\test\git-execution-policy.test.ts:85:5)
    async withRepository (D:\repos\ai-discussion-board\.worktrees\runner-v2-robust-build\runner-v2\test\git-execution-policy.test.ts:13:16)
    async TestContext.<anonymous> (D:\repos\ai-discussion-board\.worktrees\runner-v2-robust-build\runner-v2\test\git-execution-policy.test.ts:84:3)
    async Test.run (node:internal/test_runner/test:1332:7)
    async Test.processPendingSubtests (node:internal/test_runner/test:911:7)
  ...
# C5 CLI root: {"event":"created","path":"C:\\\\Users\\\\b_a_s\\\\AppData\\\\Local\\\\Temp\\\\aiboard-git-policy-RV4orx"}
# Subtest: Git policy allows only narrowly enumerated caller Git environment and rejects canonical duplicates
not ok 5 - Git policy allows only narrowly enumerated caller Git environment and rejects canonical duplicates
  ---
  duration_ms: 2.502
  type: 'test'
  location: 'D:\\repos\\ai-discussion-board\\.worktrees\\runner-v2-robust-build\\runner-v2\\test\\git-execution-policy.test.ts:1:3471'
  failureType: 'testCodeFailure'
  error: |-
    The validation function is expected to return "true". Received false
    
    Caught error:
    
    GitCommandError: Git execution policy refused the command: Git environment override 'GIT_SSH_COMMAND' is not permitted.
  code: 'ERR_ASSERTION'
  name: 'AssertionError'
  stack: |-
    async rejectsPolicy (D:\repos\ai-discussion-board\.worktrees\runner-v2-robust-build\runner-v2\test\git-execution-policy.test.ts:22:3)
    async <anonymous> (D:\repos\ai-discussion-board\.worktrees\runner-v2-robust-build\runner-v2\test\git-execution-policy.test.ts:94:5)
    async withRepository (D:\repos\ai-discussion-board\.worktrees\runner-v2-robust-build\runner-v2\test\git-execution-policy.test.ts:13:16)
    async TestContext.<anonymous> (D:\repos\ai-discussion-board\.worktrees\runner-v2-robust-build\runner-v2\test\git-execution-policy.test.ts:93:3)
    async Test.run (node:internal/test_runner/test:1332:7)
    async Test.processPendingSubtests (node:internal/test_runner/test:911:7)
  ...
# C5 CLI root: {"event":"created","path":"C:\\\\Users\\\\b_a_s\\\\AppData\\\\Local\\\\Temp\\\\aiboard-git-policy-3OPbNp"}
# Subtest: Git policy refuses repository config capable of selecting indirect programs
not ok 6 - Git policy refuses repository config capable of selecting indirect programs
  ---
  duration_ms: 4.0181
  type: 'test'
  location: 'D:\\repos\\ai-discussion-board\\.worktrees\\runner-v2-robust-build\\runner-v2\\test\\git-execution-policy.test.ts:1:4981'
  failureType: 'testCodeFailure'
  error: 'hostile config include.path was not refused'
  code: 'ERR_TEST_FAILURE'
  stack: |-
    <anonymous> (D:\repos\ai-discussion-board\.worktrees\runner-v2-robust-build\runner-v2\test\git-execution-policy.test.ts:128:33)
    async TestContext.<anonymous> (D:\repos\ai-discussion-board\.worktrees\runner-v2-robust-build\runner-v2\test\git-execution-policy.test.ts:125:5)
    async Test.run (node:internal/test_runner/test:1332:7)
    async Test.processPendingSubtests (node:internal/test_runner/test:911:7)
  ...
# C5 CLI root: {"event":"created","path":"C:\\\\Users\\\\b_a_s\\\\AppData\\\\Local\\\\Temp\\\\aiboard-git-policy-DfJKez"}
# Subtest: Git policy refuses dangerous worktree and info attributes, including nested attributes
not ok 7 - Git policy refuses dangerous worktree and info attributes, including nested attributes
  ---
  duration_ms: 3.5825
  type: 'test'
  location: 'D:\\repos\\ai-discussion-board\\.worktrees\\runner-v2-robust-build\\runner-v2\\test\\git-execution-policy.test.ts:3:166'
  failureType: 'testCodeFailure'
  error: 'Missing expected rejection.'
  code: 'ERR_ASSERTION'
  name: 'AssertionError'
  stack: |-
    async rejectsPolicy (D:\repos\ai-discussion-board\.worktrees\runner-v2-robust-build\runner-v2\test\git-execution-policy.test.ts:22:3)
    async <anonymous> (D:\repos\ai-discussion-board\.worktrees\runner-v2-robust-build\runner-v2\test\git-execution-policy.test.ts:141:7)
    async withRepository (D:\repos\ai-discussion-board\.worktrees\runner-v2-robust-build\runner-v2\test\git-execution-policy.test.ts:13:16)
    async TestContext.<anonymous> (D:\repos\ai-discussion-board\.worktrees\runner-v2-robust-build\runner-v2\test\git-execution-policy.test.ts:138:5)
    async Test.run (node:internal/test_runner/test:1332:7)
    async Test.processPendingSubtests (node:internal/test_runner/test:911:7)
  ...
# C5 CLI root: {"event":"created","path":"C:\\\\Users\\\\b_a_s\\\\AppData\\\\Local\\\\Temp\\\\aiboard-git-policy-CBCqQn"}
# Subtest: Git policy accepts benign repository config and attributes
not ok 8 - Git policy accepts benign repository config and attributes
  ---
  duration_ms: 3.5277
  type: 'test'
  location: 'D:\\repos\\ai-discussion-board\\.worktrees\\runner-v2-robust-build\\runner-v2\\test\\git-execution-policy.test.ts:3:648'
  failureType: 'testCodeFailure'
  error: "Git execution policy refused the command: Git command 'remote' is outside the offline Runner Git policy."
  code: 'command_failed'
  name: 'GitCommandError'
  stack: |-
    policyError (D:\repos\ai-discussion-board\.worktrees\runner-v2-robust-build\runner-v2\src\git-execution-policy.ts:86:10)
    rejectGlobalArgumentInjection (D:\repos\ai-discussion-board\.worktrees\runner-v2-robust-build\runner-v2\src\git-execution-policy.ts:81:11)
    prepareGitExecutionPolicy (D:\repos\ai-discussion-board\.worktrees\runner-v2-robust-build\runner-v2\src\git-execution-policy.ts:43:3)
    prepare (D:\repos\ai-discussion-board\.worktrees\runner-v2-robust-build\runner-v2\test\git-execution-policy.test.ts:18:16)
    <anonymous> (D:\repos\ai-discussion-board\.worktrees\runner-v2-robust-build\runner-v2\test\git-execution-policy.test.ts:155:11)
    async withRepository (D:\repos\ai-discussion-board\.worktrees\runner-v2-robust-build\runner-v2\test\git-execution-policy.test.ts:13:16)
    async TestContext.<anonymous> (D:\repos\ai-discussion-board\.worktrees\runner-v2-robust-build\runner-v2\test\git-execution-policy.test.ts:147:3)
    async Test.run (node:internal/test_runner/test:1332:7)
    async Test.processPendingSubtests (node:internal/test_runner/test:911:7)
  ...
# C5 CLI root: {"event":"created","path":"C:\\\\Users\\\\b_a_s\\\\AppData\\\\Local\\\\Temp\\\\aiboard-git-policy-9eU5GF"}
# Subtest: Git policy refuses repository remote-helper transports selected by config
not ok 9 - Git policy refuses repository remote-helper transports selected by config
  ---
  duration_ms: 3.6699
  type: 'test'
  location: 'D:\\repos\\ai-discussion-board\\.worktrees\\runner-v2-robust-build\\runner-v2\\test\\git-execution-policy.test.ts:3:1212'
  failureType: 'testCodeFailure'
  error: |-
    The validation function is expected to return "true". Received false
    
    Caught error:
    
    GitCommandError: Git execution policy refused the command: Git command 'push' is outside the offline Runner Git policy.
  code: 'ERR_ASSERTION'
  name: 'AssertionError'
  stack: |-
    async rejectsPolicy (D:\repos\ai-discussion-board\.worktrees\runner-v2-robust-build\runner-v2\test\git-execution-policy.test.ts:22:3)
    async <anonymous> (D:\repos\ai-discussion-board\.worktrees\runner-v2-robust-build\runner-v2\test\git-execution-policy.test.ts:166:5)
    async withRepository (D:\repos\ai-discussion-board\.worktrees\runner-v2-robust-build\runner-v2\test\git-execution-policy.test.ts:13:16)
    async TestContext.<anonymous> (D:\repos\ai-discussion-board\.worktrees\runner-v2-robust-build\runner-v2\test\git-execution-policy.test.ts:161:3)
    async Test.run (node:internal/test_runner/test:1332:7)
    async Test.processPendingSubtests (node:internal/test_runner/test:911:7)
  ...
# C5 CLI root: {"event":"exit","path":"C:\\\\Users\\\\b_a_s\\\\AppData\\\\Local\\\\Temp\\\\aiboard-git-policy-yjY338","existsAtExit":false}
# C5 CLI root: {"event":"exit","path":"C:\\\\Users\\\\b_a_s\\\\AppData\\\\Local\\\\Temp\\\\aiboard-git-policy-ov9Vfc","existsAtExit":false}
# C5 CLI root: {"event":"exit","path":"C:\\\\Users\\\\b_a_s\\\\AppData\\\\Local\\\\Temp\\\\aiboard-git-policy-7oXiRn","existsAtExit":false}
# C5 CLI root: {"event":"exit","path":"C:\\\\Users\\\\b_a_s\\\\AppData\\\\Local\\\\Temp\\\\aiboard-git-policy-sAE0wL","existsAtExit":false}
# C5 CLI root: {"event":"exit","path":"C:\\\\Users\\\\b_a_s\\\\AppData\\\\Local\\\\Temp\\\\aiboard-git-policy-RV4orx","existsAtExit":false}
# C5 CLI root: {"event":"exit","path":"C:\\\\Users\\\\b_a_s\\\\AppData\\\\Local\\\\Temp\\\\aiboard-git-policy-3OPbNp","existsAtExit":false}
# C5 CLI root: {"event":"exit","path":"C:\\\\Users\\\\b_a_s\\\\AppData\\\\Local\\\\Temp\\\\aiboard-git-policy-DfJKez","existsAtExit":false}
# C5 CLI root: {"event":"exit","path":"C:\\\\Users\\\\b_a_s\\\\AppData\\\\Local\\\\Temp\\\\aiboard-git-policy-CBCqQn","existsAtExit":false}
# C5 CLI root: {"event":"exit","path":"C:\\\\Users\\\\b_a_s\\\\AppData\\\\Local\\\\Temp\\\\aiboard-git-policy-9eU5GF","existsAtExit":false}
1..9
# tests 9
# suites 0
# pass 0
# fail 9
# cancelled 0
# skipped 0
# todo 0
# duration_ms 289.5373
