TAP version 13
# C5 CLI root: {"event":"created","path":"C:\\\\Users\\\\b_a_s\\\\AppData\\\\Local\\\\Temp\\\\p683-job-replay-r8Yn2z"}
# Subtest: Windows Job output reservation survives host reopen without coalescing an accepted frame
ok 1 - Windows Job output reservation survives host reopen without coalescing an accepted frame
  ---
  duration_ms: 334.548
  type: 'test'
  ...
# exact synthetic Job replay fixture acquired: C:\\Users\\b_a_s\\AppData\\Local\\Temp\\p683-job-replay-r8Yn2z
# synthetic authenticated Job fixture closed and removed: C:\\Users\\b_a_s\\AppData\\Local\\Temp\\p683-job-replay-r8Yn2z
# C5 CLI root: {"event":"exit","path":"C:\\\\Users\\\\b_a_s\\\\AppData\\\\Local\\\\Temp\\\\p683-job-replay-r8Yn2z","existsAtExit":false}
1..1
# tests 1
# suites 0
# pass 1
# fail 0
# cancelled 0
# skipped 0
# todo 0
# duration_ms 576.3946
