Task11 RED root retained: C:\Users\b_a_s\AppData\Local\Temp\aiboard-task11-recovery-7owij5
✖ process recovery: routine state running cannot call a model or effect (37.4467ms)
ℹ tests 1
ℹ suites 0
ℹ pass 0
ℹ fail 1
ℹ cancelled 0
ℹ skipped 0
ℹ todo 0
ℹ duration_ms 340.3625

✖ failing tests:

test at runner-v2\test\process-recovery.test.ts:1:1541
✖ process recovery: routine state running cannot call a model or effect (37.4467ms)
  AssertionError [ERR_ASSERTION]: Missing expected rejection.
      at async <anonymous> (D:\repos\ai-discussion-board\.worktrees\runner-v2-robust-build\runner-v2\test\process-recovery.test.ts:48:5)
      at async TestContext.<anonymous> (D:\repos\ai-discussion-board\.worktrees\runner-v2-robust-build\runner-v2\test\process-recovery.test.ts:41:11)
      at async Test.run (node:internal/test_runner/test:1332:7)
      at async startSubtestAfterBootstrap (node:internal/test_runner/harness:385:3) {
    generatedMessage: false,
    code: 'ERR_ASSERTION',
    actual: undefined,
    expected: { code: 'routine_recovery_forbidden' },
    operator: 'rejects',
    diff: 'simple'
  }
