TAP version 13
# C5 CLI root: {"event":"created","path":"C:\\\\Users\\\\b_a_s\\\\AppData\\\\Local\\\\Temp\\\\aiboard-task11-recovery-jTnaJm"}
# C5 CLI root: {"event":"created","path":"C:\\\\Users\\\\b_a_s\\\\AppData\\\\Local\\\\Temp\\\\aiboard-task11-recovery-6PbIW1"}
# C5 CLI root: {"event":"created","path":"C:\\\\Users\\\\b_a_s\\\\AppData\\\\Local\\\\Temp\\\\aiboard-task11-recovery-VRvCjN"}
# C5 CLI root: {"event":"created","path":"C:\\\\Users\\\\b_a_s\\\\AppData\\\\Local\\\\Temp\\\\aiboard-task11-recovery-ZqxcYG"}
# C5 CLI root: {"event":"created","path":"C:\\\\Users\\\\b_a_s\\\\AppData\\\\Local\\\\Temp\\\\aiboard-task11-recovery-pfzoEw"}
# C5 CLI root: {"event":"created","path":"C:\\\\Users\\\\b_a_s\\\\AppData\\\\Local\\\\Temp\\\\aiboard-task11-recovery-EmbQ7h"}
# C5 CLI root: {"event":"created","path":"C:\\\\Users\\\\b_a_s\\\\AppData\\\\Local\\\\Temp\\\\aiboard-task11-recovery-W4ANbf"}
# C5 CLI root: {"event":"created","path":"C:\\\\Users\\\\b_a_s\\\\AppData\\\\Local\\\\Temp\\\\aiboard-task11-recovery-pfqGjU"}
# C5 CLI root: {"event":"created","path":"C:\\\\Users\\\\b_a_s\\\\AppData\\\\Local\\\\Temp\\\\aiboard-task11-recovery-bvJQWz"}
# C5 CLI root: {"event":"created","path":"C:\\\\Users\\\\b_a_s\\\\AppData\\\\Local\\\\Temp\\\\aiboard-task11-recovery-itGQ18"}
# C5 CLI root: {"event":"created","path":"C:\\\\Users\\\\b_a_s\\\\AppData\\\\Local\\\\Temp\\\\aiboard-task11-recovery-kbe1Hr"}
# C5 CLI root: {"event":"created","path":"C:\\\\Users\\\\b_a_s\\\\AppData\\\\Local\\\\Temp\\\\aiboard-task11-recovery-t9bsXm"}
# C5 CLI root: {"event":"created","path":"C:\\\\Users\\\\b_a_s\\\\AppData\\\\Local\\\\Temp\\\\aiboard-task11-recovery-IUl5ad"}
# C5 CLI root: {"event":"created","path":"C:\\\\Users\\\\b_a_s\\\\AppData\\\\Local\\\\Temp\\\\aiboard-task11-recovery-GTLOLI"}
# C5 CLI root: {"event":"created","path":"C:\\\\Users\\\\b_a_s\\\\AppData\\\\Local\\\\Temp\\\\aiboard-task11-recovery-ulxkNh"}
# C5 CLI root: {"event":"created","path":"C:\\\\Users\\\\b_a_s\\\\AppData\\\\Local\\\\Temp\\\\aiboard-task11-recovery-2NejiF"}
# C5 CLI root: {"event":"created","path":"C:\\\\Users\\\\b_a_s\\\\AppData\\\\Local\\\\Temp\\\\aiboard-task11-recovery-67lSit"}
# C5 CLI root: {"event":"created","path":"C:\\\\Users\\\\b_a_s\\\\AppData\\\\Local\\\\Temp\\\\aiboard-task11-recovery-wRZqlf"}
# C5 CLI root: {"event":"created","path":"C:\\\\Users\\\\b_a_s\\\\AppData\\\\Local\\\\Temp\\\\aiboard-task11-recovery-wp5Ji3"}
# C5 CLI root: {"event":"created","path":"C:\\\\Users\\\\b_a_s\\\\AppData\\\\Local\\\\Temp\\\\aiboard-task11-recovery-kRJRFB"}
# C5 CLI root: {"event":"created","path":"C:\\\\Users\\\\b_a_s\\\\AppData\\\\Local\\\\Temp\\\\aiboard-task11-recovery-Nb3hnc"}
# C5 CLI root: {"event":"created","path":"C:\\\\Users\\\\b_a_s\\\\AppData\\\\Local\\\\Temp\\\\aiboard-task11-recovery-YAI8qg"}
# C5 CLI root: {"event":"created","path":"C:\\\\Users\\\\b_a_s\\\\AppData\\\\Local\\\\Temp\\\\aiboard-task11-recovery-OIFQqG"}
# C5 CLI root: {"event":"created","path":"C:\\\\Users\\\\b_a_s\\\\AppData\\\\Local\\\\Temp\\\\aiboard-task11-recovery-zBNLvv"}
# C5 CLI root: {"event":"created","path":"C:\\\\Users\\\\b_a_s\\\\AppData\\\\Local\\\\Temp\\\\aiboard-task11-recovery-3wPL9U"}
# C5 CLI root: {"event":"created","path":"C:\\\\Users\\\\b_a_s\\\\AppData\\\\Local\\\\Temp\\\\aiboard-task11-recovery-klXmtP"}
# C5 CLI root: {"event":"created","path":"C:\\\\Users\\\\b_a_s\\\\AppData\\\\Local\\\\Temp\\\\aiboard-task11-recovery-f0vs8B"}
# C5 CLI root: {"event":"created","path":"C:\\\\Users\\\\b_a_s\\\\AppData\\\\Local\\\\Temp\\\\aiboard-task11-recovery-cuqmkP"}
# C5 CLI root: {"event":"created","path":"C:\\\\Users\\\\b_a_s\\\\AppData\\\\Local\\\\Temp\\\\aiboard-task11-recovery-ExgsLQ"}
# C5 CLI root: {"event":"created","path":"C:\\\\Users\\\\b_a_s\\\\AppData\\\\Local\\\\Temp\\\\aiboard-task11-recovery-eNyI04"}
# C5 CLI root: {"event":"created","path":"C:\\\\Users\\\\b_a_s\\\\AppData\\\\Local\\\\Temp\\\\aiboard-task11-recovery-p0483o"}
# C5 CLI root: {"event":"created","path":"C:\\\\Users\\\\b_a_s\\\\AppData\\\\Local\\\\Temp\\\\aiboard-task11-recovery-gOqZRR"}
# C5 CLI root: {"event":"created","path":"C:\\\\Users\\\\b_a_s\\\\AppData\\\\Local\\\\Temp\\\\aiboard-task11-recovery-DOjRIE"}
# C5 CLI root: {"event":"created","path":"C:\\\\Users\\\\b_a_s\\\\AppData\\\\Local\\\\Temp\\\\aiboard-task11-recovery-ZftjY7"}
# C5 CLI root: {"event":"created","path":"C:\\\\Users\\\\b_a_s\\\\AppData\\\\Local\\\\Temp\\\\aiboard-task11-recovery-p71wVj"}
# C5 CLI root: {"event":"created","path":"C:\\\\Users\\\\b_a_s\\\\AppData\\\\Local\\\\Temp\\\\aiboard-task11-recovery-Ckjx8X"}
# Task11 RED root retained: C:\\Users\\b_a_s\\AppData\\Local\\Temp\\aiboard-task11-recovery-Ckjx8X
# C5 CLI root: {"event":"created","path":"C:\\\\Users\\\\b_a_s\\\\AppData\\\\Local\\\\Temp\\\\aiboard-task11-recovery-dQmwKp"}
# C5 CLI root: {"event":"created","path":"C:\\\\Users\\\\b_a_s\\\\AppData\\\\Local\\\\Temp\\\\aiboard-task11-recovery-Sd9THD"}
# C5 CLI root: {"event":"created","path":"C:\\\\Users\\\\b_a_s\\\\AppData\\\\Local\\\\Temp\\\\aiboard-task11-recovery-YxkbQG"}
# C5 CLI root: {"event":"created","path":"C:\\\\Users\\\\b_a_s\\\\AppData\\\\Local\\\\Temp\\\\aiboard-task11-recovery-nQsIep"}
# Subtest: process recovery: routine state prepared cannot call a model or effect
ok 1 - process recovery: routine state prepared cannot call a model or effect
  ---
  duration_ms: 28.6258
  type: 'test'
  ...
# Subtest: process recovery: routine state launching cannot call a model or effect
ok 2 - process recovery: routine state launching cannot call a model or effect
  ---
  duration_ms: 18.8145
  type: 'test'
  ...
# Subtest: process recovery: routine state running cannot call a model or effect
ok 3 - process recovery: routine state running cannot call a model or effect
  ---
  duration_ms: 18.7452
  type: 'test'
  ...
# Subtest: process recovery: routine state stopping cannot call a model or effect
ok 4 - process recovery: routine state stopping cannot call a model or effect
  ---
  duration_ms: 20.0906
  type: 'test'
  ...
# Subtest: process recovery: routine state exited cannot call a model or effect
ok 5 - process recovery: routine state exited cannot call a model or effect
  ---
  duration_ms: 18.4614
  type: 'test'
  ...
# Subtest: process recovery: routine state verifying_empty cannot call a model or effect
ok 6 - process recovery: routine state verifying_empty cannot call a model or effect
  ---
  duration_ms: 19.0823
  type: 'test'
  ...
# Subtest: process recovery: routine state cleaned cannot call a model or effect
ok 7 - process recovery: routine state cleaned cannot call a model or effect
  ---
  duration_ms: 18.3515
  type: 'test'
  ...
# Subtest: process recovery: routine state cleanup_blocked cannot call a model or effect
ok 8 - process recovery: routine state cleanup_blocked cannot call a model or effect
  ---
  duration_ms: 18.5488
  type: 'test'
  ...
# Subtest: process recovery: exceptional orphaned accepts only a validated proposal
ok 9 - process recovery: exceptional orphaned accepts only a validated proposal
  ---
  duration_ms: 32.258
  type: 'test'
  ...
# Subtest: process recovery: exceptional identity_mismatch accepts only a validated proposal
ok 10 - process recovery: exceptional identity_mismatch accepts only a validated proposal
  ---
  duration_ms: 30.0578
  type: 'test'
  ...
# Subtest: process recovery: exceptional backend_unavailable accepts only a validated proposal
ok 11 - process recovery: exceptional backend_unavailable accepts only a validated proposal
  ---
  duration_ms: 27.0228
  type: 'test'
  ...
# Subtest: process recovery: exceptional outcome_unknown accepts only a validated proposal
ok 12 - process recovery: exceptional outcome_unknown accepts only a validated proposal
  ---
  duration_ms: 28.8911
  type: 'test'
  ...
# Subtest: process recovery: changed runId is rejected before execution
ok 13 - process recovery: changed runId is rejected before execution
  ---
  duration_ms: 18.4682
  type: 'test'
  ...
# Subtest: process recovery: changed taskId is rejected before execution
ok 14 - process recovery: changed taskId is rejected before execution
  ---
  duration_ms: 19.2831
  type: 'test'
  ...
# Subtest: process recovery: changed sessionId is rejected before execution
ok 15 - process recovery: changed sessionId is rejected before execution
  ---
  duration_ms: 18.4506
  type: 'test'
  ...
# Subtest: process recovery: changed invocationId is rejected before execution
ok 16 - process recovery: changed invocationId is rejected before execution
  ---
  duration_ms: 18.5817
  type: 'test'
  ...
# Subtest: process recovery: changed logicalProcessId is rejected before execution
ok 17 - process recovery: changed logicalProcessId is rejected before execution
  ---
  duration_ms: 18.28
  type: 'test'
  ...
# Subtest: process recovery: changed ownerId is rejected before execution
ok 18 - process recovery: changed ownerId is rejected before execution
  ---
  duration_ms: 19.1823
  type: 'test'
  ...
# Subtest: process recovery: changed revision is rejected before execution
ok 19 - process recovery: changed revision is rejected before execution
  ---
  duration_ms: 18.3666
  type: 'test'
  ...
# Subtest: process recovery: changed fencingToken is rejected before execution
ok 20 - process recovery: changed fencingToken is rejected before execution
  ---
  duration_ms: 18.7505
  type: 'test'
  ...
# Subtest: process recovery: changed backendIdentity is rejected before execution
ok 21 - process recovery: changed backendIdentity is rejected before execution
  ---
  duration_ms: 19.134
  type: 'test'
  ...
# Subtest: process recovery: changed birthFingerprint is rejected before execution
ok 22 - process recovery: changed birthFingerprint is rejected before execution
  ---
  duration_ms: 19.6255
  type: 'test'
  ...
# Subtest: process recovery: changed rootPid is rejected before execution
ok 23 - process recovery: changed rootPid is rejected before execution
  ---
  duration_ms: 18.9677
  type: 'test'
  ...
# Subtest: process recovery: same PID with recycled birth invalidates an authorized action
ok 24 - process recovery: same PID with recycled birth invalidates an authorized action
  ---
  duration_ms: 24.8013
  type: 'test'
  ...
# Subtest: process recovery: destructive action pauses and binds exact local-user approval
ok 25 - process recovery: destructive action pauses and binds exact local-user approval
  ---
  duration_ms: 33.3643
  type: 'test'
  ...
# Subtest: process recovery: rejects expired authority
ok 26 - process recovery: rejects expired authority
  ---
  duration_ms: 19.5932
  type: 'test'
  ...
# Subtest: process recovery: rejects scope authority
ok 27 - process recovery: rejects scope authority
  ---
  duration_ms: 19.2839
  type: 'test'
  ...
# Subtest: process recovery: rejects call authority
ok 28 - process recovery: rejects call authority
  ---
  duration_ms: 18.2958
  type: 'test'
  ...
# Subtest: process recovery: rejects shell authority
ok 29 - process recovery: rejects shell authority
  ---
  duration_ms: 18.3981
  type: 'test'
  ...
# Subtest: process recovery: rejects capability authority
ok 30 - process recovery: rejects capability authority
  ---
  duration_ms: 18.4219
  type: 'test'
  ...
# Subtest: process recovery: rejects ownership authority
ok 31 - process recovery: rejects ownership authority
  ---
  duration_ms: 18.9027
  type: 'test'
  ...
# Subtest: process recovery: rejects identity authority
ok 32 - process recovery: rejects identity authority
  ---
  duration_ms: 18.0238
  type: 'test'
  ...
# Subtest: process recovery: rejects pending authority
ok 33 - process recovery: rejects pending authority
  ---
  duration_ms: 18.6345
  type: 'test'
  ...
# Subtest: process recovery: durable replay executes at most once and stores no raw model secrets
ok 34 - process recovery: durable replay executes at most once and stores no raw model secrets
  ---
  duration_ms: 29.2184
  type: 'test'
  ...
# Subtest: process recovery: a terminate whose cleanup stays pending is never reported as executed
ok 35 - process recovery: a terminate whose cleanup stays pending is never reported as executed
  ---
  duration_ms: 30.9382
  type: 'test'
  ...
# Subtest: process recovery: a process with no durable backend identity refuses every action
not ok 36 - process recovery: a process with no durable backend identity refuses every action
  ---
  duration_ms: 18.5391
  type: 'test'
  location: 'D:\\repos\\ai-discussion-board\\.worktrees\\runner-v2-robust-build\\runner-v2\\test\\process-recovery.test.ts:1:1328'
  failureType: 'testCodeFailure'
  error: 'Recovery proposal is not a supported closed command.'
  code: 'invalid_recovery_proposal'
  name: 'ProcessRecoveryError'
  stack: |-
    invalid (D:\repos\ai-discussion-board\.worktrees\runner-v2-robust-build\runner-v2\src\process-recovery-contracts.ts:153:35)
    text (D:\repos\ai-discussion-board\.worktrees\runner-v2-robust-build\runner-v2\src\process-recovery-contracts.ts:155:106)
    parseRecoveryScope (D:\repos\ai-discussion-board\.worktrees\runner-v2-robust-build\runner-v2\src\process-recovery-contracts.ts:70:125)
    recoveryScope (D:\repos\ai-discussion-board\.worktrees\runner-v2-robust-build\runner-v2\src\process-recovery-contracts.ts:58:79)
    proposal (D:\repos\ai-discussion-board\.worktrees\runner-v2-robust-build\runner-v2\test\process-recovery.test.ts:19:73)
    assert.rejects.code (D:\repos\ai-discussion-board\.worktrees\runner-v2-robust-build\runner-v2\test\process-recovery.test.ts:119:48)
    waitForActual (node:assert:632:21)
    strict.rejects (node:assert:769:31)
    <anonymous> (D:\repos\ai-discussion-board\.worktrees\runner-v2-robust-build\runner-v2\test\process-recovery.test.ts:119:16)
    TestContext.<anonymous> (D:\repos\ai-discussion-board\.worktrees\runner-v2-robust-build\runner-v2\test\process-recovery.test.ts:38:17)
  ...
# Subtest: process recovery: a failing generator yields a typed refusal and no durable record
ok 37 - process recovery: a failing generator yields a typed refusal and no durable record
  ---
  duration_ms: 18.1494
  type: 'test'
  ...
# Subtest: process recovery: a generator may not widen or retarget the validated scope
ok 38 - process recovery: a generator may not widen or retarget the validated scope
  ---
  duration_ms: 19.1013
  type: 'test'
  ...
# Subtest: process recovery: concurrent execution requests share one durable claim
ok 39 - process recovery: concurrent execution requests share one durable claim
  ---
  duration_ms: 27.5263
  type: 'test'
  ...
# Subtest: process recovery: an in-flight claim observed after restart becomes outcome_unknown and never replays
ok 40 - process recovery: an in-flight claim observed after restart becomes outcome_unknown and never replays
  ---
  duration_ms: 29.6402
  type: 'test'
  ...
# C5 CLI root: {"event":"exit","path":"C:\\\\Users\\\\b_a_s\\\\AppData\\\\Local\\\\Temp\\\\aiboard-task11-recovery-jTnaJm","existsAtExit":false}
# C5 CLI root: {"event":"exit","path":"C:\\\\Users\\\\b_a_s\\\\AppData\\\\Local\\\\Temp\\\\aiboard-task11-recovery-6PbIW1","existsAtExit":false}
# C5 CLI root: {"event":"exit","path":"C:\\\\Users\\\\b_a_s\\\\AppData\\\\Local\\\\Temp\\\\aiboard-task11-recovery-VRvCjN","existsAtExit":false}
# C5 CLI root: {"event":"exit","path":"C:\\\\Users\\\\b_a_s\\\\AppData\\\\Local\\\\Temp\\\\aiboard-task11-recovery-ZqxcYG","existsAtExit":false}
# C5 CLI root: {"event":"exit","path":"C:\\\\Users\\\\b_a_s\\\\AppData\\\\Local\\\\Temp\\\\aiboard-task11-recovery-pfzoEw","existsAtExit":false}
# C5 CLI root: {"event":"exit","path":"C:\\\\Users\\\\b_a_s\\\\AppData\\\\Local\\\\Temp\\\\aiboard-task11-recovery-EmbQ7h","existsAtExit":false}
# C5 CLI root: {"event":"exit","path":"C:\\\\Users\\\\b_a_s\\\\AppData\\\\Local\\\\Temp\\\\aiboard-task11-recovery-W4ANbf","existsAtExit":false}
# C5 CLI root: {"event":"exit","path":"C:\\\\Users\\\\b_a_s\\\\AppData\\\\Local\\\\Temp\\\\aiboard-task11-recovery-pfqGjU","existsAtExit":false}
# C5 CLI root: {"event":"exit","path":"C:\\\\Users\\\\b_a_s\\\\AppData\\\\Local\\\\Temp\\\\aiboard-task11-recovery-bvJQWz","existsAtExit":false}
# C5 CLI root: {"event":"exit","path":"C:\\\\Users\\\\b_a_s\\\\AppData\\\\Local\\\\Temp\\\\aiboard-task11-recovery-itGQ18","existsAtExit":false}
# C5 CLI root: {"event":"exit","path":"C:\\\\Users\\\\b_a_s\\\\AppData\\\\Local\\\\Temp\\\\aiboard-task11-recovery-kbe1Hr","existsAtExit":false}
# C5 CLI root: {"event":"exit","path":"C:\\\\Users\\\\b_a_s\\\\AppData\\\\Local\\\\Temp\\\\aiboard-task11-recovery-t9bsXm","existsAtExit":false}
# C5 CLI root: {"event":"exit","path":"C:\\\\Users\\\\b_a_s\\\\AppData\\\\Local\\\\Temp\\\\aiboard-task11-recovery-IUl5ad","existsAtExit":false}
# C5 CLI root: {"event":"exit","path":"C:\\\\Users\\\\b_a_s\\\\AppData\\\\Local\\\\Temp\\\\aiboard-task11-recovery-GTLOLI","existsAtExit":false}
# C5 CLI root: {"event":"exit","path":"C:\\\\Users\\\\b_a_s\\\\AppData\\\\Local\\\\Temp\\\\aiboard-task11-recovery-ulxkNh","existsAtExit":false}
# C5 CLI root: {"event":"exit","path":"C:\\\\Users\\\\b_a_s\\\\AppData\\\\Local\\\\Temp\\\\aiboard-task11-recovery-2NejiF","existsAtExit":false}
# C5 CLI root: {"event":"exit","path":"C:\\\\Users\\\\b_a_s\\\\AppData\\\\Local\\\\Temp\\\\aiboard-task11-recovery-67lSit","existsAtExit":false}
# C5 CLI root: {"event":"exit","path":"C:\\\\Users\\\\b_a_s\\\\AppData\\\\Local\\\\Temp\\\\aiboard-task11-recovery-wRZqlf","existsAtExit":false}
# C5 CLI root: {"event":"exit","path":"C:\\\\Users\\\\b_a_s\\\\AppData\\\\Local\\\\Temp\\\\aiboard-task11-recovery-wp5Ji3","existsAtExit":false}
# C5 CLI root: {"event":"exit","path":"C:\\\\Users\\\\b_a_s\\\\AppData\\\\Local\\\\Temp\\\\aiboard-task11-recovery-kRJRFB","existsAtExit":false}
# C5 CLI root: {"event":"exit","path":"C:\\\\Users\\\\b_a_s\\\\AppData\\\\Local\\\\Temp\\\\aiboard-task11-recovery-Nb3hnc","existsAtExit":false}
# C5 CLI root: {"event":"exit","path":"C:\\\\Users\\\\b_a_s\\\\AppData\\\\Local\\\\Temp\\\\aiboard-task11-recovery-YAI8qg","existsAtExit":false}
# C5 CLI root: {"event":"exit","path":"C:\\\\Users\\\\b_a_s\\\\AppData\\\\Local\\\\Temp\\\\aiboard-task11-recovery-OIFQqG","existsAtExit":false}
# C5 CLI root: {"event":"exit","path":"C:\\\\Users\\\\b_a_s\\\\AppData\\\\Local\\\\Temp\\\\aiboard-task11-recovery-zBNLvv","existsAtExit":false}
# C5 CLI root: {"event":"exit","path":"C:\\\\Users\\\\b_a_s\\\\AppData\\\\Local\\\\Temp\\\\aiboard-task11-recovery-3wPL9U","existsAtExit":false}
# C5 CLI root: {"event":"exit","path":"C:\\\\Users\\\\b_a_s\\\\AppData\\\\Local\\\\Temp\\\\aiboard-task11-recovery-klXmtP","existsAtExit":false}
# C5 CLI root: {"event":"exit","path":"C:\\\\Users\\\\b_a_s\\\\AppData\\\\Local\\\\Temp\\\\aiboard-task11-recovery-f0vs8B","existsAtExit":false}
# C5 CLI root: {"event":"exit","path":"C:\\\\Users\\\\b_a_s\\\\AppData\\\\Local\\\\Temp\\\\aiboard-task11-recovery-cuqmkP","existsAtExit":false}
# C5 CLI root: {"event":"exit","path":"C:\\\\Users\\\\b_a_s\\\\AppData\\\\Local\\\\Temp\\\\aiboard-task11-recovery-ExgsLQ","existsAtExit":false}
# C5 CLI root: {"event":"exit","path":"C:\\\\Users\\\\b_a_s\\\\AppData\\\\Local\\\\Temp\\\\aiboard-task11-recovery-eNyI04","existsAtExit":false}
# C5 CLI root: {"event":"exit","path":"C:\\\\Users\\\\b_a_s\\\\AppData\\\\Local\\\\Temp\\\\aiboard-task11-recovery-p0483o","existsAtExit":false}
# C5 CLI root: {"event":"exit","path":"C:\\\\Users\\\\b_a_s\\\\AppData\\\\Local\\\\Temp\\\\aiboard-task11-recovery-gOqZRR","existsAtExit":false}
# C5 CLI root: {"event":"exit","path":"C:\\\\Users\\\\b_a_s\\\\AppData\\\\Local\\\\Temp\\\\aiboard-task11-recovery-DOjRIE","existsAtExit":false}
# C5 CLI root: {"event":"exit","path":"C:\\\\Users\\\\b_a_s\\\\AppData\\\\Local\\\\Temp\\\\aiboard-task11-recovery-ZftjY7","existsAtExit":false}
# C5 CLI root: {"event":"exit","path":"C:\\\\Users\\\\b_a_s\\\\AppData\\\\Local\\\\Temp\\\\aiboard-task11-recovery-p71wVj","existsAtExit":false}
# C5 CLI root: {"event":"exit","path":"C:\\\\Users\\\\b_a_s\\\\AppData\\\\Local\\\\Temp\\\\aiboard-task11-recovery-Ckjx8X","existsAtExit":true}
# C5 CLI root: {"event":"exit","path":"C:\\\\Users\\\\b_a_s\\\\AppData\\\\Local\\\\Temp\\\\aiboard-task11-recovery-dQmwKp","existsAtExit":false}
# C5 CLI root: {"event":"exit","path":"C:\\\\Users\\\\b_a_s\\\\AppData\\\\Local\\\\Temp\\\\aiboard-task11-recovery-Sd9THD","existsAtExit":false}
# C5 CLI root: {"event":"exit","path":"C:\\\\Users\\\\b_a_s\\\\AppData\\\\Local\\\\Temp\\\\aiboard-task11-recovery-YxkbQG","existsAtExit":false}
# C5 CLI root: {"event":"exit","path":"C:\\\\Users\\\\b_a_s\\\\AppData\\\\Local\\\\Temp\\\\aiboard-task11-recovery-nQsIep","existsAtExit":false}
1..40
# tests 40
# suites 0
# pass 39
# fail 1
# cancelled 0
# skipped 0
# todo 0
# duration_ms 1175.7487
