TAP version 13
# C5 CLI root: {"event":"created","path":"C:\\\\Users\\\\b_a_s\\\\AppData\\\\Local\\\\Temp\\\\aiboard-task9-external-diff-NBbdQr"}
# C5 CLI root: {"event":"created","path":"C:\\\\Users\\\\b_a_s\\\\AppData\\\\Local\\\\Temp\\\\aiboard-task9-external-diff-NBbdQr"}
# C5 CLI root: {"event":"created","path":"C:\\\\Users\\\\b_a_s\\\\AppData\\\\Local\\\\Temp\\\\aiboard-windows-semantic-duplex-2ieft2"}
# C5 CLI root: {"event":"created","path":"C:\\\\Users\\\\b_a_s\\\\AppData\\\\Local\\\\Temp\\\\aiboard-windows-semantic-batch-12NnAk"}
# C5 CLI root: {"event":"created","path":"C:\\\\Users\\\\b_a_s\\\\AppData\\\\Local\\\\Temp\\\\aiboard-windows-semantic-tree-Tw0tpR"}
# Subtest: Task 9 refuses repository external diff before diff can launch it
not ok 1 - Task 9 refuses repository external diff before diff can launch it
  ---
  duration_ms: 12596.2936
  type: 'test'
  location: 'D:\\repos\\ai-discussion-board\\.worktrees\\runner-v2-robust-build\\runner-v2\\test\\git-indirect-execution-policy.test.ts:3:5364'
  failureType: 'testCodeFailure'
  error: |-
    The validation function is expected to return "true". Received false
    
    Caught error:
    
    GitCommandError: git diff -- tracked.txt failed with exit code 128: fatal: external diff died, stopping at tracked.txt
  code: 'ERR_ASSERTION'
  name: 'AssertionError'
  stack: |-
    process.processTicksAndRejections (node:internal/process/task_queues:104:5)
    async expectPolicyRefused (D:\repos\ai-discussion-board\.worktrees\runner-v2-robust-build\runner-v2\test\git-indirect-execution-policy.test.ts:106:3)
    async <anonymous> (D:\repos\ai-discussion-board\.worktrees\runner-v2-robust-build\runner-v2\test\git-indirect-execution-policy.test.ts:269:5)
    async withProductionGit (D:\repos\ai-discussion-board\.worktrees\runner-v2-robust-build\runner-v2\test\git-indirect-execution-policy.test.ts:48:5)
    async TestContext.<anonymous> (D:\repos\ai-discussion-board\.worktrees\runner-v2-robust-build\runner-v2\test\git-indirect-execution-policy.test.ts:265:3)
    async Test.run (node:internal/test_runner/test:1332:7)
    async startSubtestAfterBootstrap (node:internal/test_runner/harness:385:3)
  ...
# C5 CLI root: {"event":"exit","path":"C:\\\\Users\\\\b_a_s\\\\AppData\\\\Local\\\\Temp\\\\aiboard-task9-external-diff-NBbdQr","existsAtExit":true}
# C5 CLI root: {"event":"exit","path":"C:\\\\Users\\\\b_a_s\\\\AppData\\\\Local\\\\Temp\\\\aiboard-windows-semantic-duplex-2ieft2","existsAtExit":false}
# C5 CLI root: {"event":"exit","path":"C:\\\\Users\\\\b_a_s\\\\AppData\\\\Local\\\\Temp\\\\aiboard-windows-semantic-batch-12NnAk","existsAtExit":false}
# C5 CLI root: {"event":"exit","path":"C:\\\\Users\\\\b_a_s\\\\AppData\\\\Local\\\\Temp\\\\aiboard-windows-semantic-tree-Tw0tpR","existsAtExit":false}
1..1
# tests 1
# suites 0
# pass 0
# fail 1
# cancelled 0
# skipped 0
# todo 0
# duration_ms 13765.4904
