TAP version 13
# Subtest: ordinary process lifecycle has no model invocation dependency
ok 1 - ordinary process lifecycle has no model invocation dependency
  ---
  duration_ms: 2.8166
  type: 'test'
  ...
# Subtest: only exceptional recovery composition can construct the proposal model generator
not ok 2 - only exceptional recovery composition can construct the proposal model generator
  ---
  duration_ms: 17.2885
  type: 'test'
  location: 'D:\\repos\\ai-discussion-board\\.worktrees\\runner-v2-robust-build\\runner-v2\\test\\process-recovery-model-free.test.ts:1:1188'
  failureType: 'testCodeFailure'
  error: 'The "suffix" argument must be of type string. Received type number (0)'
  code: 'ERR_INVALID_ARG_TYPE'
  name: 'TypeError'
  stack: |-
    basename (node:path:901:7)
    Array.map (<anonymous>)
    TestContext.<anonymous> (D:\repos\ai-discussion-board\.worktrees\runner-v2-robust-build\runner-v2\test\process-recovery-model-free.test.ts:39:6)
    Test.runInAsyncScope (node:async_hooks:227:14)
    Test.run (node:internal/test_runner/test:1325:25)
    Test.processPendingSubtests (node:internal/test_runner/test:911:18)
    Test.postRun (node:internal/test_runner/test:1465:19)
    Test.run (node:internal/test_runner/test:1390:12)
    async startSubtestAfterBootstrap (node:internal/test_runner/harness:385:3)
  ...
# Subtest: ordinary execution host never dispatches exceptional recovery implicitly
ok 3 - ordinary execution host never dispatches exceptional recovery implicitly
  ---
  duration_ms: 0.6886
  type: 'test'
  ...
1..3
# tests 3
# suites 0
# pass 2
# fail 1
# cancelled 0
# skipped 0
# todo 0
# duration_ms 288.1776
