TAP version 13
# Subtest: C2 round7 live cleanup takes over accepted output before ACK-gated quiescence
not ok 1 - C2 round7 live cleanup takes over accepted output before ACK-gated quiescence
  ---
  duration_ms: 2045.3226
  type: 'test'
  location: 'D:\\repos\\ai-discussion-board\\.worktrees\\runner-v2-robust-build\\runner-v2\\test\\streaming-process-session-runtime.test.ts:1:20569'
  failureType: 'testCodeFailure'
  error: |-
    cleanup installs and later removes its evidence-only subscription
    
    false !== true
    
  code: 'ERR_ASSERTION'
  name: 'AssertionError'
  expected: true
  actual: false
  operator: 'strictEqual'
  stack: |-
    TestContext.<anonymous> (D:\repos\ai-discussion-board\.worktrees\runner-v2-robust-build\runner-v2\test\streaming-process-session-runtime.test.ts:309:10)
    async Test.run (node:internal/test_runner/test:1332:7)
    async startSubtestAfterBootstrap (node:internal/test_runner/harness:385:3)
  ...
1..1
# tests 1
# suites 0
# pass 0
# fail 1
# cancelled 0
# skipped 0
# todo 0
# duration_ms 2340.9179
