TAP version 13
# C5 CLI root: {"event":"created","path":"C:\\\\Users\\\\b_a_s\\\\AppData\\\\Local\\\\Temp\\\\aiboard-task11-recovery-NlDEJY"}
# C5 CLI root: {"event":"created","path":"C:\\\\Users\\\\b_a_s\\\\AppData\\\\Local\\\\Temp\\\\aiboard-task11-recovery-NTqv3C"}
# C5 CLI root: {"event":"created","path":"C:\\\\Users\\\\b_a_s\\\\AppData\\\\Local\\\\Temp\\\\aiboard-task11-recovery-fPEbYs"}
# C5 CLI root: {"event":"created","path":"C:\\\\Users\\\\b_a_s\\\\AppData\\\\Local\\\\Temp\\\\aiboard-task11-recovery-jeeiSD"}
# C5 CLI root: {"event":"created","path":"C:\\\\Users\\\\b_a_s\\\\AppData\\\\Local\\\\Temp\\\\aiboard-task11-recovery-IqXVRf"}
# C5 CLI root: {"event":"created","path":"C:\\\\Users\\\\b_a_s\\\\AppData\\\\Local\\\\Temp\\\\aiboard-task11-recovery-28id7m"}
# C5 CLI root: {"event":"created","path":"C:\\\\Users\\\\b_a_s\\\\AppData\\\\Local\\\\Temp\\\\aiboard-task11-recovery-o2j9MT"}
# C5 CLI root: {"event":"created","path":"C:\\\\Users\\\\b_a_s\\\\AppData\\\\Local\\\\Temp\\\\aiboard-task11-recovery-zqrmwA"}
# C5 CLI root: {"event":"created","path":"C:\\\\Users\\\\b_a_s\\\\AppData\\\\Local\\\\Temp\\\\aiboard-task11-recovery-uRSF2Z"}
# Task11 RED root retained: C:\\Users\\b_a_s\\AppData\\Local\\Temp\\aiboard-task11-recovery-uRSF2Z
# C5 CLI root: {"event":"created","path":"C:\\\\Users\\\\b_a_s\\\\AppData\\\\Local\\\\Temp\\\\aiboard-task11-recovery-4lm5yF"}
# Task11 RED root retained: C:\\Users\\b_a_s\\AppData\\Local\\Temp\\aiboard-task11-recovery-4lm5yF
# C5 CLI root: {"event":"created","path":"C:\\\\Users\\\\b_a_s\\\\AppData\\\\Local\\\\Temp\\\\aiboard-task11-recovery-N8wXVd"}
# Task11 RED root retained: C:\\Users\\b_a_s\\AppData\\Local\\Temp\\aiboard-task11-recovery-N8wXVd
# C5 CLI root: {"event":"created","path":"C:\\\\Users\\\\b_a_s\\\\AppData\\\\Local\\\\Temp\\\\aiboard-task11-recovery-0Sp42Y"}
# Task11 RED root retained: C:\\Users\\b_a_s\\AppData\\Local\\Temp\\aiboard-task11-recovery-0Sp42Y
# C5 CLI root: {"event":"created","path":"C:\\\\Users\\\\b_a_s\\\\AppData\\\\Local\\\\Temp\\\\aiboard-task11-recovery-w3tIVu"}
# C5 CLI root: {"event":"created","path":"C:\\\\Users\\\\b_a_s\\\\AppData\\\\Local\\\\Temp\\\\aiboard-task11-recovery-Z0Lb5T"}
# C5 CLI root: {"event":"created","path":"C:\\\\Users\\\\b_a_s\\\\AppData\\\\Local\\\\Temp\\\\aiboard-task11-recovery-AfKzyp"}
# C5 CLI root: {"event":"created","path":"C:\\\\Users\\\\b_a_s\\\\AppData\\\\Local\\\\Temp\\\\aiboard-task11-recovery-Ywbmi9"}
# C5 CLI root: {"event":"created","path":"C:\\\\Users\\\\b_a_s\\\\AppData\\\\Local\\\\Temp\\\\aiboard-task11-recovery-JvMxLC"}
# C5 CLI root: {"event":"created","path":"C:\\\\Users\\\\b_a_s\\\\AppData\\\\Local\\\\Temp\\\\aiboard-task11-recovery-hWH1Fr"}
# C5 CLI root: {"event":"created","path":"C:\\\\Users\\\\b_a_s\\\\AppData\\\\Local\\\\Temp\\\\aiboard-task11-recovery-A04vnn"}
# C5 CLI root: {"event":"created","path":"C:\\\\Users\\\\b_a_s\\\\AppData\\\\Local\\\\Temp\\\\aiboard-task11-recovery-rfzxxw"}
# C5 CLI root: {"event":"created","path":"C:\\\\Users\\\\b_a_s\\\\AppData\\\\Local\\\\Temp\\\\aiboard-task11-recovery-vq1Odt"}
# C5 CLI root: {"event":"created","path":"C:\\\\Users\\\\b_a_s\\\\AppData\\\\Local\\\\Temp\\\\aiboard-task11-recovery-Wk3mQT"}
# C5 CLI root: {"event":"created","path":"C:\\\\Users\\\\b_a_s\\\\AppData\\\\Local\\\\Temp\\\\aiboard-task11-recovery-TWpLjS"}
# C5 CLI root: {"event":"created","path":"C:\\\\Users\\\\b_a_s\\\\AppData\\\\Local\\\\Temp\\\\aiboard-task11-recovery-Qc9CAa"}
# Task11 RED root retained: C:\\Users\\b_a_s\\AppData\\Local\\Temp\\aiboard-task11-recovery-Qc9CAa
# C5 CLI root: {"event":"created","path":"C:\\\\Users\\\\b_a_s\\\\AppData\\\\Local\\\\Temp\\\\aiboard-task11-recovery-9rebRY"}
# Task11 RED root retained: C:\\Users\\b_a_s\\AppData\\Local\\Temp\\aiboard-task11-recovery-9rebRY
# C5 CLI root: {"event":"created","path":"C:\\\\Users\\\\b_a_s\\\\AppData\\\\Local\\\\Temp\\\\aiboard-task11-recovery-MXm3aj"}
# C5 CLI root: {"event":"created","path":"C:\\\\Users\\\\b_a_s\\\\AppData\\\\Local\\\\Temp\\\\aiboard-task11-recovery-8fpYjO"}
# C5 CLI root: {"event":"created","path":"C:\\\\Users\\\\b_a_s\\\\AppData\\\\Local\\\\Temp\\\\aiboard-task11-recovery-7QOlyi"}
# C5 CLI root: {"event":"created","path":"C:\\\\Users\\\\b_a_s\\\\AppData\\\\Local\\\\Temp\\\\aiboard-task11-recovery-hBoJRB"}
# C5 CLI root: {"event":"created","path":"C:\\\\Users\\\\b_a_s\\\\AppData\\\\Local\\\\Temp\\\\aiboard-task11-recovery-j4Bufo"}
# C5 CLI root: {"event":"created","path":"C:\\\\Users\\\\b_a_s\\\\AppData\\\\Local\\\\Temp\\\\aiboard-task11-recovery-p4Xkjo"}
# C5 CLI root: {"event":"created","path":"C:\\\\Users\\\\b_a_s\\\\AppData\\\\Local\\\\Temp\\\\aiboard-task11-recovery-3ESSIO"}
# C5 CLI root: {"event":"created","path":"C:\\\\Users\\\\b_a_s\\\\AppData\\\\Local\\\\Temp\\\\aiboard-task11-recovery-hvB1x1"}
# C5 CLI root: {"event":"created","path":"C:\\\\Users\\\\b_a_s\\\\AppData\\\\Local\\\\Temp\\\\aiboard-task11-recovery-U6RH8q"}
# Task11 RED root retained: C:\\Users\\b_a_s\\AppData\\Local\\Temp\\aiboard-task11-recovery-U6RH8q
# Subtest: process recovery: routine state prepared cannot call a model or effect
ok 1 - process recovery: routine state prepared cannot call a model or effect
  ---
  duration_ms: 30.6271
  type: 'test'
  ...
# Subtest: process recovery: routine state launching cannot call a model or effect
ok 2 - process recovery: routine state launching cannot call a model or effect
  ---
  duration_ms: 19.6397
  type: 'test'
  ...
# Subtest: process recovery: routine state running cannot call a model or effect
ok 3 - process recovery: routine state running cannot call a model or effect
  ---
  duration_ms: 20.6103
  type: 'test'
  ...
# Subtest: process recovery: routine state stopping cannot call a model or effect
ok 4 - process recovery: routine state stopping cannot call a model or effect
  ---
  duration_ms: 19.8055
  type: 'test'
  ...
# Subtest: process recovery: routine state exited cannot call a model or effect
ok 5 - process recovery: routine state exited cannot call a model or effect
  ---
  duration_ms: 18.4508
  type: 'test'
  ...
# Subtest: process recovery: routine state verifying_empty cannot call a model or effect
ok 6 - process recovery: routine state verifying_empty cannot call a model or effect
  ---
  duration_ms: 19.2325
  type: 'test'
  ...
# Subtest: process recovery: routine state cleaned cannot call a model or effect
ok 7 - process recovery: routine state cleaned cannot call a model or effect
  ---
  duration_ms: 19.0154
  type: 'test'
  ...
# Subtest: process recovery: routine state cleanup_blocked cannot call a model or effect
ok 8 - process recovery: routine state cleanup_blocked cannot call a model or effect
  ---
  duration_ms: 19.4449
  type: 'test'
  ...
# Subtest: process recovery: exceptional orphaned accepts only a validated proposal
not ok 9 - process recovery: exceptional orphaned accepts only a validated proposal
  ---
  duration_ms: 20.8471
  type: 'test'
  location: 'D:\\repos\\ai-discussion-board\\.worktrees\\runner-v2-robust-build\\runner-v2\\test\\process-recovery.test.ts:1:1328'
  failureType: 'testCodeFailure'
  error: 'Recovery proposal does not exist for this run.'
  code: 'recovery_not_found'
  name: 'ProcessRecoveryError'
  stack: |-
    ProcessRecoveryController.require (D:\repos\ai-discussion-board\.worktrees\runner-v2-robust-build\runner-v2\src\process-recovery.ts:154:62)
    ProcessRecoveryController.append (D:\repos\ai-discussion-board\.worktrees\runner-v2-robust-build\runner-v2\src\process-recovery.ts:162:17)
    ProcessRecoveryController.submit (D:\repos\ai-discussion-board\.worktrees\runner-v2-robust-build\runner-v2\src\process-recovery.ts:44:10)
    <anonymous> (D:\repos\ai-discussion-board\.worktrees\runner-v2-robust-build\runner-v2\test\process-recovery.test.ts:47:63)
    TestContext.<anonymous> (D:\repos\ai-discussion-board\.worktrees\runner-v2-robust-build\runner-v2\test\process-recovery.test.ts:34:17)
    Test.runInAsyncScope (node:async_hooks:227:14)
    Test.run (node:internal/test_runner/test:1325:25)
    Test.processPendingSubtests (node:internal/test_runner/test:911:18)
    Test.postRun (node:internal/test_runner/test:1465:19)
    Test.run (node:internal/test_runner/test:1390:12)
  ...
# Subtest: process recovery: exceptional identity_mismatch accepts only a validated proposal
not ok 10 - process recovery: exceptional identity_mismatch accepts only a validated proposal
  ---
  duration_ms: 20.7521
  type: 'test'
  location: 'D:\\repos\\ai-discussion-board\\.worktrees\\runner-v2-robust-build\\runner-v2\\test\\process-recovery.test.ts:1:1328'
  failureType: 'testCodeFailure'
  error: 'Recovery proposal does not exist for this run.'
  code: 'recovery_not_found'
  name: 'ProcessRecoveryError'
  stack: |-
    ProcessRecoveryController.require (D:\repos\ai-discussion-board\.worktrees\runner-v2-robust-build\runner-v2\src\process-recovery.ts:154:62)
    ProcessRecoveryController.append (D:\repos\ai-discussion-board\.worktrees\runner-v2-robust-build\runner-v2\src\process-recovery.ts:162:17)
    ProcessRecoveryController.submit (D:\repos\ai-discussion-board\.worktrees\runner-v2-robust-build\runner-v2\src\process-recovery.ts:44:10)
    <anonymous> (D:\repos\ai-discussion-board\.worktrees\runner-v2-robust-build\runner-v2\test\process-recovery.test.ts:47:63)
    TestContext.<anonymous> (D:\repos\ai-discussion-board\.worktrees\runner-v2-robust-build\runner-v2\test\process-recovery.test.ts:34:17)
    Test.runInAsyncScope (node:async_hooks:227:14)
    Test.run (node:internal/test_runner/test:1325:25)
    Test.processPendingSubtests (node:internal/test_runner/test:911:18)
    Test.postRun (node:internal/test_runner/test:1465:19)
    Test.run (node:internal/test_runner/test:1390:12)
  ...
# Subtest: process recovery: exceptional backend_unavailable accepts only a validated proposal
not ok 11 - process recovery: exceptional backend_unavailable accepts only a validated proposal
  ---
  duration_ms: 20.1275
  type: 'test'
  location: 'D:\\repos\\ai-discussion-board\\.worktrees\\runner-v2-robust-build\\runner-v2\\test\\process-recovery.test.ts:1:1328'
  failureType: 'testCodeFailure'
  error: 'Recovery proposal does not exist for this run.'
  code: 'recovery_not_found'
  name: 'ProcessRecoveryError'
  stack: |-
    ProcessRecoveryController.require (D:\repos\ai-discussion-board\.worktrees\runner-v2-robust-build\runner-v2\src\process-recovery.ts:154:62)
    ProcessRecoveryController.append (D:\repos\ai-discussion-board\.worktrees\runner-v2-robust-build\runner-v2\src\process-recovery.ts:162:17)
    ProcessRecoveryController.submit (D:\repos\ai-discussion-board\.worktrees\runner-v2-robust-build\runner-v2\src\process-recovery.ts:44:10)
    <anonymous> (D:\repos\ai-discussion-board\.worktrees\runner-v2-robust-build\runner-v2\test\process-recovery.test.ts:47:63)
    TestContext.<anonymous> (D:\repos\ai-discussion-board\.worktrees\runner-v2-robust-build\runner-v2\test\process-recovery.test.ts:34:17)
    Test.runInAsyncScope (node:async_hooks:227:14)
    Test.run (node:internal/test_runner/test:1325:25)
    Test.processPendingSubtests (node:internal/test_runner/test:911:18)
    Test.postRun (node:internal/test_runner/test:1465:19)
    Test.run (node:internal/test_runner/test:1390:12)
  ...
# Subtest: process recovery: exceptional outcome_unknown accepts only a validated proposal
not ok 12 - process recovery: exceptional outcome_unknown accepts only a validated proposal
  ---
  duration_ms: 20.4414
  type: 'test'
  location: 'D:\\repos\\ai-discussion-board\\.worktrees\\runner-v2-robust-build\\runner-v2\\test\\process-recovery.test.ts:1:1328'
  failureType: 'testCodeFailure'
  error: 'Recovery proposal does not exist for this run.'
  code: 'recovery_not_found'
  name: 'ProcessRecoveryError'
  stack: |-
    ProcessRecoveryController.require (D:\repos\ai-discussion-board\.worktrees\runner-v2-robust-build\runner-v2\src\process-recovery.ts:154:62)
    ProcessRecoveryController.append (D:\repos\ai-discussion-board\.worktrees\runner-v2-robust-build\runner-v2\src\process-recovery.ts:162:17)
    ProcessRecoveryController.submit (D:\repos\ai-discussion-board\.worktrees\runner-v2-robust-build\runner-v2\src\process-recovery.ts:44:10)
    <anonymous> (D:\repos\ai-discussion-board\.worktrees\runner-v2-robust-build\runner-v2\test\process-recovery.test.ts:47:63)
    TestContext.<anonymous> (D:\repos\ai-discussion-board\.worktrees\runner-v2-robust-build\runner-v2\test\process-recovery.test.ts:34:17)
    Test.runInAsyncScope (node:async_hooks:227:14)
    Test.run (node:internal/test_runner/test:1325:25)
    Test.processPendingSubtests (node:internal/test_runner/test:911:18)
    Test.postRun (node:internal/test_runner/test:1465:19)
    Test.run (node:internal/test_runner/test:1390:12)
  ...
# Subtest: process recovery: changed runId is rejected before execution
ok 13 - process recovery: changed runId is rejected before execution
  ---
  duration_ms: 18.9357
  type: 'test'
  ...
# Subtest: process recovery: changed taskId is rejected before execution
ok 14 - process recovery: changed taskId is rejected before execution
  ---
  duration_ms: 19.5653
  type: 'test'
  ...
# Subtest: process recovery: changed sessionId is rejected before execution
ok 15 - process recovery: changed sessionId is rejected before execution
  ---
  duration_ms: 19.468
  type: 'test'
  ...
# Subtest: process recovery: changed invocationId is rejected before execution
ok 16 - process recovery: changed invocationId is rejected before execution
  ---
  duration_ms: 19.529
  type: 'test'
  ...
# Subtest: process recovery: changed logicalProcessId is rejected before execution
ok 17 - process recovery: changed logicalProcessId is rejected before execution
  ---
  duration_ms: 19.3087
  type: 'test'
  ...
# Subtest: process recovery: changed ownerId is rejected before execution
ok 18 - process recovery: changed ownerId is rejected before execution
  ---
  duration_ms: 19.4352
  type: 'test'
  ...
# Subtest: process recovery: changed revision is rejected before execution
ok 19 - process recovery: changed revision is rejected before execution
  ---
  duration_ms: 19.5802
  type: 'test'
  ...
# Subtest: process recovery: changed fencingToken is rejected before execution
ok 20 - process recovery: changed fencingToken is rejected before execution
  ---
  duration_ms: 20.2718
  type: 'test'
  ...
# Subtest: process recovery: changed backendIdentity is rejected before execution
ok 21 - process recovery: changed backendIdentity is rejected before execution
  ---
  duration_ms: 18.8519
  type: 'test'
  ...
# Subtest: process recovery: changed birthFingerprint is rejected before execution
ok 22 - process recovery: changed birthFingerprint is rejected before execution
  ---
  duration_ms: 19.1927
  type: 'test'
  ...
# Subtest: process recovery: changed rootPid is rejected before execution
ok 23 - process recovery: changed rootPid is rejected before execution
  ---
  duration_ms: 18.976
  type: 'test'
  ...
# Subtest: process recovery: same PID with recycled birth invalidates an authorized action
not ok 24 - process recovery: same PID with recycled birth invalidates an authorized action
  ---
  duration_ms: 20.2453
  type: 'test'
  location: 'D:\\repos\\ai-discussion-board\\.worktrees\\runner-v2-robust-build\\runner-v2\\test\\process-recovery.test.ts:1:1328'
  failureType: 'testCodeFailure'
  error: 'Recovery proposal does not exist for this run.'
  code: 'recovery_not_found'
  name: 'ProcessRecoveryError'
  stack: |-
    ProcessRecoveryController.require (D:\repos\ai-discussion-board\.worktrees\runner-v2-robust-build\runner-v2\src\process-recovery.ts:154:62)
    ProcessRecoveryController.append (D:\repos\ai-discussion-board\.worktrees\runner-v2-robust-build\runner-v2\src\process-recovery.ts:162:17)
    ProcessRecoveryController.submit (D:\repos\ai-discussion-board\.worktrees\runner-v2-robust-build\runner-v2\src\process-recovery.ts:44:10)
    <anonymous> (D:\repos\ai-discussion-board\.worktrees\runner-v2-robust-build\runner-v2\test\process-recovery.test.ts:59:36)
    TestContext.<anonymous> (D:\repos\ai-discussion-board\.worktrees\runner-v2-robust-build\runner-v2\test\process-recovery.test.ts:34:17)
    Test.runInAsyncScope (node:async_hooks:227:14)
    Test.run (node:internal/test_runner/test:1325:25)
    Test.processPendingSubtests (node:internal/test_runner/test:911:18)
    Test.postRun (node:internal/test_runner/test:1465:19)
    Test.run (node:internal/test_runner/test:1390:12)
  ...
# Subtest: process recovery: destructive action pauses and binds exact local-user approval
not ok 25 - process recovery: destructive action pauses and binds exact local-user approval
  ---
  duration_ms: 20.1877
  type: 'test'
  location: 'D:\\repos\\ai-discussion-board\\.worktrees\\runner-v2-robust-build\\runner-v2\\test\\process-recovery.test.ts:1:1328'
  failureType: 'testCodeFailure'
  error: 'Recovery proposal does not exist for this run.'
  code: 'recovery_not_found'
  name: 'ProcessRecoveryError'
  stack: |-
    ProcessRecoveryController.require (D:\repos\ai-discussion-board\.worktrees\runner-v2-robust-build\runner-v2\src\process-recovery.ts:154:62)
    ProcessRecoveryController.append (D:\repos\ai-discussion-board\.worktrees\runner-v2-robust-build\runner-v2\src\process-recovery.ts:162:17)
    ProcessRecoveryController.submit (D:\repos\ai-discussion-board\.worktrees\runner-v2-robust-build\runner-v2\src\process-recovery.ts:44:10)
    <anonymous> (D:\repos\ai-discussion-board\.worktrees\runner-v2-robust-build\runner-v2\test\process-recovery.test.ts:65:30)
    TestContext.<anonymous> (D:\repos\ai-discussion-board\.worktrees\runner-v2-robust-build\runner-v2\test\process-recovery.test.ts:34:17)
    Test.runInAsyncScope (node:async_hooks:227:14)
    Test.run (node:internal/test_runner/test:1325:25)
    Test.processPendingSubtests (node:internal/test_runner/test:911:18)
    Test.postRun (node:internal/test_runner/test:1465:19)
    Test.run (node:internal/test_runner/test:1390:12)
  ...
# Subtest: process recovery: rejects expired authority
ok 26 - process recovery: rejects expired authority
  ---
  duration_ms: 19.0108
  type: 'test'
  ...
# Subtest: process recovery: rejects scope authority
ok 27 - process recovery: rejects scope authority
  ---
  duration_ms: 20.0406
  type: 'test'
  ...
# Subtest: process recovery: rejects call authority
ok 28 - process recovery: rejects call authority
  ---
  duration_ms: 19.6344
  type: 'test'
  ...
# Subtest: process recovery: rejects shell authority
ok 29 - process recovery: rejects shell authority
  ---
  duration_ms: 20.0423
  type: 'test'
  ...
# Subtest: process recovery: rejects capability authority
ok 30 - process recovery: rejects capability authority
  ---
  duration_ms: 18.7633
  type: 'test'
  ...
# Subtest: process recovery: rejects ownership authority
ok 31 - process recovery: rejects ownership authority
  ---
  duration_ms: 19.0433
  type: 'test'
  ...
# Subtest: process recovery: rejects identity authority
ok 32 - process recovery: rejects identity authority
  ---
  duration_ms: 18.382
  type: 'test'
  ...
# Subtest: process recovery: rejects pending authority
ok 33 - process recovery: rejects pending authority
  ---
  duration_ms: 19.6293
  type: 'test'
  ...
# Subtest: process recovery: durable replay executes at most once and stores no raw model secrets
not ok 34 - process recovery: durable replay executes at most once and stores no raw model secrets
  ---
  duration_ms: 20.8817
  type: 'test'
  location: 'D:\\repos\\ai-discussion-board\\.worktrees\\runner-v2-robust-build\\runner-v2\\test\\process-recovery.test.ts:1:1328'
  failureType: 'testCodeFailure'
  error: 'Recovery proposal does not exist for this run.'
  code: 'recovery_not_found'
  name: 'ProcessRecoveryError'
  stack: |-
    ProcessRecoveryController.require (D:\repos\ai-discussion-board\.worktrees\runner-v2-robust-build\runner-v2\src\process-recovery.ts:154:62)
    ProcessRecoveryController.append (D:\repos\ai-discussion-board\.worktrees\runner-v2-robust-build\runner-v2\src\process-recovery.ts:162:17)
    ProcessRecoveryController.submit (D:\repos\ai-discussion-board\.worktrees\runner-v2-robust-build\runner-v2\src\process-recovery.ts:44:10)
    <anonymous> (D:\repos\ai-discussion-board\.worktrees\runner-v2-robust-build\runner-v2\test\process-recovery.test.ts:86:30)
    TestContext.<anonymous> (D:\repos\ai-discussion-board\.worktrees\runner-v2-robust-build\runner-v2\test\process-recovery.test.ts:34:17)
    Test.runInAsyncScope (node:async_hooks:227:14)
    Test.run (node:internal/test_runner/test:1325:25)
    Test.processPendingSubtests (node:internal/test_runner/test:911:18)
    Test.postRun (node:internal/test_runner/test:1465:19)
    Test.run (node:internal/test_runner/test:1390:12)
  ...
# C5 CLI root: {"event":"exit","path":"C:\\\\Users\\\\b_a_s\\\\AppData\\\\Local\\\\Temp\\\\aiboard-task11-recovery-NlDEJY","existsAtExit":false}
# C5 CLI root: {"event":"exit","path":"C:\\\\Users\\\\b_a_s\\\\AppData\\\\Local\\\\Temp\\\\aiboard-task11-recovery-NTqv3C","existsAtExit":false}
# C5 CLI root: {"event":"exit","path":"C:\\\\Users\\\\b_a_s\\\\AppData\\\\Local\\\\Temp\\\\aiboard-task11-recovery-fPEbYs","existsAtExit":false}
# C5 CLI root: {"event":"exit","path":"C:\\\\Users\\\\b_a_s\\\\AppData\\\\Local\\\\Temp\\\\aiboard-task11-recovery-jeeiSD","existsAtExit":false}
# C5 CLI root: {"event":"exit","path":"C:\\\\Users\\\\b_a_s\\\\AppData\\\\Local\\\\Temp\\\\aiboard-task11-recovery-IqXVRf","existsAtExit":false}
# C5 CLI root: {"event":"exit","path":"C:\\\\Users\\\\b_a_s\\\\AppData\\\\Local\\\\Temp\\\\aiboard-task11-recovery-28id7m","existsAtExit":false}
# C5 CLI root: {"event":"exit","path":"C:\\\\Users\\\\b_a_s\\\\AppData\\\\Local\\\\Temp\\\\aiboard-task11-recovery-o2j9MT","existsAtExit":false}
# C5 CLI root: {"event":"exit","path":"C:\\\\Users\\\\b_a_s\\\\AppData\\\\Local\\\\Temp\\\\aiboard-task11-recovery-zqrmwA","existsAtExit":false}
# C5 CLI root: {"event":"exit","path":"C:\\\\Users\\\\b_a_s\\\\AppData\\\\Local\\\\Temp\\\\aiboard-task11-recovery-uRSF2Z","existsAtExit":true}
# C5 CLI root: {"event":"exit","path":"C:\\\\Users\\\\b_a_s\\\\AppData\\\\Local\\\\Temp\\\\aiboard-task11-recovery-4lm5yF","existsAtExit":true}
# C5 CLI root: {"event":"exit","path":"C:\\\\Users\\\\b_a_s\\\\AppData\\\\Local\\\\Temp\\\\aiboard-task11-recovery-N8wXVd","existsAtExit":true}
# C5 CLI root: {"event":"exit","path":"C:\\\\Users\\\\b_a_s\\\\AppData\\\\Local\\\\Temp\\\\aiboard-task11-recovery-0Sp42Y","existsAtExit":true}
# C5 CLI root: {"event":"exit","path":"C:\\\\Users\\\\b_a_s\\\\AppData\\\\Local\\\\Temp\\\\aiboard-task11-recovery-w3tIVu","existsAtExit":false}
# C5 CLI root: {"event":"exit","path":"C:\\\\Users\\\\b_a_s\\\\AppData\\\\Local\\\\Temp\\\\aiboard-task11-recovery-Z0Lb5T","existsAtExit":false}
# C5 CLI root: {"event":"exit","path":"C:\\\\Users\\\\b_a_s\\\\AppData\\\\Local\\\\Temp\\\\aiboard-task11-recovery-AfKzyp","existsAtExit":false}
# C5 CLI root: {"event":"exit","path":"C:\\\\Users\\\\b_a_s\\\\AppData\\\\Local\\\\Temp\\\\aiboard-task11-recovery-Ywbmi9","existsAtExit":false}
# C5 CLI root: {"event":"exit","path":"C:\\\\Users\\\\b_a_s\\\\AppData\\\\Local\\\\Temp\\\\aiboard-task11-recovery-JvMxLC","existsAtExit":false}
# C5 CLI root: {"event":"exit","path":"C:\\\\Users\\\\b_a_s\\\\AppData\\\\Local\\\\Temp\\\\aiboard-task11-recovery-hWH1Fr","existsAtExit":false}
# C5 CLI root: {"event":"exit","path":"C:\\\\Users\\\\b_a_s\\\\AppData\\\\Local\\\\Temp\\\\aiboard-task11-recovery-A04vnn","existsAtExit":false}
# C5 CLI root: {"event":"exit","path":"C:\\\\Users\\\\b_a_s\\\\AppData\\\\Local\\\\Temp\\\\aiboard-task11-recovery-rfzxxw","existsAtExit":false}
# C5 CLI root: {"event":"exit","path":"C:\\\\Users\\\\b_a_s\\\\AppData\\\\Local\\\\Temp\\\\aiboard-task11-recovery-vq1Odt","existsAtExit":false}
# C5 CLI root: {"event":"exit","path":"C:\\\\Users\\\\b_a_s\\\\AppData\\\\Local\\\\Temp\\\\aiboard-task11-recovery-Wk3mQT","existsAtExit":false}
# C5 CLI root: {"event":"exit","path":"C:\\\\Users\\\\b_a_s\\\\AppData\\\\Local\\\\Temp\\\\aiboard-task11-recovery-TWpLjS","existsAtExit":false}
# C5 CLI root: {"event":"exit","path":"C:\\\\Users\\\\b_a_s\\\\AppData\\\\Local\\\\Temp\\\\aiboard-task11-recovery-Qc9CAa","existsAtExit":true}
# C5 CLI root: {"event":"exit","path":"C:\\\\Users\\\\b_a_s\\\\AppData\\\\Local\\\\Temp\\\\aiboard-task11-recovery-9rebRY","existsAtExit":true}
# C5 CLI root: {"event":"exit","path":"C:\\\\Users\\\\b_a_s\\\\AppData\\\\Local\\\\Temp\\\\aiboard-task11-recovery-MXm3aj","existsAtExit":false}
# C5 CLI root: {"event":"exit","path":"C:\\\\Users\\\\b_a_s\\\\AppData\\\\Local\\\\Temp\\\\aiboard-task11-recovery-8fpYjO","existsAtExit":false}
# C5 CLI root: {"event":"exit","path":"C:\\\\Users\\\\b_a_s\\\\AppData\\\\Local\\\\Temp\\\\aiboard-task11-recovery-7QOlyi","existsAtExit":false}
# C5 CLI root: {"event":"exit","path":"C:\\\\Users\\\\b_a_s\\\\AppData\\\\Local\\\\Temp\\\\aiboard-task11-recovery-hBoJRB","existsAtExit":false}
# C5 CLI root: {"event":"exit","path":"C:\\\\Users\\\\b_a_s\\\\AppData\\\\Local\\\\Temp\\\\aiboard-task11-recovery-j4Bufo","existsAtExit":false}
# C5 CLI root: {"event":"exit","path":"C:\\\\Users\\\\b_a_s\\\\AppData\\\\Local\\\\Temp\\\\aiboard-task11-recovery-p4Xkjo","existsAtExit":false}
# C5 CLI root: {"event":"exit","path":"C:\\\\Users\\\\b_a_s\\\\AppData\\\\Local\\\\Temp\\\\aiboard-task11-recovery-3ESSIO","existsAtExit":false}
# C5 CLI root: {"event":"exit","path":"C:\\\\Users\\\\b_a_s\\\\AppData\\\\Local\\\\Temp\\\\aiboard-task11-recovery-hvB1x1","existsAtExit":false}
# C5 CLI root: {"event":"exit","path":"C:\\\\Users\\\\b_a_s\\\\AppData\\\\Local\\\\Temp\\\\aiboard-task11-recovery-U6RH8q","existsAtExit":true}
1..34
# tests 34
# suites 0
# pass 27
# fail 7
# cancelled 0
# skipped 0
# todo 0
# duration_ms 1008.0274
