TAP version 13
# C5 CLI root: {"event":"created","path":"C:\\\\Users\\\\b_a_s\\\\AppData\\\\Local\\\\Temp\\\\p683-env-0lKtyk"}
# Subtest: LSP executable resolution uses only the explicitly prepared environment, never ambient PATH
ok 1 - LSP executable resolution uses only the explicitly prepared environment, never ambient PATH
  ---
  duration_ms: 10.2671
  type: 'test'
  ...
# static language environment fixture acquired: C:\\Users\\b_a_s\\AppData\\Local\\Temp\\p683-env-0lKtyk
# static language environment fixture removed: C:\\Users\\b_a_s\\AppData\\Local\\Temp\\p683-env-0lKtyk
# C5 CLI root: {"event":"exit","path":"C:\\\\Users\\\\b_a_s\\\\AppData\\\\Local\\\\Temp\\\\p683-env-0lKtyk","existsAtExit":false}
1..1
# tests 1
# suites 0
# pass 1
# fail 0
# cancelled 0
# skipped 0
# todo 0
# duration_ms 214.8345
