TAP version 13
# C5 CLI root: {"event":"created","path":"C:\\\\Users\\\\b_a_s\\\\AppData\\\\Local\\\\Temp\\\\p683-job-replay-cuTPPp"}
# Subtest: Windows Job reattachment exposes pending replay without starting a reader or ACK
ok 1 - Windows Job reattachment exposes pending replay without starting a reader or ACK
  ---
  duration_ms: 464.1589
  type: 'test'
  ...
# exact synthetic Job replay fixture acquired: C:\\Users\\b_a_s\\AppData\\Local\\Temp\\p683-job-replay-cuTPPp
# synthetic authenticated Job fixture closed and removed: C:\\Users\\b_a_s\\AppData\\Local\\Temp\\p683-job-replay-cuTPPp
# C5 CLI root: {"event":"exit","path":"C:\\\\Users\\\\b_a_s\\\\AppData\\\\Local\\\\Temp\\\\p683-job-replay-cuTPPp","existsAtExit":false}
1..1
# tests 1
# suites 0
# pass 1
# fail 0
# cancelled 0
# skipped 0
# todo 0
# duration_ms 704.6164
