TAP version 13
# C5 CLI root: {"event":"created","path":"C:\\\\Users\\\\b_a_s\\\\AppData\\\\Local\\\\Temp\\\\p683-job-replay-Wlo7Ev"}
# Subtest: Windows Job reattachment exposes pending replay without starting a reader or ACK
not ok 1 - Windows Job reattachment exposes pending replay without starting a reader or ACK
  ---
  duration_ms: 346.7283
  type: 'test'
  location: 'D:\\repos\\ai-discussion-board\\.worktrees\\runner-v2-robust-build\\runner-v2\\test\\windows-job-output-replay.test.ts:1:1635'
  failureType: 'testCodeFailure'
  error: |-
    Expected values to be strictly deep-equal:
    + actual - expected
    
    + []
    - [
    -   {
    -     byteLength: 8,
    -     digest: '08434ba9cdf55a02284e2913400586cd289878e0f055f7bb0b07ce392caeb989',
    -     endOffset: 8,
    -     sequence: 1,
    -     startOffset: 0,
    -     stream: 'stdout'
    -   }
    - ]
    
  code: 'ERR_ASSERTION'
  name: 'AssertionError'
  expected:
    0:
      stream: 'stdout'
      sequence: 1
      startOffset: 0
      endOffset: 8
      byteLength: 8
      digest: '08434ba9cdf55a02284e2913400586cd289878e0f055f7bb0b07ce392caeb989'
  actual:
  operator: 'deepStrictEqual'
  stack: |-
    <anonymous> (D:\repos\ai-discussion-board\.worktrees\runner-v2-robust-build\runner-v2\test\windows-job-output-replay.test.ts:39:12)
    process.processTicksAndRejections (node:internal/process/task_queues:104:5)
    async withFixture (D:\repos\ai-discussion-board\.worktrees\runner-v2-robust-build\runner-v2\test\windows-job-output-replay.test.ts:68:9)
    async Test.run (node:internal/test_runner/test:1332:7)
    async startSubtestAfterBootstrap (node:internal/test_runner/harness:385:3)
  ...
# exact synthetic Job replay fixture acquired: C:\\Users\\b_a_s\\AppData\\Local\\Temp\\p683-job-replay-Wlo7Ev
# synthetic authenticated Job failure retained, no OS workload was launched: C:\\Users\\b_a_s\\AppData\\Local\\Temp\\p683-job-replay-Wlo7Ev
# C5 CLI root: {"event":"exit","path":"C:\\\\Users\\\\b_a_s\\\\AppData\\\\Local\\\\Temp\\\\p683-job-replay-Wlo7Ev","existsAtExit":true}
1..1
# tests 1
# suites 0
# pass 0
# fail 1
# cancelled 0
# skipped 0
# todo 0
# duration_ms 640.0812
