TAP version 13
# Subtest: subprocess runtime durably records the selected backend semantic capabilities
not ok 1 - subprocess runtime durably records the selected backend semantic capabilities
  ---
  duration_ms: 43.4861
  type: 'test'
  location: 'D:\\repos\\ai-discussion-board\\.worktrees\\runner-v2-robust-build\\runner-v2\\test\\subprocess-runtime.test.ts:1:90205'
  failureType: 'testCodeFailure'
  error: |-
    Expected values to be strictly deep-equal:
    + actual - expected
    
    + undefined
    - {
    -   crash_cleanup: 'enforced',
    -   tree_termination: 'enforced',
    -   verified_emptiness: 'enforced',
    -   write_confinement: 'enforced'
    - }
    
  code: 'ERR_ASSERTION'
  name: 'AssertionError'
  expected:
    tree_termination: 'enforced'
    crash_cleanup: 'enforced'
    verified_emptiness: 'enforced'
    write_confinement: 'enforced'
  operator: 'deepStrictEqual'
  stack: |-
    TestContext.<anonymous> (D:\repos\ai-discussion-board\.worktrees\runner-v2-robust-build\runner-v2\test\subprocess-runtime.test.ts:3273:10)
    async Test.run (node:internal/test_runner/test:1332:7)
    async startSubtestAfterBootstrap (node:internal/test_runner/harness:385:3)
  ...
1..1
# tests 1
# suites 0
# pass 0
# fail 1
# cancelled 0
# skipped 0
# todo 0
# duration_ms 420.0927
