TAP version 13
# C5 CLI root: {"event":"created","path":"C:\\\\Users\\\\b_a_s\\\\AppData\\\\Local\\\\Temp\\\\aiboard-task10-fence-dEnx2W"}
# Subtest: filesystem fence: a configured workspace junction cannot bypass the original grant root policy
not ok 1 - filesystem fence: a configured workspace junction cannot bypass the original grant root policy
  ---
  duration_ms: 47.2547
  type: 'test'
  location: 'D:\\repos\\ai-discussion-board\\.worktrees\\runner-v2-robust-build\\runner-v2\\test\\filesystem-mutation-fence.test.ts:1:800'
  failureType: 'testCodeFailure'
  error: |-
    {"callId":"root-alias","toolName":"fs.write","content":[{"type":"json","value":{"path":"value.txt","sha256":"3e590b17ee677253116266b02889c55d03b94524d581024848ccad4582af926e","byteLength":8}}],"isError":false}
    
    false !== true
    
  code: 'ERR_ASSERTION'
  name: 'AssertionError'
  expected: true
  actual: false
  operator: 'strictEqual'
  stack: |-
    refused (D:\repos\ai-discussion-board\.worktrees\runner-v2-robust-build\runner-v2\test\filesystem-mutation-fence.test.ts:58:10)
    <anonymous> (D:\repos\ai-discussion-board\.worktrees\runner-v2-robust-build\runner-v2\test\filesystem-mutation-fence.test.ts:297:3)
    async TestContext.<anonymous> (D:\repos\ai-discussion-board\.worktrees\runner-v2-robust-build\runner-v2\test\filesystem-mutation-fence.test.ts:48:11)
    async Test.run (node:internal/test_runner/test:1332:7)
    async startSubtestAfterBootstrap (node:internal/test_runner/harness:385:3)
  ...
# Task 10 RED/diagnostic root retained: C:\\Users\\b_a_s\\AppData\\Local\\Temp\\aiboard-task10-fence-dEnx2W
# C5 CLI root: {"event":"exit","path":"C:\\\\Users\\\\b_a_s\\\\AppData\\\\Local\\\\Temp\\\\aiboard-task10-fence-dEnx2W","existsAtExit":true}
1..1
# tests 1
# suites 0
# pass 0
# fail 1
# cancelled 0
# skipped 0
# todo 0
# duration_ms 333.3738
