TAP version 13
# C5 CLI root: {"event":"created","path":"C:\\\\Users\\\\b_a_s\\\\AppData\\\\Local\\\\Temp\\\\aiboard-task10-bootstrap-IyX0cy"}
# C5 CLI root: {"event":"created","path":"C:\\\\Users\\\\b_a_s\\\\AppData\\\\Local\\\\Temp\\\\aiboard-task10-bootstrap-gJfFzz"}
# Subtest: bootstrap .gitignore symlink cannot mutate an outside object
ok 1 - bootstrap .gitignore symlink cannot mutate an outside object
  ---
  duration_ms: 51.2557
  type: 'test'
  ...
# Subtest: bootstrap .gitignore hardlink cannot mutate an outside object
ok 2 - bootstrap .gitignore hardlink cannot mutate an outside object
  ---
  duration_ms: 45.0227
  type: 'test'
  ...
# C5 CLI root: {"event":"exit","path":"C:\\\\Users\\\\b_a_s\\\\AppData\\\\Local\\\\Temp\\\\aiboard-task10-bootstrap-IyX0cy","existsAtExit":false}
# C5 CLI root: {"event":"exit","path":"C:\\\\Users\\\\b_a_s\\\\AppData\\\\Local\\\\Temp\\\\aiboard-task10-bootstrap-gJfFzz","existsAtExit":false}
# C5 CLI root: {"event":"created","path":"C:\\\\Users\\\\b_a_s\\\\AppData\\\\Local\\\\Temp\\\\aiboard-task10-fence-73sYQx"}
# C5 CLI root: {"event":"created","path":"C:\\\\Users\\\\b_a_s\\\\AppData\\\\Local\\\\Temp\\\\aiboard-task10-fence-LwT7hz"}
# Subtest: filesystem fence: fs.write requires the caller's expected revision
ok 3 - filesystem fence: fs.write requires the caller's expected revision
  ---
  duration_ms: 21.2547
  type: 'test'
  ...
# C5 CLI root: {"event":"created","path":"C:\\\\Users\\\\b_a_s\\\\AppData\\\\Local\\\\Temp\\\\aiboard-task10-fence-cMGcnx"}
# Subtest: filesystem fence: fs.patch requires the caller's expected revision
ok 4 - filesystem fence: fs.patch requires the caller's expected revision
  ---
  duration_ms: 5.8391
  type: 'test'
  ...
# C5 CLI root: {"event":"created","path":"C:\\\\Users\\\\b_a_s\\\\AppData\\\\Local\\\\Temp\\\\aiboard-task10-fence-ZLuEPR"}
# Subtest: filesystem fence: stale revision refuses replacement and supplies a current revision
ok 5 - filesystem fence: stale revision refuses replacement and supplies a current revision
  ---
  duration_ms: 7.058
  type: 'test'
  ...
# C5 CLI root: {"event":"created","path":"C:\\\\Users\\\\b_a_s\\\\AppData\\\\Local\\\\Temp\\\\aiboard-task10-fence-q3KmKc"}
# Subtest: filesystem fence: an authorization-time create race cannot become replacement
ok 6 - filesystem fence: an authorization-time create race cannot become replacement
  ---
  duration_ms: 6.6069
  type: 'test'
  ...
# C5 CLI root: {"event":"created","path":"C:\\\\Users\\\\b_a_s\\\\AppData\\\\Local\\\\Temp\\\\aiboard-task10-fence-nWr2qp"}
# Subtest: filesystem fence: publication is create-if-absent even after the final absence check
ok 7 - filesystem fence: publication is create-if-absent even after the final absence check
  ---
  duration_ms: 24.7315
  type: 'test'
  ...
# C5 CLI root: {"event":"created","path":"C:\\\\Users\\\\b_a_s\\\\AppData\\\\Local\\\\Temp\\\\aiboard-task10-fence-C97aCr"}
# C5 CLI root: {"event":"created","path":"C:\\\\Users\\\\b_a_s\\\\AppData\\\\Local\\\\Temp\\\\aiboard-task10-fence-pTdbed"}
# C5 CLI root: {"event":"created","path":"C:\\\\Users\\\\b_a_s\\\\AppData\\\\Local\\\\Temp\\\\aiboard-task10-fence-FwBZUB"}
# Subtest: filesystem fence: parent replacement cannot redirect an approved write
ok 8 - filesystem fence: parent replacement cannot redirect an approved write
  ---
  duration_ms: 9.0532
  type: 'test'
  ...
# Subtest: filesystem fence: target symbolic links are refused before replacement
ok 9 - filesystem fence: target symbolic links are refused before replacement
  ---
  duration_ms: 3.8562
  type: 'test'
  ...
# Subtest: filesystem fence: directory junction or reparse alias cannot redirect a write
ok 10 - filesystem fence: directory junction or reparse alias cannot redirect a write
  ---
  duration_ms: 4.6392
  type: 'test'
  ...
# C5 CLI root: {"event":"created","path":"C:\\\\Users\\\\b_a_s\\\\AppData\\\\Local\\\\Temp\\\\aiboard-task10-fence-I6lzAg"}
# C5 CLI root: {"event":"created","path":"C:\\\\Users\\\\b_a_s\\\\AppData\\\\Local\\\\Temp\\\\aiboard-task10-fence-vMl2SZ"}
# Subtest: filesystem fence: retargeting an authorized parent to a junction is refused
ok 11 - filesystem fence: retargeting an authorized parent to a junction is refused
  ---
  duration_ms: 8.6593
  type: 'test'
  ...
# Subtest: filesystem fence: outside hard links are refused rather than claiming confinement
ok 12 - filesystem fence: outside hard links are refused rather than claiming confinement
  ---
  duration_ms: 4.3788
  type: 'test'
  ...
# C5 CLI root: {"event":"created","path":"C:\\\\Users\\\\b_a_s\\\\AppData\\\\Local\\\\Temp\\\\aiboard-task10-fence-HUie3g"}
# Subtest: filesystem fence: move destination must not overwrite an existing file
ok 13 - filesystem fence: move destination must not overwrite an existing file
  ---
  duration_ms: 11.2847
  type: 'test'
  ...
# C5 CLI root: {"event":"created","path":"C:\\\\Users\\\\b_a_s\\\\AppData\\\\Local\\\\Temp\\\\aiboard-task10-fence-ENzgxJ"}
# Subtest: filesystem fence: move source substitution is refused
ok 14 - filesystem fence: move source substitution is refused
  ---
  duration_ms: 10.7867
  type: 'test'
  ...
# C5 CLI root: {"event":"created","path":"C:\\\\Users\\\\b_a_s\\\\AppData\\\\Local\\\\Temp\\\\aiboard-task10-fence-2wVQbj"}
# Subtest: filesystem fence: move destination substitution is refused
ok 15 - filesystem fence: move destination substitution is refused
  ---
  duration_ms: 9.7856
  type: 'test'
  ...
# C5 CLI root: {"event":"created","path":"C:\\\\Users\\\\b_a_s\\\\AppData\\\\Local\\\\Temp\\\\aiboard-task10-fence-6setoK"}
# Subtest: filesystem fence: delete identity substitution is refused
ok 16 - filesystem fence: delete identity substitution is refused
  ---
  duration_ms: 8.4847
  type: 'test'
  ...
# C5 CLI root: {"event":"created","path":"C:\\\\Users\\\\b_a_s\\\\AppData\\\\Local\\\\Temp\\\\aiboard-task10-fence-M4Qcpc"}
# Subtest: filesystem fence: delete symlink substitution is refused
ok 17 - filesystem fence: delete symlink substitution is refused
  ---
  duration_ms: 7.9089
  type: 'test'
  ...
# C5 CLI root: {"event":"created","path":"C:\\\\Users\\\\b_a_s\\\\AppData\\\\Local\\\\Temp\\\\aiboard-task10-fence-2DCGoV"}
# Subtest: filesystem fence: the same call cannot reserve or perform a second filesystem mutation
ok 18 - filesystem fence: the same call cannot reserve or perform a second filesystem mutation
  ---
  duration_ms: 26.1028
  type: 'test'
  ...
# C5 CLI root: {"event":"created","path":"C:\\\\Users\\\\b_a_s\\\\AppData\\\\Local\\\\Temp\\\\aiboard-task10-fence-sEqb54"}
# Subtest: filesystem fence: revocation at the last mile prevents writes
ok 19 - filesystem fence: revocation at the last mile prevents writes
  ---
  duration_ms: 4.8666
  type: 'test'
  ...
# C5 CLI root: {"event":"created","path":"C:\\\\Users\\\\b_a_s\\\\AppData\\\\Local\\\\Temp\\\\aiboard-task10-fence-mzfbvY"}
# Subtest: filesystem fence: controlled external writer proves replacement is not atomic CAS
ok 20 - filesystem fence: controlled external writer proves replacement is not atomic CAS
  ---
  duration_ms: 76.4019
  type: 'test'
  ...
# C5 CLI root: {"event":"created","path":"C:\\\\Users\\\\b_a_s\\\\AppData\\\\Local\\\\Temp\\\\aiboard-task10-fence-eQQgxp"}
# Subtest: filesystem fence: ordinary create, revision replacement, patch, directory move and recursive delete work
ok 21 - filesystem fence: ordinary create, revision replacement, patch, directory move and recursive delete work
  ---
  duration_ms: 119.0059
  type: 'test'
  ...
# C5 CLI root: {"event":"created","path":"C:\\\\Users\\\\b_a_s\\\\AppData\\\\Local\\\\Temp\\\\aiboard-task10-fence-EvDQyX"}
# Subtest: filesystem fence: a permit cannot change its run after authorization
ok 22 - filesystem fence: a permit cannot change its run after authorization
  ---
  duration_ms: 4.5222
  type: 'test'
  ...
# C5 CLI root: {"event":"created","path":"C:\\\\Users\\\\b_a_s\\\\AppData\\\\Local\\\\Temp\\\\aiboard-task10-fence-RnbRpD"}
# Subtest: filesystem fence: a permit cannot change its session after authorization
ok 23 - filesystem fence: a permit cannot change its session after authorization
  ---
  duration_ms: 4.5196
  type: 'test'
  ...
# C5 CLI root: {"event":"created","path":"C:\\\\Users\\\\b_a_s\\\\AppData\\\\Local\\\\Temp\\\\aiboard-task10-fence-CqmF1O"}
# Subtest: filesystem fence: a permit cannot change its actor after authorization
ok 24 - filesystem fence: a permit cannot change its actor after authorization
  ---
  duration_ms: 4.4191
  type: 'test'
  ...
# C5 CLI root: {"event":"created","path":"C:\\\\Users\\\\b_a_s\\\\AppData\\\\Local\\\\Temp\\\\aiboard-task10-fence-jBEmCf"}
# Subtest: filesystem fence: a permit cannot change its call after authorization
ok 25 - filesystem fence: a permit cannot change its call after authorization
  ---
  duration_ms: 4.3276
  type: 'test'
  ...
# C5 CLI root: {"event":"created","path":"C:\\\\Users\\\\b_a_s\\\\AppData\\\\Local\\\\Temp\\\\aiboard-task10-fence-Kbt8fF"}
# Subtest: filesystem fence: a permit cannot change its tool after authorization
ok 26 - filesystem fence: a permit cannot change its tool after authorization
  ---
  duration_ms: 4.7382
  type: 'test'
  ...
# C5 CLI root: {"event":"created","path":"C:\\\\Users\\\\b_a_s\\\\AppData\\\\Local\\\\Temp\\\\aiboard-task10-fence-vyW14O"}
# Subtest: filesystem fence: a permit cannot change its grant after authorization
ok 27 - filesystem fence: a permit cannot change its grant after authorization
  ---
  duration_ms: 5.7657
  type: 'test'
  ...
# C5 CLI root: {"event":"created","path":"C:\\\\Users\\\\b_a_s\\\\AppData\\\\Local\\\\Temp\\\\aiboard-task10-fence-Jdq2np"}
# Subtest: filesystem fence: a permit cannot change its case-only path after authorization
ok 28 - filesystem fence: a permit cannot change its case-only path after authorization
  ---
  duration_ms: 6.8753
  type: 'test'
  ...
# C5 CLI root: {"event":"created","path":"C:\\\\Users\\\\b_a_s\\\\AppData\\\\Local\\\\Temp\\\\aiboard-task10-fence-wgrJvV"}
# Subtest: filesystem fence: a new-file parent retarget cannot redirect create publication
ok 29 - filesystem fence: a new-file parent retarget cannot redirect create publication
  ---
  duration_ms: 10.4229
  type: 'test'
  ...
# C5 CLI root: {"event":"created","path":"C:\\\\Users\\\\b_a_s\\\\AppData\\\\Local\\\\Temp\\\\aiboard-task10-fence-cXAqpU"}
# Subtest: filesystem fence: fs.write rechecks revision after staging immediately before publication
ok 30 - filesystem fence: fs.write rechecks revision after staging immediately before publication
  ---
  duration_ms: 25.1255
  type: 'test'
  ...
# C5 CLI root: {"event":"created","path":"C:\\\\Users\\\\b_a_s\\\\AppData\\\\Local\\\\Temp\\\\aiboard-task10-fence-YGnv8q"}
# Subtest: filesystem fence: fs.patch rechecks revision after staging immediately before publication
ok 31 - filesystem fence: fs.patch rechecks revision after staging immediately before publication
  ---
  duration_ms: 23.1329
  type: 'test'
  ...
# C5 CLI root: {"event":"created","path":"C:\\\\Users\\\\b_a_s\\\\AppData\\\\Local\\\\Temp\\\\aiboard-task10-fence-egpJYB"}
# Subtest: filesystem fence: revocation after staging refuses publication and cleans its owned temporary
ok 32 - filesystem fence: revocation after staging refuses publication and cleans its owned temporary
  ---
  duration_ms: 25.6037
  type: 'test'
  ...
# C5 CLI root: {"event":"created","path":"C:\\\\Users\\\\b_a_s\\\\AppData\\\\Local\\\\Temp\\\\aiboard-task10-fence-AkXIUP"}
# Subtest: filesystem fence: move destination publication cannot overwrite a late race winner
ok 33 - filesystem fence: move destination publication cannot overwrite a late race winner
  ---
  duration_ms: 26.1993
  type: 'test'
  ...
# C5 CLI root: {"event":"created","path":"C:\\\\Users\\\\b_a_s\\\\AppData\\\\Local\\\\Temp\\\\aiboard-task10-fence-RZXZW5"}
# Subtest: filesystem fence: a source substitution at the move syscall is detected before unlink and reports partial effects
ok 34 - filesystem fence: a source substitution at the move syscall is detected before unlink and reports partial effects
  ---
  duration_ms: 24.521
  type: 'test'
  ...
# C5 CLI root: {"event":"created","path":"C:\\\\Users\\\\b_a_s\\\\AppData\\\\Local\\\\Temp\\\\aiboard-task10-fence-ksywkI"}
# Subtest: filesystem fence: fs.move refuses changed recursive directory membership before any effect
ok 35 - filesystem fence: fs.move refuses changed recursive directory membership before any effect
  ---
  duration_ms: 11.2577
  type: 'test'
  ...
# C5 CLI root: {"event":"created","path":"C:\\\\Users\\\\b_a_s\\\\AppData\\\\Local\\\\Temp\\\\aiboard-task10-fence-XENOQz"}
# Subtest: filesystem fence: fs.delete refuses changed recursive directory membership before any effect
ok 36 - filesystem fence: fs.delete refuses changed recursive directory membership before any effect
  ---
  duration_ms: 9.736
  type: 'test'
  ...
# C5 CLI root: {"event":"created","path":"C:\\\\Users\\\\b_a_s\\\\AppData\\\\Local\\\\Temp\\\\aiboard-task10-fence-Ltiw8J"}
# Subtest: filesystem fence: delete requires the original grant's destructive approval
ok 37 - filesystem fence: delete requires the original grant's destructive approval
  ---
  duration_ms: 7.0173
  type: 'test'
  ...
# C5 CLI root: {"event":"created","path":"C:\\\\Users\\\\b_a_s\\\\AppData\\\\Local\\\\Temp\\\\aiboard-task10-fence-vM036R"}
# Subtest: filesystem fence: a configured workspace junction is pinned to its physical root
not ok 38 - filesystem fence: a configured workspace junction is pinned to its physical root
  ---
  duration_ms: 6.2831
  type: 'test'
  location: 'D:\\repos\\ai-discussion-board\\.worktrees\\runner-v2-robust-build\\runner-v2\\test\\filesystem-mutation-fence.test.ts:1:800'
  failureType: 'testCodeFailure'
  error: |-
    {"callId":"root-alias","toolName":"fs.write","isError":true,"error":{"code":"grant_invalid_path","message":"Workspace path must be a real directory."},"content":[{"type":"text","text":"Workspace path must be a real directory."},{"type":"json","value":{}}]}
    
    true !== false
    
  code: 'ERR_ASSERTION'
  name: 'AssertionError'
  expected: false
  actual: true
  operator: 'strictEqual'
  stack: |-
    <anonymous> (D:\repos\ai-discussion-board\.worktrees\runner-v2-robust-build\runner-v2\test\filesystem-mutation-fence.test.ts:297:10)
    async TestContext.<anonymous> (D:\repos\ai-discussion-board\.worktrees\runner-v2-robust-build\runner-v2\test\filesystem-mutation-fence.test.ts:48:11)
    async Test.run (node:internal/test_runner/test:1332:7)
    async Test.processPendingSubtests (node:internal/test_runner/test:911:7)
  ...
# Task 10 RED/diagnostic root retained: C:\\Users\\b_a_s\\AppData\\Local\\Temp\\aiboard-task10-fence-Ltiw8J
# C5 CLI root: {"event":"created","path":"C:\\\\Users\\\\b_a_s\\\\AppData\\\\Local\\\\Temp\\\\aiboard-task10-fence-mWQz8z"}
# Subtest: filesystem fence: unprovable staging identity returns an explicit retained-resource failure
ok 39 - filesystem fence: unprovable staging identity returns an explicit retained-resource failure
  ---
  duration_ms: 16.433
  type: 'test'
  ...
# C5 CLI root: {"event":"created","path":"C:\\\\Users\\\\b_a_s\\\\AppData\\\\Local\\\\Temp\\\\aiboard-task10-fence-xgaizY"}
# C5 CLI root: {"event":"created","path":"C:\\\\Users\\\\b_a_s\\\\AppData\\\\Local\\\\Temp\\\\aiboard-task10-fence-hfsBMH"}
# Subtest: filesystem fence: POSIX identity contract does not treat ctime fallback as immutable creation time
ok 40 - filesystem fence: POSIX identity contract does not treat ctime fallback as immutable creation time
  ---
  duration_ms: 38.0164
  type: 'test'
  ...
# Subtest: filesystem fence: recursive capture has a typed depth bound before mutation
ok 41 - filesystem fence: recursive capture has a typed depth bound before mutation
  ---
  duration_ms: 278.8442
  type: 'test'
  ...
# C5 CLI root: {"event":"created","path":"C:\\\\Users\\\\b_a_s\\\\AppData\\\\Local\\\\Temp\\\\aiboard-task10-fence-Hrf4iq"}
# Subtest: filesystem fence: Windows open destination causes a typed refusal without losing the file
ok 42 - filesystem fence: Windows open destination causes a typed refusal without losing the file
  ---
  duration_ms: 24.2681
  type: 'test'
  ...
# Subtest: filesystem fence: an unobserved entry after recursive preflight survives the removal syscall
ok 43 - filesystem fence: an unobserved entry after recursive preflight survives the removal syscall
  ---
  duration_ms: 11.7653
  type: 'test'
  ...
# C5 CLI root: {"event":"exit","path":"C:\\\\Users\\\\b_a_s\\\\AppData\\\\Local\\\\Temp\\\\aiboard-task10-fence-73sYQx","existsAtExit":false}
# C5 CLI root: {"event":"exit","path":"C:\\\\Users\\\\b_a_s\\\\AppData\\\\Local\\\\Temp\\\\aiboard-task10-fence-LwT7hz","existsAtExit":false}
# C5 CLI root: {"event":"exit","path":"C:\\\\Users\\\\b_a_s\\\\AppData\\\\Local\\\\Temp\\\\aiboard-task10-fence-cMGcnx","existsAtExit":false}
# C5 CLI root: {"event":"exit","path":"C:\\\\Users\\\\b_a_s\\\\AppData\\\\Local\\\\Temp\\\\aiboard-task10-fence-ZLuEPR","existsAtExit":false}
# C5 CLI root: {"event":"exit","path":"C:\\\\Users\\\\b_a_s\\\\AppData\\\\Local\\\\Temp\\\\aiboard-task10-fence-q3KmKc","existsAtExit":false}
# C5 CLI root: {"event":"exit","path":"C:\\\\Users\\\\b_a_s\\\\AppData\\\\Local\\\\Temp\\\\aiboard-task10-fence-nWr2qp","existsAtExit":false}
# C5 CLI root: {"event":"exit","path":"C:\\\\Users\\\\b_a_s\\\\AppData\\\\Local\\\\Temp\\\\aiboard-task10-fence-C97aCr","existsAtExit":false}
# C5 CLI root: {"event":"exit","path":"C:\\\\Users\\\\b_a_s\\\\AppData\\\\Local\\\\Temp\\\\aiboard-task10-fence-pTdbed","existsAtExit":false}
# C5 CLI root: {"event":"exit","path":"C:\\\\Users\\\\b_a_s\\\\AppData\\\\Local\\\\Temp\\\\aiboard-task10-fence-FwBZUB","existsAtExit":false}
# C5 CLI root: {"event":"exit","path":"C:\\\\Users\\\\b_a_s\\\\AppData\\\\Local\\\\Temp\\\\aiboard-task10-fence-I6lzAg","existsAtExit":false}
# C5 CLI root: {"event":"exit","path":"C:\\\\Users\\\\b_a_s\\\\AppData\\\\Local\\\\Temp\\\\aiboard-task10-fence-vMl2SZ","existsAtExit":false}
# C5 CLI root: {"event":"exit","path":"C:\\\\Users\\\\b_a_s\\\\AppData\\\\Local\\\\Temp\\\\aiboard-task10-fence-HUie3g","existsAtExit":false}
# C5 CLI root: {"event":"exit","path":"C:\\\\Users\\\\b_a_s\\\\AppData\\\\Local\\\\Temp\\\\aiboard-task10-fence-ENzgxJ","existsAtExit":false}
# C5 CLI root: {"event":"exit","path":"C:\\\\Users\\\\b_a_s\\\\AppData\\\\Local\\\\Temp\\\\aiboard-task10-fence-2wVQbj","existsAtExit":false}
# C5 CLI root: {"event":"exit","path":"C:\\\\Users\\\\b_a_s\\\\AppData\\\\Local\\\\Temp\\\\aiboard-task10-fence-6setoK","existsAtExit":false}
# C5 CLI root: {"event":"exit","path":"C:\\\\Users\\\\b_a_s\\\\AppData\\\\Local\\\\Temp\\\\aiboard-task10-fence-M4Qcpc","existsAtExit":false}
# C5 CLI root: {"event":"exit","path":"C:\\\\Users\\\\b_a_s\\\\AppData\\\\Local\\\\Temp\\\\aiboard-task10-fence-2DCGoV","existsAtExit":false}
# C5 CLI root: {"event":"exit","path":"C:\\\\Users\\\\b_a_s\\\\AppData\\\\Local\\\\Temp\\\\aiboard-task10-fence-sEqb54","existsAtExit":false}
# C5 CLI root: {"event":"exit","path":"C:\\\\Users\\\\b_a_s\\\\AppData\\\\Local\\\\Temp\\\\aiboard-task10-fence-mzfbvY","existsAtExit":false}
# C5 CLI root: {"event":"exit","path":"C:\\\\Users\\\\b_a_s\\\\AppData\\\\Local\\\\Temp\\\\aiboard-task10-fence-eQQgxp","existsAtExit":false}
# C5 CLI root: {"event":"exit","path":"C:\\\\Users\\\\b_a_s\\\\AppData\\\\Local\\\\Temp\\\\aiboard-task10-fence-EvDQyX","existsAtExit":false}
# C5 CLI root: {"event":"exit","path":"C:\\\\Users\\\\b_a_s\\\\AppData\\\\Local\\\\Temp\\\\aiboard-task10-fence-RnbRpD","existsAtExit":false}
# C5 CLI root: {"event":"exit","path":"C:\\\\Users\\\\b_a_s\\\\AppData\\\\Local\\\\Temp\\\\aiboard-task10-fence-CqmF1O","existsAtExit":false}
# C5 CLI root: {"event":"exit","path":"C:\\\\Users\\\\b_a_s\\\\AppData\\\\Local\\\\Temp\\\\aiboard-task10-fence-jBEmCf","existsAtExit":false}
# C5 CLI root: {"event":"exit","path":"C:\\\\Users\\\\b_a_s\\\\AppData\\\\Local\\\\Temp\\\\aiboard-task10-fence-Kbt8fF","existsAtExit":false}
# C5 CLI root: {"event":"exit","path":"C:\\\\Users\\\\b_a_s\\\\AppData\\\\Local\\\\Temp\\\\aiboard-task10-fence-vyW14O","existsAtExit":false}
# C5 CLI root: {"event":"exit","path":"C:\\\\Users\\\\b_a_s\\\\AppData\\\\Local\\\\Temp\\\\aiboard-task10-fence-Jdq2np","existsAtExit":false}
# C5 CLI root: {"event":"exit","path":"C:\\\\Users\\\\b_a_s\\\\AppData\\\\Local\\\\Temp\\\\aiboard-task10-fence-wgrJvV","existsAtExit":false}
# C5 CLI root: {"event":"exit","path":"C:\\\\Users\\\\b_a_s\\\\AppData\\\\Local\\\\Temp\\\\aiboard-task10-fence-cXAqpU","existsAtExit":false}
# C5 CLI root: {"event":"exit","path":"C:\\\\Users\\\\b_a_s\\\\AppData\\\\Local\\\\Temp\\\\aiboard-task10-fence-YGnv8q","existsAtExit":false}
# C5 CLI root: {"event":"exit","path":"C:\\\\Users\\\\b_a_s\\\\AppData\\\\Local\\\\Temp\\\\aiboard-task10-fence-egpJYB","existsAtExit":false}
# C5 CLI root: {"event":"exit","path":"C:\\\\Users\\\\b_a_s\\\\AppData\\\\Local\\\\Temp\\\\aiboard-task10-fence-AkXIUP","existsAtExit":false}
# C5 CLI root: {"event":"exit","path":"C:\\\\Users\\\\b_a_s\\\\AppData\\\\Local\\\\Temp\\\\aiboard-task10-fence-RZXZW5","existsAtExit":false}
# C5 CLI root: {"event":"exit","path":"C:\\\\Users\\\\b_a_s\\\\AppData\\\\Local\\\\Temp\\\\aiboard-task10-fence-ksywkI","existsAtExit":false}
# C5 CLI root: {"event":"exit","path":"C:\\\\Users\\\\b_a_s\\\\AppData\\\\Local\\\\Temp\\\\aiboard-task10-fence-XENOQz","existsAtExit":false}
# C5 CLI root: {"event":"exit","path":"C:\\\\Users\\\\b_a_s\\\\AppData\\\\Local\\\\Temp\\\\aiboard-task10-fence-Ltiw8J","existsAtExit":true}
# C5 CLI root: {"event":"exit","path":"C:\\\\Users\\\\b_a_s\\\\AppData\\\\Local\\\\Temp\\\\aiboard-task10-fence-vM036R","existsAtExit":false}
# C5 CLI root: {"event":"exit","path":"C:\\\\Users\\\\b_a_s\\\\AppData\\\\Local\\\\Temp\\\\aiboard-task10-fence-mWQz8z","existsAtExit":false}
# C5 CLI root: {"event":"exit","path":"C:\\\\Users\\\\b_a_s\\\\AppData\\\\Local\\\\Temp\\\\aiboard-task10-fence-xgaizY","existsAtExit":false}
# C5 CLI root: {"event":"exit","path":"C:\\\\Users\\\\b_a_s\\\\AppData\\\\Local\\\\Temp\\\\aiboard-task10-fence-hfsBMH","existsAtExit":false}
# C5 CLI root: {"event":"exit","path":"C:\\\\Users\\\\b_a_s\\\\AppData\\\\Local\\\\Temp\\\\aiboard-task10-fence-Hrf4iq","existsAtExit":false}
# C5 CLI root: {"event":"created","path":"C:\\\\Users\\\\b_a_s\\\\AppData\\\\Local\\\\Temp\\\\aiboard-fs-tools-cqWwdL"}
# C5 CLI root: {"event":"created","path":"C:\\\\Users\\\\b_a_s\\\\AppData\\\\Local\\\\Temp\\\\aiboard-fs-patch-crlf-M4SpJS"}
# Subtest: filesystem tools read, inspect, list, search, and preserve CRLF edits
ok 44 - filesystem tools read, inspect, list, search, and preserve CRLF edits
  ---
  duration_ms: 193.1547
  type: 'test'
  ...
# C5 CLI root: {"event":"created","path":"C:\\\\Users\\\\b_a_s\\\\AppData\\\\Local\\\\Temp\\\\aiboard-fs-git-aware-SPzTcw"}
# Subtest: fs.patch accepts LF multiline edits for CRLF files without mixing line endings
ok 45 - fs.patch accepts LF multiline edits for CRLF files without mixing line endings
  ---
  duration_ms: 30.7225
  type: 'test'
  ...
# C5 CLI root: {"event":"created","path":"C:\\\\Users\\\\b_a_s\\\\AppData\\\\Local\\\\Temp\\\\aiboard-fs-mutations-FM2pRY"}
# Subtest: directory listing and search follow Git discovery and classification
ok 46 - directory listing and search follow Git discovery and classification
  ---
  duration_ms: 635.0934
  type: 'test'
  ...
# C5 CLI root: {"event":"created","path":"C:\\\\Users\\\\b_a_s\\\\AppData\\\\Local\\\\Temp\\\\aiboard-fs-diagnostics-EIpW3H"}
# Subtest: filesystem mutations are revision-aware, serialized, movable, and deletable
ok 47 - filesystem mutations are revision-aware, serialized, movable, and deletable
  ---
  duration_ms: 78.8623
  type: 'test'
  ...
# C5 CLI root: {"event":"created","path":"C:\\\\Users\\\\b_a_s\\\\AppData\\\\Local\\\\Temp\\\\aiboard-fs-diagnostic-failure-sRH9Dt"}
# Subtest: text mutations attach changed-file TypeScript diagnostics
ok 48 - text mutations attach changed-file TypeScript diagnostics
  ---
  duration_ms: 283.2322
  type: 'test'
  ...
# C5 CLI root: {"event":"created","path":"C:\\\\Users\\\\b_a_s\\\\AppData\\\\Local\\\\Temp\\\\aiboard-fs-benchmark-policy-h7vpl8"}
# Subtest: diagnostic failures never roll back a successful atomic mutation
ok 49 - diagnostic failures never roll back a successful atomic mutation
  ---
  duration_ms: 27.6476
  type: 'test'
  ...
# Subtest: benchmark filesystem policy hides oracle files and protects verifier assets
ok 50 - benchmark filesystem policy hides oracle files and protects verifier assets
  ---
  duration_ms: 104.9086
  type: 'test'
  ...
# C5 CLI root: {"event":"exit","path":"C:\\\\Users\\\\b_a_s\\\\AppData\\\\Local\\\\Temp\\\\aiboard-fs-tools-cqWwdL","existsAtExit":false}
# C5 CLI root: {"event":"exit","path":"C:\\\\Users\\\\b_a_s\\\\AppData\\\\Local\\\\Temp\\\\aiboard-fs-patch-crlf-M4SpJS","existsAtExit":false}
# C5 CLI root: {"event":"exit","path":"C:\\\\Users\\\\b_a_s\\\\AppData\\\\Local\\\\Temp\\\\aiboard-fs-git-aware-SPzTcw","existsAtExit":false}
# C5 CLI root: {"event":"exit","path":"C:\\\\Users\\\\b_a_s\\\\AppData\\\\Local\\\\Temp\\\\aiboard-fs-mutations-FM2pRY","existsAtExit":false}
# C5 CLI root: {"event":"exit","path":"C:\\\\Users\\\\b_a_s\\\\AppData\\\\Local\\\\Temp\\\\aiboard-fs-diagnostics-EIpW3H","existsAtExit":false}
# C5 CLI root: {"event":"exit","path":"C:\\\\Users\\\\b_a_s\\\\AppData\\\\Local\\\\Temp\\\\aiboard-fs-diagnostic-failure-sRH9Dt","existsAtExit":false}
# C5 CLI root: {"event":"exit","path":"C:\\\\Users\\\\b_a_s\\\\AppData\\\\Local\\\\Temp\\\\aiboard-fs-benchmark-policy-h7vpl8","existsAtExit":false}
# C5 CLI root: {"event":"created","path":"C:\\\\Users\\\\b_a_s\\\\AppData\\\\Local\\\\Temp\\\\p683-context-8XPNF8"}
# Subtest: LSP invocation propagates the exact original code.workspace_symbols grant and identity
ok 51 - LSP invocation propagates the exact original code.workspace_symbols grant and identity
  ---
  duration_ms: 16.2942
  type: 'test'
  ...
# invocation root acquired: C:\\Users\\b_a_s\\AppData\\Local\\Temp\\p683-context-8XPNF8
# invocation root removed: C:\\Users\\b_a_s\\AppData\\Local\\Temp\\p683-context-8XPNF8
# C5 CLI root: {"event":"created","path":"C:\\\\Users\\\\b_a_s\\\\AppData\\\\Local\\\\Temp\\\\p683-context-0CwG7G"}
# Subtest: LSP invocation propagates the exact original code.definition grant and identity
ok 52 - LSP invocation propagates the exact original code.definition grant and identity
  ---
  duration_ms: 2.7865
  type: 'test'
  ...
# invocation root acquired: C:\\Users\\b_a_s\\AppData\\Local\\Temp\\p683-context-0CwG7G
# invocation root removed: C:\\Users\\b_a_s\\AppData\\Local\\Temp\\p683-context-0CwG7G
# C5 CLI root: {"event":"created","path":"C:\\\\Users\\\\b_a_s\\\\AppData\\\\Local\\\\Temp\\\\p683-context-IGspjw"}
# Subtest: LSP invocation propagates the exact original code.references grant and identity
ok 53 - LSP invocation propagates the exact original code.references grant and identity
  ---
  duration_ms: 2.178
  type: 'test'
  ...
# invocation root acquired: C:\\Users\\b_a_s\\AppData\\Local\\Temp\\p683-context-IGspjw
# invocation root removed: C:\\Users\\b_a_s\\AppData\\Local\\Temp\\p683-context-IGspjw
# C5 CLI root: {"event":"created","path":"C:\\\\Users\\\\b_a_s\\\\AppData\\\\Local\\\\Temp\\\\p683-context-UMoomT"}
# Subtest: LSP invocation propagates the exact original code.diagnostics grant and identity
ok 54 - LSP invocation propagates the exact original code.diagnostics grant and identity
  ---
  duration_ms: 1.9121
  type: 'test'
  ...
# invocation root acquired: C:\\Users\\b_a_s\\AppData\\Local\\Temp\\p683-context-UMoomT
# invocation root removed: C:\\Users\\b_a_s\\AppData\\Local\\Temp\\p683-context-UMoomT
# C5 CLI root: {"event":"created","path":"C:\\\\Users\\\\b_a_s\\\\AppData\\\\Local\\\\Temp\\\\p683-context-mO3RG3"}
# Subtest: LSP invocation propagates the exact original fs.write grant and identity
ok 55 - LSP invocation propagates the exact original fs.write grant and identity
  ---
  duration_ms: 27.408
  type: 'test'
  ...
# invocation root acquired: C:\\Users\\b_a_s\\AppData\\Local\\Temp\\p683-context-mO3RG3
# invocation root removed: C:\\Users\\b_a_s\\AppData\\Local\\Temp\\p683-context-mO3RG3
# C5 CLI root: {"event":"exit","path":"C:\\\\Users\\\\b_a_s\\\\AppData\\\\Local\\\\Temp\\\\p683-context-8XPNF8","existsAtExit":false}
# C5 CLI root: {"event":"exit","path":"C:\\\\Users\\\\b_a_s\\\\AppData\\\\Local\\\\Temp\\\\p683-context-0CwG7G","existsAtExit":false}
# C5 CLI root: {"event":"exit","path":"C:\\\\Users\\\\b_a_s\\\\AppData\\\\Local\\\\Temp\\\\p683-context-IGspjw","existsAtExit":false}
# C5 CLI root: {"event":"exit","path":"C:\\\\Users\\\\b_a_s\\\\AppData\\\\Local\\\\Temp\\\\p683-context-UMoomT","existsAtExit":false}
# C5 CLI root: {"event":"exit","path":"C:\\\\Users\\\\b_a_s\\\\AppData\\\\Local\\\\Temp\\\\p683-context-mO3RG3","existsAtExit":false}
1..55
# tests 55
# suites 0
# pass 54
# fail 1
# cancelled 0
# skipped 0
# todo 0
# duration_ms 5218.0695
