TAP version 13
# C5 CLI root: {"event":"created","path":"C:\\\\Users\\\\b_a_s\\\\AppData\\\\Local\\\\Temp\\\\aiboard-task9-credential-helper-W5bay9"}
# C5 CLI root: {"event":"created","path":"C:\\\\Users\\\\b_a_s\\\\AppData\\\\Local\\\\Temp\\\\aiboard-task9-credential-helper-W5bay9"}
# C5 CLI root: {"event":"created","path":"C:\\\\Users\\\\b_a_s\\\\AppData\\\\Local\\\\Temp\\\\aiboard-windows-semantic-duplex-1xTV37"}
# C5 CLI root: {"event":"created","path":"C:\\\\Users\\\\b_a_s\\\\AppData\\\\Local\\\\Temp\\\\aiboard-windows-semantic-batch-0FBQMD"}
# C5 CLI root: {"event":"created","path":"C:\\\\Users\\\\b_a_s\\\\AppData\\\\Local\\\\Temp\\\\aiboard-windows-semantic-tree-eow2wQ"}
# Subtest: Task 9 refuses repository credential helpers before an explicitly network-authorized push
not ok 1 - Task 9 refuses repository credential helpers before an explicitly network-authorized push
  ---
  duration_ms: 13987.1179
  type: 'test'
  location: 'D:\\repos\\ai-discussion-board\\.worktrees\\runner-v2-robust-build\\runner-v2\\test\\git-indirect-execution-policy.test.ts:3:5708'
  failureType: 'testCodeFailure'
  error: 'Missing expected rejection.'
  code: 'ERR_ASSERTION'
  name: 'AssertionError'
  stack: |-
    process.processTicksAndRejections (node:internal/process/task_queues:104:5)
    async expectPolicyRefused (D:\repos\ai-discussion-board\.worktrees\runner-v2-robust-build\runner-v2\test\git-indirect-execution-policy.test.ts:106:3)
    async <anonymous> (D:\repos\ai-discussion-board\.worktrees\runner-v2-robust-build\runner-v2\test\git-indirect-execution-policy.test.ts:285:9)
    async withCallGit (D:\repos\ai-discussion-board\.worktrees\runner-v2-robust-build\runner-v2\test\git-indirect-execution-policy.test.ts:101:16)
    async <anonymous> (D:\repos\ai-discussion-board\.worktrees\runner-v2-robust-build\runner-v2\test\git-indirect-execution-policy.test.ts:284:7)
    async withProductionGit (D:\repos\ai-discussion-board\.worktrees\runner-v2-robust-build\runner-v2\test\git-indirect-execution-policy.test.ts:48:5)
    async TestContext.<anonymous> (D:\repos\ai-discussion-board\.worktrees\runner-v2-robust-build\runner-v2\test\git-indirect-execution-policy.test.ts:269:3)
    async Test.run (node:internal/test_runner/test:1332:7)
    async startSubtestAfterBootstrap (node:internal/test_runner/harness:385:3)
  ...
# C5 CLI root: {"event":"exit","path":"C:\\\\Users\\\\b_a_s\\\\AppData\\\\Local\\\\Temp\\\\aiboard-task9-credential-helper-W5bay9","existsAtExit":true}
# C5 CLI root: {"event":"exit","path":"C:\\\\Users\\\\b_a_s\\\\AppData\\\\Local\\\\Temp\\\\aiboard-windows-semantic-duplex-1xTV37","existsAtExit":false}
# C5 CLI root: {"event":"exit","path":"C:\\\\Users\\\\b_a_s\\\\AppData\\\\Local\\\\Temp\\\\aiboard-windows-semantic-batch-0FBQMD","existsAtExit":false}
# C5 CLI root: {"event":"exit","path":"C:\\\\Users\\\\b_a_s\\\\AppData\\\\Local\\\\Temp\\\\aiboard-windows-semantic-tree-eow2wQ","existsAtExit":false}
1..1
# tests 1
# suites 0
# pass 0
# fail 1
# cancelled 0
# skipped 0
# todo 0
# duration_ms 15244.8127
