TAP version 13
# C5 CLI root: {"event":"created","path":"C:\\\\Users\\\\b_a_s\\\\AppData\\\\Local\\\\Temp\\\\aiboard-change-set-contract-P2Vca3"}
# C5 CLI root: {"event":"created","path":"C:\\\\Users\\\\b_a_s\\\\AppData\\\\Local\\\\Temp\\\\aiboard-change-set-ownership-pAfh67"}
# Subtest: change sets require exact current criterion evidence mappings
ok 1 - change sets require exact current criterion evidence mappings
  ---
  duration_ms: 1686.0705
  type: 'test'
  ...
# C5 CLI root: {"event":"created","path":"C:\\\\Users\\\\b_a_s\\\\AppData\\\\Local\\\\Temp\\\\aiboard-change-set-actor-ownership-wBQUAm"}
# Subtest: criterion mappings reject evidence from another task or stale attempt
ok 2 - criterion mappings reject evidence from another task or stale attempt
  ---
  duration_ms: 1587.2882
  type: 'test'
  ...
# Subtest: criterion mappings bind evidence to the assigned worker or an attributed descendant
ok 3 - criterion mappings bind evidence to the assigned worker or an attributed descendant
  ---
  duration_ms: 1628.6379
  type: 'test'
  ...
# C5 CLI root: {"event":"exit","path":"C:\\\\Users\\\\b_a_s\\\\AppData\\\\Local\\\\Temp\\\\aiboard-change-set-contract-P2Vca3","existsAtExit":false}
# C5 CLI root: {"event":"exit","path":"C:\\\\Users\\\\b_a_s\\\\AppData\\\\Local\\\\Temp\\\\aiboard-change-set-ownership-pAfh67","existsAtExit":false}
# C5 CLI root: {"event":"exit","path":"C:\\\\Users\\\\b_a_s\\\\AppData\\\\Local\\\\Temp\\\\aiboard-change-set-actor-ownership-wBQUAm","existsAtExit":false}
# Subtest: prepares a public name-only capability while preserving safe platform variables
ok 4 - prepares a public name-only capability while preserving safe platform variables
  ---
  duration_ms: 7.6477
  type: 'test'
  ...
# Subtest: explicit undefined removes an inherited safe variable by canonical name
ok 5 - explicit undefined removes an inherited safe variable by canonical name
  ---
  duration_ms: 0.2072
  type: 'test'
  ...
# Subtest: removes provider-prefixed credentials from ambient and explicit input but admits an exact grant
ok 6 - removes provider-prefixed credentials from ambient and explicit input but admits an exact grant
  ---
  duration_ms: 0.5903
  type: 'test'
  ...
# Subtest: atomically consumes an authoritative opaque grant and exposes values only to the trusted callback once
ok 7 - atomically consumes an authoritative opaque grant and exposes values only to the trusted callback once
  ---
  duration_ms: 0.3805
  type: 'test'
  ...
# Subtest: rejects forged ids, replay, mismatched authoritative bindings, and expiry with generic errors
ok 8 - rejects forged ids, replay, mismatched authoritative bindings, and expiry with generic errors
  ---
  duration_ms: 0.3719
  type: 'test'
  ...
# Subtest: factory atomically blocks non-consuming and reentrant grant redemption attempts
ok 9 - factory atomically blocks non-consuming and reentrant grant redemption attempts
  ---
  duration_ms: 0.1773
  type: 'test'
  ...
# Subtest: snapshots a getter-backed opaque grant id before reservation and redemption
ok 10 - snapshots a getter-backed opaque grant id before reservation and redemption
  ---
  duration_ms: 0.1707
  type: 'test'
  ...
# Subtest: rejects non-credential, Runner, and canonical-colliding authoritative grant names
ok 11 - rejects non-credential, Runner, and canonical-colliding authoritative grant names
  ---
  duration_ms: 0.2308
  type: 'test'
  ...
# Subtest: contains resolver and untrusted failures without reflecting sentinel names or values
ok 12 - contains resolver and untrusted failures without reflecting sentinel names or values
  ---
  duration_ms: 0.2272
  type: 'test'
  ...
# Subtest: preserves reserved object-property environment names without adding environment hooks
ok 13 - preserves reserved object-property environment names without adding environment hooks
  ---
  duration_ms: 0.1852
  type: 'test'
  ...
# C5 CLI root: {"event":"created","path":"C:\\\\Users\\\\b_a_s\\\\AppData\\\\Local\\\\Temp\\\\aiboard-baseline-dirty-UZrL4a"}
# C5 CLI root: {"event":"created","path":"C:\\\\Users\\\\b_a_s\\\\AppData\\\\Local\\\\Temp\\\\aiboard-baseline-new-EwkhkD"}
# Subtest: dirty repository baseline preserves branch, HEAD, index, status, and files
ok 14 - dirty repository baseline preserves branch, HEAD, index, status, and files
  ---
  duration_ms: 1697.8386
  type: 'test'
  ...
# C5 CLI root: {"event":"created","path":"C:\\\\Users\\\\b_a_s\\\\AppData\\\\Local\\\\Temp\\\\aiboard-baseline-unborn-ybvTmd"}
# Subtest: non-repository bootstrap creates an initial safe baseline without global identity
ok 15 - non-repository bootstrap creates an initial safe baseline without global identity
  ---
  duration_ms: 1000.7065
  type: 'test'
  ...
# Subtest: unborn repository bootstrap creates HEAD and applies safe ignore defaults
ok 16 - unborn repository bootstrap creates HEAD and applies safe ignore defaults
  ---
  duration_ms: 888.5409
  type: 'test'
  ...
# C5 CLI root: {"event":"exit","path":"C:\\\\Users\\\\b_a_s\\\\AppData\\\\Local\\\\Temp\\\\aiboard-baseline-dirty-UZrL4a","existsAtExit":false}
# C5 CLI root: {"event":"exit","path":"C:\\\\Users\\\\b_a_s\\\\AppData\\\\Local\\\\Temp\\\\aiboard-baseline-new-EwkhkD","existsAtExit":false}
# C5 CLI root: {"event":"exit","path":"C:\\\\Users\\\\b_a_s\\\\AppData\\\\Local\\\\Temp\\\\aiboard-baseline-unborn-ybvTmd","existsAtExit":false}
# C5 CLI root: {"event":"created","path":"C:\\\\Users\\\\b_a_s\\\\AppData\\\\Local\\\\Temp\\\\p6-git-bootstrap-F8OKBv"}
# Subtest: baseline bootstrap full binds the real run/profile and closes its owner before returning
ok 17 - baseline bootstrap full binds the real run/profile and closes its owner before returning
  ---
  duration_ms: 8.4236
  type: 'test'
  ...
# exact synthetic bootstrap acquired: C:\\Users\\b_a_s\\AppData\\Local\\Temp\\p6-git-bootstrap-F8OKBv
# synthetic bootstrap fixture removed: C:\\Users\\b_a_s\\AppData\\Local\\Temp\\p6-git-bootstrap-F8OKBv
# C5 CLI root: {"event":"created","path":"C:\\\\Users\\\\b_a_s\\\\AppData\\\\Local\\\\Temp\\\\p6-git-bootstrap-dfOObj"}
# Subtest: baseline bootstrap project binds the real run/profile and closes its owner before returning
ok 18 - baseline bootstrap project binds the real run/profile and closes its owner before returning
  ---
  duration_ms: 3.3469
  type: 'test'
  ...
# exact synthetic bootstrap acquired: C:\\Users\\b_a_s\\AppData\\Local\\Temp\\p6-git-bootstrap-dfOObj
# synthetic bootstrap fixture removed: C:\\Users\\b_a_s\\AppData\\Local\\Temp\\p6-git-bootstrap-dfOObj
# C5 CLI root: {"event":"created","path":"C:\\\\Users\\\\b_a_s\\\\AppData\\\\Local\\\\Temp\\\\p6-git-bootstrap-7uEJD3"}
# Subtest: baseline bootstrap guarded binds the real run/profile and closes its owner before returning
ok 19 - baseline bootstrap guarded binds the real run/profile and closes its owner before returning
  ---
  duration_ms: 3.2605
  type: 'test'
  ...
# exact synthetic bootstrap acquired: C:\\Users\\b_a_s\\AppData\\Local\\Temp\\p6-git-bootstrap-7uEJD3
# C5 CLI root: {"event":"created","path":"C:\\\\Users\\\\b_a_s\\\\AppData\\\\Local\\\\Temp\\\\p6-git-history-aAiLlu"}
# synthetic bootstrap fixture removed: C:\\Users\\b_a_s\\AppData\\Local\\Temp\\p6-git-bootstrap-7uEJD3
# C5 CLI root: {"event":"created","path":"C:\\\\Users\\\\b_a_s\\\\AppData\\\\Local\\\\Temp\\\\aiboard-git-inspection-UpwO0H"}
# C5 CLI root: {"event":"created","path":"C:\\\\Users\\\\b_a_s\\\\AppData\\\\Local\\\\Temp\\\\aiboard-git-inspection-9QBHkM"}
# C5 CLI root: {"event":"created","path":"C:\\\\Users\\\\b_a_s\\\\AppData\\\\Local\\\\Temp\\\\aiboard-git-inspection-NGFUnx"}
# Subtest: historical Git query owns separate transient state and exposes no active-run writer
ok 20 - historical Git query owns separate transient state and exposes no active-run writer
  ---
  duration_ms: 153.9876
  type: 'test'
  ...
# exact non-native historical fixture acquired: C:\\Users\\b_a_s\\AppData\\Local\\Temp\\p6-git-history-aAiLlu
# historical fixture removed, original history unchanged: C:\\Users\\b_a_s\\AppData\\Local\\Temp\\p6-git-history-aAiLlu
# C5 CLI root: {"event":"exit","path":"C:\\\\Users\\\\b_a_s\\\\AppData\\\\Local\\\\Temp\\\\p6-git-bootstrap-F8OKBv","existsAtExit":false}
# C5 CLI root: {"event":"exit","path":"C:\\\\Users\\\\b_a_s\\\\AppData\\\\Local\\\\Temp\\\\p6-git-bootstrap-dfOObj","existsAtExit":false}
# C5 CLI root: {"event":"exit","path":"C:\\\\Users\\\\b_a_s\\\\AppData\\\\Local\\\\Temp\\\\p6-git-bootstrap-7uEJD3","existsAtExit":false}
# C5 CLI root: {"event":"exit","path":"C:\\\\Users\\\\b_a_s\\\\AppData\\\\Local\\\\Temp\\\\p6-git-history-aAiLlu","existsAtExit":false}
# C5 CLI root: {"event":"exit","path":"C:\\\\Users\\\\b_a_s\\\\AppData\\\\Local\\\\Temp\\\\aiboard-git-inspection-UpwO0H","existsAtExit":false}
# C5 CLI root: {"event":"exit","path":"C:\\\\Users\\\\b_a_s\\\\AppData\\\\Local\\\\Temp\\\\aiboard-git-inspection-9QBHkM","existsAtExit":false}
# C5 CLI root: {"event":"exit","path":"C:\\\\Users\\\\b_a_s\\\\AppData\\\\Local\\\\Temp\\\\aiboard-git-inspection-NGFUnx","existsAtExit":true}
# Subtest: migrated Git execution paths have no raw launch ambient environment or stateless compatibility fallback
ok 21 - migrated Git execution paths have no raw launch ambient environment or stateless compatibility fallback
  ---
  duration_ms: 96.5417
  type: 'test'
  ...
# Subtest: Git family audit rejects aliased spawn without executing it
ok 22 - Git family audit rejects aliased spawn without executing it
  ---
  duration_ms: 0.4062
  type: 'test'
  ...
# Subtest: Git family audit rejects namespace exec without executing it
ok 23 - Git family audit rejects namespace exec without executing it
  ---
  duration_ms: 0.195
  type: 'test'
  ...
# Subtest: Git family audit rejects dynamic import without executing it
ok 24 - Git family audit rejects dynamic import without executing it
  ---
  duration_ms: 0.216
  type: 'test'
  ...
# Subtest: Git family audit rejects require destructuring without executing it
ok 25 - Git family audit rejects require destructuring without executing it
  ---
  duration_ms: 0.1042
  type: 'test'
  ...
# Subtest: Git family audit rejects ambient merge without executing it
ok 26 - Git family audit rejects ambient merge without executing it
  ---
  duration_ms: 0.1203
  type: 'test'
  ...
# Subtest: Git family audit rejects indexed ambient without executing it
ok 27 - Git family audit rejects indexed ambient without executing it
  ---
  duration_ms: 0.1074
  type: 'test'
  ...
# Subtest: Git family audit rejects numeric signal without executing it
ok 28 - Git family audit rejects numeric signal without executing it
  ---
  duration_ms: 0.097
  type: 'test'
  ...
# Subtest: Git family audit rejects child handle kill without executing it
ok 29 - Git family audit rejects child handle kill without executing it
  ---
  duration_ms: 0.0895
  type: 'test'
  ...
# Subtest: Git family audit rejects shell execution without executing it
ok 30 - Git family audit rejects shell execution without executing it
  ---
  duration_ms: 0.1428
  type: 'test'
  ...
# Subtest: Git family audit rejects PowerShell launcher without executing it
ok 31 - Git family audit rejects PowerShell launcher without executing it
  ---
  duration_ms: 0.1677
  type: 'test'
  ...
# Subtest: Git audit does not confuse documentation strings with process effects
ok 32 - Git audit does not confuse documentation strings with process effects
  ---
  duration_ms: 0.1166
  type: 'test'
  ...
# Subtest: every active production Git owner is explicitly composed and no test adapter is product-reachable
ok 33 - every active production Git owner is explicitly composed and no test adapter is product-reachable
  ---
  duration_ms: 308.008
  type: 'test'
  ...
# Subtest: the non-Git package resolver scope is not a blanket ambient-environment exemption
ok 34 - the non-Git package resolver scope is not a blanket ambient-environment exemption
  ---
  duration_ms: 0.2715
  type: 'test'
  ...
# Subtest: Git compatibility wrappers delegate only to the explicit exact runner
ok 35 - Git compatibility wrappers delegate only to the explicit exact runner
  ---
  duration_ms: 2.0782
  type: 'test'
  ...
# Subtest: Git wrappers refuse absent injection before any operating-system effect
ok 36 - Git wrappers refuse absent injection before any operating-system effect
  ---
  duration_ms: 0.5971
  type: 'test'
  ...
# Subtest: Git tools bind every subcommand to the actual ToolBroker call
ok 37 - Git tools bind every subcommand to the actual ToolBroker call
  ---
  duration_ms: 0.7317
  type: 'test'
  ...
# C5 CLI root: {"event":"created","path":"C:\\\\Users\\\\b_a_s\\\\AppData\\\\Local\\\\Temp\\\\p6-git-caller-MuMose"}
# Subtest: Repository intelligence uses its injected runner for every Git query
ok 38 - Repository intelligence uses its injected runner for every Git query
  ---
  duration_ms: 6.5755
  type: 'test'
  ...
# exact caller fixture acquired: C:\\Users\\b_a_s\\AppData\\Local\\Temp\\p6-git-caller-MuMose
# C5 CLI root: {"event":"created","path":"C:\\\\Users\\\\b_a_s\\\\AppData\\\\Local\\\\Temp\\\\p6-git-baseline-guard-2yc4t4"}
# exact caller fixture removed: C:\\Users\\b_a_s\\AppData\\Local\\Temp\\p6-git-caller-MuMose
# Subtest: Baseline refuses missing Git authority before changing a project or its index
ok 39 - Baseline refuses missing Git authority before changing a project or its index
  ---
  duration_ms: 1.4909
  type: 'test'
  ...
# exact baseline guard fixture acquired: C:\\Users\\b_a_s\\AppData\\Local\\Temp\\p6-git-baseline-guard-2yc4t4
# exact baseline guard fixture removed: C:\\Users\\b_a_s\\AppData\\Local\\Temp\\p6-git-baseline-guard-2yc4t4
# Subtest: standalone preflight refuses an absent closed owner instead of constructing ambient execution
ok 40 - standalone preflight refuses an absent closed owner instead of constructing ambient execution
  ---
  duration_ms: 0.4158
  type: 'test'
  ...
# C5 CLI root: {"event":"exit","path":"C:\\\\Users\\\\b_a_s\\\\AppData\\\\Local\\\\Temp\\\\p6-git-caller-MuMose","existsAtExit":false}
# C5 CLI root: {"event":"exit","path":"C:\\\\Users\\\\b_a_s\\\\AppData\\\\Local\\\\Temp\\\\p6-git-baseline-guard-2yc4t4","existsAtExit":false}
# C5 CLI root: {"event":"created","path":"C:\\\\Users\\\\b_a_s\\\\AppData\\\\Local\\\\Temp\\\\p6-git-control-XgRae8"}
# Subtest: Git bootstrap API preserves typed strict refusal
ok 41 - Git bootstrap API preserves typed strict refusal
  ---
  duration_ms: 63.9802
  type: 'test'
  ...
# exact control fixture acquired: C:\\Users\\b_a_s\\AppData\\Local\\Temp\\p6-git-control-XgRae8
# control fixture closed and removed: C:\\Users\\b_a_s\\AppData\\Local\\Temp\\p6-git-control-XgRae8
# C5 CLI root: {"event":"created","path":"C:\\\\Users\\\\b_a_s\\\\AppData\\\\Local\\\\Temp\\\\p6-git-control-KlZtdV"}
# Subtest: Git bootstrap API preserves untrusted-error redaction
ok 42 - Git bootstrap API preserves untrusted-error redaction
  ---
  duration_ms: 27.2383
  type: 'test'
  ...
# exact control fixture acquired: C:\\Users\\b_a_s\\AppData\\Local\\Temp\\p6-git-control-KlZtdV
# control fixture closed and removed: C:\\Users\\b_a_s\\AppData\\Local\\Temp\\p6-git-control-KlZtdV
# C5 CLI root: {"event":"exit","path":"C:\\\\Users\\\\b_a_s\\\\AppData\\\\Local\\\\Temp\\\\p6-git-control-XgRae8","existsAtExit":false}
# C5 CLI root: {"event":"exit","path":"C:\\\\Users\\\\b_a_s\\\\AppData\\\\Local\\\\Temp\\\\p6-git-control-KlZtdV","existsAtExit":false}
# C5 CLI root: {"event":"created","path":"C:\\\\Users\\\\b_a_s\\\\AppData\\\\Local\\\\Temp\\\\runner-git-bounded-7tiTQh"}
# Subtest: bounded Git execution times out by policy and verifies that its process is gone
ok 43 - bounded Git execution times out by policy and verifies that its process is gone
  ---
  duration_ms: 15244.3105
  type: 'test'
  ...
# exact Git fixture acquired: C:\\Users\\b_a_s\\AppData\\Local\\Temp\\runner-git-bounded-7tiTQh
# C5 CLI root: {"event":"created","path":"C:\\\\Users\\\\b_a_s\\\\AppData\\\\Local\\\\Temp\\\\runner-git-tree-bounded-aA6A8H"}
# certified Git root removed: C:\\Users\\b_a_s\\AppData\\Local\\Temp\\runner-git-bounded-7tiTQh
# Subtest: bounded Git execution verifies the complete process tree, including detached descendants
ok 44 - bounded Git execution verifies the complete process tree, including detached descendants
  ---
  duration_ms: 15700.4273
  type: 'test'
  ...
# exact Git fixture acquired: C:\\Users\\b_a_s\\AppData\\Local\\Temp\\runner-git-tree-bounded-aA6A8H
# certified Git root removed: C:\\Users\\b_a_s\\AppData\\Local\\Temp\\runner-git-tree-bounded-aA6A8H
# Subtest: bounded internal execution retains output from a child that exits before sink registration
ok 45 - bounded internal execution retains output from a child that exits before sink registration
  ---
  duration_ms: 2153.903
  type: 'test'
  ...
# Subtest: Git preflight reports missing Git without trying to install it
ok 46 - Git preflight reports missing Git without trying to install it
  ---
  duration_ms: 0.3314
  type: 'test'
  ...
# Subtest: Git preflight parses Windows versions and enforces the minimum
ok 47 - Git preflight parses Windows versions and enforces the minimum
  ---
  duration_ms: 0.2538
  type: 'test'
  ...
# Subtest: Git preflight treats malformed successful output as unavailable
ok 48 - Git preflight treats malformed successful output as unavailable
  ---
  duration_ms: 0.0894
  type: 'test'
  ...
# C5 CLI root: {"event":"exit","path":"C:\\\\Users\\\\b_a_s\\\\AppData\\\\Local\\\\Temp\\\\runner-git-bounded-7tiTQh","existsAtExit":false}
# C5 CLI root: {"event":"exit","path":"C:\\\\Users\\\\b_a_s\\\\AppData\\\\Local\\\\Temp\\\\runner-git-tree-bounded-aA6A8H","existsAtExit":false}
# C5 CLI root: {"event":"created","path":"C:\\\\Users\\\\b_a_s\\\\AppData\\\\Local\\\\Temp\\\\p6-native-git-managers-B5uLrg"}
# C5 CLI root: {"event":"created","path":"C:\\\\Users\\\\b_a_s\\\\AppData\\\\Local\\\\Temp\\\\aiboard-windows-semantic-duplex-Qz7OtY"}
# C5 CLI root: {"event":"created","path":"C:\\\\Users\\\\b_a_s\\\\AppData\\\\Local\\\\Temp\\\\aiboard-windows-semantic-batch-47ZUdl"}
# C5 CLI root: {"event":"created","path":"C:\\\\Users\\\\b_a_s\\\\AppData\\\\Local\\\\Temp\\\\aiboard-windows-semantic-tree-CCYUyk"}
# Subtest: actual baseline task integration verification and historical Git use their real run owner
not ok 49 - actual baseline task integration verification and historical Git use their real run owner
  ---
  duration_ms: 2517.3377
  type: 'test'
  location: 'D:\\repos\\ai-discussion-board\\.worktrees\\runner-v2-robust-build\\runner-v2\\test\\git-production-managers.test.ts:1:1000'
  failureType: 'testCodeFailure'
  error: 'Process launch was not proven.'
  code: 'launch_not_proven'
  name: 'SubprocessRuntimeError'
  stack: |-
    RunnerSubprocessRuntime.runClaimed (D:\repos\ai-discussion-board\.worktrees\runner-v2-robust-build\runner-v2\src\subprocess-runtime.ts:560:13)
    async Object.execute (D:\repos\ai-discussion-board\.worktrees\runner-v2-robust-build\runner-v2\src\one-shot-command-executor.ts:211:19)
    async runBytes (D:\repos\ai-discussion-board\.worktrees\runner-v2-robust-build\runner-v2\src\git-runtime-runner.ts:46:24)
    async run (D:\repos\ai-discussion-board\.worktrees\runner-v2-robust-build\runner-v2\src\git-runtime-runner.ts:89:22)
    async inspectRepository (D:\repos\ai-discussion-board\.worktrees\runner-v2-robust-build\runner-v2\src\git-repository.ts:33:18)
    async captureGitBaseline (D:\repos\ai-discussion-board\.worktrees\runner-v2-robust-build\runner-v2\src\git-baseline.ts:66:20)
    async captureRunGitBaseline (D:\repos\ai-discussion-board\.worktrees\runner-v2-robust-build\runner-v2\src\git-bootstrap.ts:30:14)
    async TestContext.<anonymous> (D:\repos\ai-discussion-board\.worktrees\runner-v2-robust-build\runner-v2\test\git-production-managers.test.ts:32:22)
    async Test.run (node:internal/test_runner/test:1332:7)
    async startSubtestAfterBootstrap (node:internal/test_runner/harness:385:3)
  ...
# exact native Git manager fixture acquired: C:\\Users\\b_a_s\\AppData\\Local\\Temp\\p6-native-git-managers-B5uLrg
# C5 CLI root: {"event":"exit","path":"C:\\\\Users\\\\b_a_s\\\\AppData\\\\Local\\\\Temp\\\\p6-native-git-managers-B5uLrg","existsAtExit":true}
# C5 CLI root: {"event":"exit","path":"C:\\\\Users\\\\b_a_s\\\\AppData\\\\Local\\\\Temp\\\\aiboard-windows-semantic-duplex-Qz7OtY","existsAtExit":true}
# C5 CLI root: {"event":"exit","path":"C:\\\\Users\\\\b_a_s\\\\AppData\\\\Local\\\\Temp\\\\aiboard-windows-semantic-batch-47ZUdl","existsAtExit":true}
# C5 CLI root: {"event":"exit","path":"C:\\\\Users\\\\b_a_s\\\\AppData\\\\Local\\\\Temp\\\\aiboard-windows-semantic-tree-CCYUyk","existsAtExit":true}
# C5 CLI root: {"event":"created","path":"C:\\\\Users\\\\b_a_s\\\\AppData\\\\Local\\\\Temp\\\\aiboard git inspect UNdLq7"}
# C5 CLI root: {"event":"created","path":"C:\\\\Users\\\\b_a_s\\\\AppData\\\\Local\\\\Temp\\\\aiboard-git-inspect-8bAHOB"}
# C5 CLI root: {"event":"created","path":"C:\\\\Users\\\\b_a_s\\\\AppData\\\\Local\\\\Temp\\\\aiboard-git-output-SXgg9K"}
# Subtest: repository inspection handles non-repositories and paths with spaces
ok 50 - repository inspection handles non-repositories and paths with spaces
  ---
  duration_ms: 50.1652
  type: 'test'
  ...
# Subtest: repository inspection attributes staged, unstaged, and untracked state
ok 51 - repository inspection attributes staged, unstaged, and untracked state
  ---
  duration_ms: 457.1726
  type: 'test'
  ...
# Subtest: Git command output is bounded and never routed through a shell
ok 52 - Git command output is bounded and never routed through a shell
  ---
  duration_ms: 111.9327
  type: 'test'
  ...
# C5 CLI root: {"event":"exit","path":"C:\\\\Users\\\\b_a_s\\\\AppData\\\\Local\\\\Temp\\\\aiboard git inspect UNdLq7","existsAtExit":false}
# C5 CLI root: {"event":"exit","path":"C:\\\\Users\\\\b_a_s\\\\AppData\\\\Local\\\\Temp\\\\aiboard-git-inspect-8bAHOB","existsAtExit":false}
# C5 CLI root: {"event":"exit","path":"C:\\\\Users\\\\b_a_s\\\\AppData\\\\Local\\\\Temp\\\\aiboard-git-output-SXgg9K","existsAtExit":false}
# C5 CLI root: {"event":"created","path":"C:\\\\Users\\\\b_a_s\\\\AppData\\\\Local\\\\Temp\\\\p6-git-context-AsTsTO"}
# Subtest: run Git context gives several commands distinct child authority under the same real ToolBroker call
ok 53 - run Git context gives several commands distinct child authority under the same real ToolBroker call
  ---
  duration_ms: 12.4848
  type: 'test'
  ...
# new synthetic Git context root: C:\\Users\\b_a_s\\AppData\\Local\\Temp\\p6-git-context-AsTsTO
# C5 CLI root: {"event":"created","path":"C:\\\\Users\\\\b_a_s\\\\AppData\\\\Local\\\\Temp\\\\p6-git-context-VxcFrm"}
# released grants; removed exact root: C:\\Users\\b_a_s\\AppData\\Local\\Temp\\p6-git-context-AsTsTO
# Subtest: run Git context rejects changed actor/run/call identity even when reusing a genuine token
ok 54 - run Git context rejects changed actor/run/call identity even when reusing a genuine token
  ---
  duration_ms: 3.2891
  type: 'test'
  ...
# C5 CLI root: {"event":"created","path":"C:\\\\Users\\\\b_a_s\\\\AppData\\\\Local\\\\Temp\\\\p6-git-context-n1DaLd"}
# new synthetic Git context root: C:\\Users\\b_a_s\\AppData\\Local\\Temp\\p6-git-context-VxcFrm
# released grants; removed exact root: C:\\Users\\b_a_s\\AppData\\Local\\Temp\\p6-git-context-VxcFrm
# Subtest: model Git authority cannot escape its original access through the working directory
ok 55 - model Git authority cannot escape its original access through the working directory
  ---
  duration_ms: 2.6963
  type: 'test'
  ...
# new synthetic Git context root: C:\\Users\\b_a_s\\AppData\\Local\\Temp\\p6-git-context-n1DaLd
# released grants; removed exact root: C:\\Users\\b_a_s\\AppData\\Local\\Temp\\p6-git-context-n1DaLd
# C5 CLI root: {"event":"created","path":"C:\\\\Users\\\\b_a_s\\\\AppData\\\\Local\\\\Temp\\\\p6-git-context-x0EBHK"}
# Subtest: Git lifecycle uses declared run ownership, never a fabricated model actor or the unrestricted host state root
ok 56 - Git lifecycle uses declared run ownership, never a fabricated model actor or the unrestricted host state root
  ---
  duration_ms: 7.1308
  type: 'test'
  ...
# new synthetic Git context root: C:\\Users\\b_a_s\\AppData\\Local\\Temp\\p6-git-context-x0EBHK
# released grants; removed exact root: C:\\Users\\b_a_s\\AppData\\Local\\Temp\\p6-git-context-x0EBHK
# C5 CLI root: {"event":"created","path":"C:\\\\Users\\\\b_a_s\\\\AppData\\\\Local\\\\Temp\\\\p6-git-context-PBtlUc"}
# Subtest: Git lifecycle refuses a foreign working directory and network command before grant issuance
ok 57 - Git lifecycle refuses a foreign working directory and network command before grant issuance
  ---
  duration_ms: 2.9922
  type: 'test'
  ...
# new synthetic Git context root: C:\\Users\\b_a_s\\AppData\\Local\\Temp\\p6-git-context-PBtlUc
# released grants; removed exact root: C:\\Users\\b_a_s\\AppData\\Local\\Temp\\p6-git-context-PBtlUc
# C5 CLI root: {"event":"created","path":"C:\\\\Users\\\\b_a_s\\\\AppData\\\\Local\\\\Temp\\\\p6-git-context-h9OQGx"}
# Subtest: Git lifecycle canonicalization refuses a junction escape from an owned working root
ok 58 - Git lifecycle canonicalization refuses a junction escape from an owned working root
  ---
  duration_ms: 3.179
  type: 'test'
  ...
# new synthetic Git context root: C:\\Users\\b_a_s\\AppData\\Local\\Temp\\p6-git-context-h9OQGx
# C5 CLI root: {"event":"created","path":"C:\\\\Users\\\\b_a_s\\\\AppData\\\\Local\\\\Temp\\\\p6-git-context-AAuWyE"}
# released grants; removed exact root: C:\\Users\\b_a_s\\AppData\\Local\\Temp\\p6-git-context-h9OQGx
# Subtest: strict Git isolation unavailability is retained without another executable or Full retry
ok 59 - strict Git isolation unavailability is retained without another executable or Full retry
  ---
  duration_ms: 3.4097
  type: 'test'
  ...
# new synthetic Git context root: C:\\Users\\b_a_s\\AppData\\Local\\Temp\\p6-git-context-AAuWyE
# C5 CLI root: {"event":"created","path":"C:\\\\Users\\\\b_a_s\\\\AppData\\\\Local\\\\Temp\\\\p6-git-context-hn3H5d"}
# released grants; removed exact root: C:\\Users\\b_a_s\\AppData\\Local\\Temp\\p6-git-context-AAuWyE
# Subtest: closed run and missing ToolBroker authority never fall back to stateless Git execution
ok 60 - closed run and missing ToolBroker authority never fall back to stateless Git execution
  ---
  duration_ms: 2.4103
  type: 'test'
  ...
# new synthetic Git context root: C:\\Users\\b_a_s\\AppData\\Local\\Temp\\p6-git-context-hn3H5d
# released grants; removed exact root: C:\\Users\\b_a_s\\AppData\\Local\\Temp\\p6-git-context-hn3H5d
# C5 CLI root: {"event":"created","path":"C:\\\\Users\\\\b_a_s\\\\AppData\\\\Local\\\\Temp\\\\p6-git-context-yCln89"}
# Subtest: nested repository Git reads retain separate call identity across asynchronous interleaving
ok 61 - nested repository Git reads retain separate call identity across asynchronous interleaving
  ---
  duration_ms: 5.8771
  type: 'test'
  ...
# new synthetic Git context root: C:\\Users\\b_a_s\\AppData\\Local\\Temp\\p6-git-context-yCln89
# released grants; removed exact root: C:\\Users\\b_a_s\\AppData\\Local\\Temp\\p6-git-context-yCln89
# C5 CLI root: {"event":"created","path":"C:\\\\Users\\\\b_a_s\\\\AppData\\\\Local\\\\Temp\\\\p6-git-context-9e2hB1"}
# Subtest: evidence revision read and its command share one original call without consuming it twice
ok 62 - evidence revision read and its command share one original call without consuming it twice
  ---
  duration_ms: 4.844
  type: 'test'
  ...
# new synthetic Git context root: C:\\Users\\b_a_s\\AppData\\Local\\Temp\\p6-git-context-9e2hB1
# released grants; removed exact root: C:\\Users\\b_a_s\\AppData\\Local\\Temp\\p6-git-context-9e2hB1
# C5 CLI root: {"event":"created","path":"C:\\\\Users\\\\b_a_s\\\\AppData\\\\Local\\\\Temp\\\\p6-git-context-xihpWJ"}
# Subtest: scoped nested Git reads never manufacture lifecycle authority when no call is active
ok 63 - scoped nested Git reads never manufacture lifecycle authority when no call is active
  ---
  duration_ms: 2.2115
  type: 'test'
  ...
# new synthetic Git context root: C:\\Users\\b_a_s\\AppData\\Local\\Temp\\p6-git-context-xihpWJ
# released grants; removed exact root: C:\\Users\\b_a_s\\AppData\\Local\\Temp\\p6-git-context-xihpWJ
# C5 CLI root: {"event":"created","path":"C:\\\\Users\\\\b_a_s\\\\AppData\\\\Local\\\\Temp\\\\p6-git-context-Q7YOKO"}
# Subtest: run-owned workspace cleanup permits its required exact ref inventory
ok 64 - run-owned workspace cleanup permits its required exact ref inventory
  ---
  duration_ms: 5.3772
  type: 'test'
  ...
# new synthetic Git context root: C:\\Users\\b_a_s\\AppData\\Local\\Temp\\p6-git-context-Q7YOKO
# C5 CLI root: {"event":"created","path":"C:\\\\Users\\\\b_a_s\\\\AppData\\\\Local\\\\Temp\\\\p6-git-context-cDsZRb"}
# released grants; removed exact root: C:\\Users\\b_a_s\\AppData\\Local\\Temp\\p6-git-context-Q7YOKO
# Subtest: historical inspection cannot reinterpret an admitted read verb as a ref mutation
ok 65 - historical inspection cannot reinterpret an admitted read verb as a ref mutation
  ---
  duration_ms: 2.3288
  type: 'test'
  ...
# new synthetic Git context root: C:\\Users\\b_a_s\\AppData\\Local\\Temp\\p6-git-context-cDsZRb
# released grants; removed exact root: C:\\Users\\b_a_s\\AppData\\Local\\Temp\\p6-git-context-cDsZRb
# C5 CLI root: {"event":"created","path":"C:\\\\Users\\\\b_a_s\\\\AppData\\\\Local\\\\Temp\\\\p6-git-context-oD6GbH"}
# Subtest: actual ToolBroker carries exact per-call Git authority without changing guarded approval policy
ok 66 - actual ToolBroker carries exact per-call Git authority without changing guarded approval policy
  ---
  duration_ms: 6.0879
  type: 'test'
  ...
# new synthetic Git context root: C:\\Users\\b_a_s\\AppData\\Local\\Temp\\p6-git-context-oD6GbH
# released grants; removed exact root: C:\\Users\\b_a_s\\AppData\\Local\\Temp\\p6-git-context-oD6GbH
# C5 CLI root: {"event":"exit","path":"C:\\\\Users\\\\b_a_s\\\\AppData\\\\Local\\\\Temp\\\\p6-git-context-AsTsTO","existsAtExit":false}
# C5 CLI root: {"event":"exit","path":"C:\\\\Users\\\\b_a_s\\\\AppData\\\\Local\\\\Temp\\\\p6-git-context-VxcFrm","existsAtExit":false}
# C5 CLI root: {"event":"exit","path":"C:\\\\Users\\\\b_a_s\\\\AppData\\\\Local\\\\Temp\\\\p6-git-context-n1DaLd","existsAtExit":false}
# C5 CLI root: {"event":"exit","path":"C:\\\\Users\\\\b_a_s\\\\AppData\\\\Local\\\\Temp\\\\p6-git-context-x0EBHK","existsAtExit":false}
# C5 CLI root: {"event":"exit","path":"C:\\\\Users\\\\b_a_s\\\\AppData\\\\Local\\\\Temp\\\\p6-git-context-PBtlUc","existsAtExit":false}
# C5 CLI root: {"event":"exit","path":"C:\\\\Users\\\\b_a_s\\\\AppData\\\\Local\\\\Temp\\\\p6-git-context-h9OQGx","existsAtExit":false}
# C5 CLI root: {"event":"exit","path":"C:\\\\Users\\\\b_a_s\\\\AppData\\\\Local\\\\Temp\\\\p6-git-context-AAuWyE","existsAtExit":false}
# C5 CLI root: {"event":"exit","path":"C:\\\\Users\\\\b_a_s\\\\AppData\\\\Local\\\\Temp\\\\p6-git-context-hn3H5d","existsAtExit":false}
# C5 CLI root: {"event":"exit","path":"C:\\\\Users\\\\b_a_s\\\\AppData\\\\Local\\\\Temp\\\\p6-git-context-yCln89","existsAtExit":false}
# C5 CLI root: {"event":"exit","path":"C:\\\\Users\\\\b_a_s\\\\AppData\\\\Local\\\\Temp\\\\p6-git-context-9e2hB1","existsAtExit":false}
# C5 CLI root: {"event":"exit","path":"C:\\\\Users\\\\b_a_s\\\\AppData\\\\Local\\\\Temp\\\\p6-git-context-xihpWJ","existsAtExit":false}
# C5 CLI root: {"event":"exit","path":"C:\\\\Users\\\\b_a_s\\\\AppData\\\\Local\\\\Temp\\\\p6-git-context-Q7YOKO","existsAtExit":false}
# C5 CLI root: {"event":"exit","path":"C:\\\\Users\\\\b_a_s\\\\AppData\\\\Local\\\\Temp\\\\p6-git-context-cDsZRb","existsAtExit":false}
# C5 CLI root: {"event":"exit","path":"C:\\\\Users\\\\b_a_s\\\\AppData\\\\Local\\\\Temp\\\\p6-git-context-oD6GbH","existsAtExit":false}
# C5 CLI root: {"event":"created","path":"C:\\\\Users\\\\b_a_s\\\\AppData\\\\Local\\\\Temp\\\\p6-native-git-XjU5AX"}
# C5 CLI root: {"event":"created","path":"C:\\\\Users\\\\b_a_s\\\\AppData\\\\Local\\\\Temp\\\\aiboard-windows-semantic-duplex-r342aA"}
# C5 CLI root: {"event":"created","path":"C:\\\\Users\\\\b_a_s\\\\AppData\\\\Local\\\\Temp\\\\aiboard-windows-semantic-batch-ZerxdQ"}
# C5 CLI root: {"event":"created","path":"C:\\\\Users\\\\b_a_s\\\\AppData\\\\Local\\\\Temp\\\\aiboard-windows-semantic-tree-kAkwHf"}
# Subtest: real run-owned Git preserves binary bytes and closes exact nested command ownership
not ok 67 - real run-owned Git preserves binary bytes and closes exact nested command ownership
  ---
  duration_ms: 2483.825
  type: 'test'
  location: 'D:\\repos\\ai-discussion-board\\.worktrees\\runner-v2-robust-build\\runner-v2\\test\\git-runtime-integration.test.ts:1:643'
  failureType: 'testCodeFailure'
  error: 'Process launch was not proven.'
  code: 'launch_not_proven'
  name: 'SubprocessRuntimeError'
  stack: |-
    RunnerSubprocessRuntime.runClaimed (D:\repos\ai-discussion-board\.worktrees\runner-v2-robust-build\runner-v2\src\subprocess-runtime.ts:560:13)
    async Object.execute (D:\repos\ai-discussion-board\.worktrees\runner-v2-robust-build\runner-v2\src\one-shot-command-executor.ts:211:19)
    async runBytes (D:\repos\ai-discussion-board\.worktrees\runner-v2-robust-build\runner-v2\src\git-runtime-runner.ts:46:24)
    async Object.run (D:\repos\ai-discussion-board\.worktrees\runner-v2-robust-build\runner-v2\src\git-runtime-runner.ts:89:22)
    async TestContext.<anonymous> (D:\repos\ai-discussion-board\.worktrees\runner-v2-robust-build\runner-v2\test\git-runtime-integration.test.ts:24:25)
    async Test.run (node:internal/test_runner/test:1332:7)
    async startSubtestAfterBootstrap (node:internal/test_runner/harness:385:3)
  ...
# acquired exact real Git fixture: C:\\Users\\b_a_s\\AppData\\Local\\Temp\\p6-native-git-XjU5AX
# C5 CLI root: {"event":"exit","path":"C:\\\\Users\\\\b_a_s\\\\AppData\\\\Local\\\\Temp\\\\p6-native-git-XjU5AX","existsAtExit":true}
# C5 CLI root: {"event":"exit","path":"C:\\\\Users\\\\b_a_s\\\\AppData\\\\Local\\\\Temp\\\\aiboard-windows-semantic-duplex-r342aA","existsAtExit":true}
# C5 CLI root: {"event":"exit","path":"C:\\\\Users\\\\b_a_s\\\\AppData\\\\Local\\\\Temp\\\\aiboard-windows-semantic-batch-ZerxdQ","existsAtExit":true}
# C5 CLI root: {"event":"exit","path":"C:\\\\Users\\\\b_a_s\\\\AppData\\\\Local\\\\Temp\\\\aiboard-windows-semantic-tree-kAkwHf","existsAtExit":true}
# C5 CLI root: {"event":"created","path":"C:\\\\Users\\\\b_a_s\\\\AppData\\\\Local\\\\Temp\\\\aiboard-git-tools-IHzLLW"}
# Subtest: task-safe Git tools inspect and commit only the worker branch
ok 68 - task-safe Git tools inspect and commit only the worker branch
  ---
  duration_ms: 2032.91
  type: 'test'
  ...
# C5 CLI root: {"event":"exit","path":"C:\\\\Users\\\\b_a_s\\\\AppData\\\\Local\\\\Temp\\\\aiboard-git-tools-IHzLLW","existsAtExit":false}
# C5 CLI root: {"event":"created","path":"C:\\\\Users\\\\b_a_s\\\\AppData\\\\Local\\\\Temp\\\\aiboard-integration-ordered-cQpLeV"}
# C5 CLI root: {"event":"created","path":"C:\\\\Users\\\\b_a_s\\\\AppData\\\\Local\\\\Temp\\\\aiboard-integration-conflict-cNm2Ra"}
# Subtest: change sets integrate serially and retries do not duplicate commits
ok 69 - change sets integrate serially and retries do not duplicate commits
  ---
  duration_ms: 5153.3523
  type: 'test'
  ...
# C5 CLI root: {"event":"created","path":"C:\\\\Users\\\\b_a_s\\\\AppData\\\\Local\\\\Temp\\\\aiboard-integration-attempt-base-5sRBPC"}
# Subtest: integration conflicts are mechanical results and leave canonical integration clean
ok 70 - integration conflicts are mechanical results and leave canonical integration clean
  ---
  duration_ms: 3890.4883
  type: 'test'
  ...
# C5 CLI root: {"event":"created","path":"C:\\\\Users\\\\b_a_s\\\\AppData\\\\Local\\\\Temp\\\\aiboard-integration-no-change-91G6w2"}
# Subtest: a later attempt can integrate from the current integration revision
ok 71 - a later attempt can integrate from the current integration revision
  ---
  duration_ms: 3912.4984
  type: 'test'
  ...
# C5 CLI root: {"event":"created","path":"C:\\\\Users\\\\b_a_s\\\\AppData\\\\Local\\\\Temp\\\\aiboard-integration-handoff-apply-N0VBYU"}
# Subtest: evidence-backed no-change tasks integrate without fabricating commits
ok 72 - evidence-backed no-change tasks integrate without fabricating commits
  ---
  duration_ms: 1670.6491
  type: 'test'
  ...
# C5 CLI root: {"event":"created","path":"C:\\\\Users\\\\b_a_s\\\\AppData\\\\Local\\\\Temp\\\\aiboard-integration-handoff-dirty-XJAbj8"}
# Subtest: final handoff applies the integrated diff only after a successful dry run
ok 73 - final handoff applies the integrated diff only after a successful dry run
  ---
  duration_ms: 4545.7165
  type: 'test'
  ...
# C5 CLI root: {"event":"created","path":"C:\\\\Users\\\\b_a_s\\\\AppData\\\\Local\\\\Temp\\\\aiboard-integration-handoff-crash-repair-hk9GYo"}
# Subtest: final handoff rejects dirty projects without changing their worktree, index, or revision
ok 74 - final handoff rejects dirty projects without changing their worktree, index, or revision
  ---
  duration_ms: 3196.7208
  type: 'test'
  ...
# C5 CLI root: {"event":"created","path":"C:\\\\Users\\\\b_a_s\\\\AppData\\\\Local\\\\Temp\\\\aiboard-integration-handoff-real-crash-tv25JA"}
# Subtest: a fresh manager repairs the exact journaled post-ref crash state
ok 75 - a fresh manager repairs the exact journaled post-ref crash state
  ---
  duration_ms: 5320.4742
  type: 'test'
  ...
# C5 CLI root: {"event":"created","path":"C:\\\\Users\\\\b_a_s\\\\AppData\\\\Local\\\\Temp\\\\aiboard-integration-handoff-ignored-crash-hgFtgU"}
# Subtest: the real apply path leaves a recoverable journal when the process dies after update-ref
ok 76 - the real apply path leaves a recoverable journal when the process dies after update-ref
  ---
  duration_ms: 5022.7126
  type: 'test'
  ...
# C5 CLI root: {"event":"created","path":"C:\\\\Users\\\\b_a_s\\\\AppData\\\\Local\\\\Temp\\\\aiboard-integration-handoff-ignored-race-653Tky"}
# Subtest: crash recovery never overwrites an ignored untracked target path
ok 77 - crash recovery never overwrites an ignored untracked target path
  ---
  duration_ms: 4639.0049
  type: 'test'
  ...
# C5 CLI root: {"event":"created","path":"C:\\\\Users\\\\b_a_s\\\\AppData\\\\Local\\\\Temp\\\\aiboard-integration-handoff-concurrent-journals-qmLWi5"}
# Subtest: the live checkout rechecks ignored target paths after advancing the ref
ok 78 - the live checkout rechecks ignored target paths after advancing the ref
  ---
  duration_ms: 4184.1066
  type: 'test'
  ...
