TAP version 13
# C5 CLI root: {"event":"created","path":"C:\\\\Users\\\\b_a_s\\\\AppData\\\\Local\\\\Temp\\\\aiboard-task10-fence-arAFA4"}
# C5 CLI root: {"event":"created","path":"C:\\\\Users\\\\b_a_s\\\\AppData\\\\Local\\\\Temp\\\\aiboard-task10-fence-x1RNPg"}
# C5 CLI root: {"event":"created","path":"C:\\\\Users\\\\b_a_s\\\\AppData\\\\Local\\\\Temp\\\\aiboard-task10-fence-H17noC"}
# Subtest: filesystem fence: fs.write requires the caller's expected revision
not ok 1 - filesystem fence: fs.write requires the caller's expected revision
  ---
  duration_ms: 23.1316
  type: 'test'
  location: 'D:\\repos\\ai-discussion-board\\.worktrees\\runner-v2-robust-build\\runner-v2\\test\\filesystem-mutation-fence.test.ts:1:684'
  failureType: 'testCodeFailure'
  error: |-
    {"callId":"call-1","toolName":"fs.write","content":[{"type":"json","value":{"path":"value.txt","sha256":"95713e9cbdd1dfcb2d4080c2537f418d43ca0da25f0d7d6631f4f7c97b89dc47","byteLength":11}}],"isError":false}
    
    false !== true
    
  code: 'ERR_ASSERTION'
  name: 'AssertionError'
  expected: true
  actual: false
  operator: 'strictEqual'
  stack: |-
    refused (D:\repos\ai-discussion-board\.worktrees\runner-v2-robust-build\runner-v2\test\filesystem-mutation-fence.test.ts:57:10)
    <anonymous> (D:\repos\ai-discussion-board\.worktrees\runner-v2-robust-build\runner-v2\test\filesystem-mutation-fence.test.ts:64:3)
    async TestContext.<anonymous> (D:\repos\ai-discussion-board\.worktrees\runner-v2-robust-build\runner-v2\test\filesystem-mutation-fence.test.ts:47:11)
    async Test.run (node:internal/test_runner/test:1332:7)
    async startSubtestAfterBootstrap (node:internal/test_runner/harness:385:3)
  ...
# Task 10 RED/diagnostic root retained: C:\\Users\\b_a_s\\AppData\\Local\\Temp\\aiboard-task10-fence-arAFA4
# Subtest: filesystem fence: fs.patch requires the caller's expected revision
not ok 2 - filesystem fence: fs.patch requires the caller's expected revision
  ---
  duration_ms: 2.757
  type: 'test'
  location: 'D:\\repos\\ai-discussion-board\\.worktrees\\runner-v2-robust-build\\runner-v2\\test\\filesystem-mutation-fence.test.ts:1:684'
  failureType: 'testCodeFailure'
  error: '{"callId":"call-1","toolName":"fs.patch","content":[{"type":"text","text":"Arguments for fs.patch are invalid."}],"isError":true,"error":{"code":"invalid_arguments","message":"Arguments for fs.patch are invalid.","issues":["path and expectedSha256 must be strings"]}}'
  code: 'ERR_ASSERTION'
  name: 'AssertionError'
  expected: true
  actual: false
  operator: '=='
  stack: |-
    refused (D:\repos\ai-discussion-board\.worktrees\runner-v2-robust-build\runner-v2\test\filesystem-mutation-fence.test.ts:58:10)
    <anonymous> (D:\repos\ai-discussion-board\.worktrees\runner-v2-robust-build\runner-v2\test\filesystem-mutation-fence.test.ts:64:3)
    async TestContext.<anonymous> (D:\repos\ai-discussion-board\.worktrees\runner-v2-robust-build\runner-v2\test\filesystem-mutation-fence.test.ts:47:11)
    async Test.run (node:internal/test_runner/test:1332:7)
    async Test.processPendingSubtests (node:internal/test_runner/test:911:7)
  ...
# Task 10 RED/diagnostic root retained: C:\\Users\\b_a_s\\AppData\\Local\\Temp\\aiboard-task10-fence-x1RNPg
# C5 CLI root: {"event":"created","path":"C:\\\\Users\\\\b_a_s\\\\AppData\\\\Local\\\\Temp\\\\aiboard-task10-fence-JzaUZc"}
# Subtest: filesystem fence: stale revision refuses replacement and supplies a current revision
ok 3 - filesystem fence: stale revision refuses replacement and supplies a current revision
  ---
  duration_ms: 8.0148
  type: 'test'
  ...
# C5 CLI root: {"event":"created","path":"C:\\\\Users\\\\b_a_s\\\\AppData\\\\Local\\\\Temp\\\\aiboard-task10-fence-igtBkF"}
# Subtest: filesystem fence: an authorization-time create race cannot become replacement
not ok 4 - filesystem fence: an authorization-time create race cannot become replacement
  ---
  duration_ms: 5.2992
  type: 'test'
  location: 'D:\\repos\\ai-discussion-board\\.worktrees\\runner-v2-robust-build\\runner-v2\\test\\filesystem-mutation-fence.test.ts:1:684'
  failureType: 'testCodeFailure'
  error: |-
    {"callId":"call-1","toolName":"fs.write","content":[{"type":"json","value":{"path":"value.txt","sha256":"95713e9cbdd1dfcb2d4080c2537f418d43ca0da25f0d7d6631f4f7c97b89dc47","byteLength":11}}],"isError":false}
    
    false !== true
    
  code: 'ERR_ASSERTION'
  name: 'AssertionError'
  expected: true
  actual: false
  operator: 'strictEqual'
  stack: |-
    refused (D:\repos\ai-discussion-board\.worktrees\runner-v2-robust-build\runner-v2\test\filesystem-mutation-fence.test.ts:57:10)
    <anonymous> (D:\repos\ai-discussion-board\.worktrees\runner-v2-robust-build\runner-v2\test\filesystem-mutation-fence.test.ts:76:3)
    async TestContext.<anonymous> (D:\repos\ai-discussion-board\.worktrees\runner-v2-robust-build\runner-v2\test\filesystem-mutation-fence.test.ts:47:11)
    async Test.run (node:internal/test_runner/test:1332:7)
    async Test.processPendingSubtests (node:internal/test_runner/test:911:7)
  ...
# Task 10 RED/diagnostic root retained: C:\\Users\\b_a_s\\AppData\\Local\\Temp\\aiboard-task10-fence-JzaUZc
# C5 CLI root: {"event":"created","path":"C:\\\\Users\\\\b_a_s\\\\AppData\\\\Local\\\\Temp\\\\aiboard-task10-fence-7PZ7Dk"}
# Subtest: filesystem fence: publication is create-if-absent even after the final absence check
not ok 5 - filesystem fence: publication is create-if-absent even after the final absence check
  ---
  duration_ms: 6.2964
  type: 'test'
  location: 'D:\\repos\\ai-discussion-board\\.worktrees\\runner-v2-robust-build\\runner-v2\\test\\filesystem-mutation-fence.test.ts:1:684'
  failureType: 'testCodeFailure'
  error: |-
    {"callId":"call-1","toolName":"fs.write","content":[{"type":"json","value":{"path":"value.txt","sha256":"95713e9cbdd1dfcb2d4080c2537f418d43ca0da25f0d7d6631f4f7c97b89dc47","byteLength":11}}],"isError":false}
    
    false !== true
    
  code: 'ERR_ASSERTION'
  name: 'AssertionError'
  expected: true
  actual: false
  operator: 'strictEqual'
  stack: |-
    refused (D:\repos\ai-discussion-board\.worktrees\runner-v2-robust-build\runner-v2\test\filesystem-mutation-fence.test.ts:57:10)
    <anonymous> (D:\repos\ai-discussion-board\.worktrees\runner-v2-robust-build\runner-v2\test\filesystem-mutation-fence.test.ts:88:3)
    async TestContext.<anonymous> (D:\repos\ai-discussion-board\.worktrees\runner-v2-robust-build\runner-v2\test\filesystem-mutation-fence.test.ts:47:11)
    async Test.run (node:internal/test_runner/test:1332:7)
    async Test.processPendingSubtests (node:internal/test_runner/test:911:7)
  ...
# Task 10 RED/diagnostic root retained: C:\\Users\\b_a_s\\AppData\\Local\\Temp\\aiboard-task10-fence-igtBkF
# C5 CLI root: {"event":"created","path":"C:\\\\Users\\\\b_a_s\\\\AppData\\\\Local\\\\Temp\\\\aiboard-task10-fence-h11syF"}
# Subtest: filesystem fence: parent replacement cannot redirect an approved write
not ok 6 - filesystem fence: parent replacement cannot redirect an approved write
  ---
  duration_ms: 7.3364
  type: 'test'
  location: 'D:\\repos\\ai-discussion-board\\.worktrees\\runner-v2-robust-build\\runner-v2\\test\\filesystem-mutation-fence.test.ts:1:684'
  failureType: 'testCodeFailure'
  error: |-
    {"callId":"call-1","toolName":"fs.write","content":[{"type":"json","value":{"path":"parent/value.txt","sha256":"95713e9cbdd1dfcb2d4080c2537f418d43ca0da25f0d7d6631f4f7c97b89dc47","byteLength":11}}],"isError":false}
    
    false !== true
    
  code: 'ERR_ASSERTION'
  name: 'AssertionError'
  expected: true
  actual: false
  operator: 'strictEqual'
  stack: |-
    refused (D:\repos\ai-discussion-board\.worktrees\runner-v2-robust-build\runner-v2\test\filesystem-mutation-fence.test.ts:57:10)
    <anonymous> (D:\repos\ai-discussion-board\.worktrees\runner-v2-robust-build\runner-v2\test\filesystem-mutation-fence.test.ts:99:3)
    async TestContext.<anonymous> (D:\repos\ai-discussion-board\.worktrees\runner-v2-robust-build\runner-v2\test\filesystem-mutation-fence.test.ts:47:11)
    async Test.run (node:internal/test_runner/test:1332:7)
    async Test.processPendingSubtests (node:internal/test_runner/test:911:7)
  ...
# Task 10 RED/diagnostic root retained: C:\\Users\\b_a_s\\AppData\\Local\\Temp\\aiboard-task10-fence-7PZ7Dk
# C5 CLI root: {"event":"created","path":"C:\\\\Users\\\\b_a_s\\\\AppData\\\\Local\\\\Temp\\\\aiboard-task10-fence-DqEytS"}
# Subtest: filesystem fence: target symbolic links are refused before replacement
not ok 7 - filesystem fence: target symbolic links are refused before replacement
  ---
  duration_ms: 3.2048
  type: 'test'
  location: 'D:\\repos\\ai-discussion-board\\.worktrees\\runner-v2-robust-build\\runner-v2\\test\\filesystem-mutation-fence.test.ts:1:684'
  failureType: 'testCodeFailure'
  error: '{"callId":"call-1","toolName":"fs.write","content":[{"type":"text","text":"Grant roots cannot be symbolic links."}],"isError":true,"error":{"code":"tool_execution_failed","message":"Grant roots cannot be symbolic links."}}'
  code: 'ERR_ASSERTION'
  name: 'AssertionError'
  expected: true
  actual: false
  operator: '=='
  stack: |-
    refused (D:\repos\ai-discussion-board\.worktrees\runner-v2-robust-build\runner-v2\test\filesystem-mutation-fence.test.ts:58:10)
    <anonymous> (D:\repos\ai-discussion-board\.worktrees\runner-v2-robust-build\runner-v2\test\filesystem-mutation-fence.test.ts:105:3)
    async TestContext.<anonymous> (D:\repos\ai-discussion-board\.worktrees\runner-v2-robust-build\runner-v2\test\filesystem-mutation-fence.test.ts:47:11)
    async Test.run (node:internal/test_runner/test:1332:7)
    async Test.processPendingSubtests (node:internal/test_runner/test:911:7)
  ...
# Task 10 RED/diagnostic root retained: C:\\Users\\b_a_s\\AppData\\Local\\Temp\\aiboard-task10-fence-h11syF
# C5 CLI root: {"event":"created","path":"C:\\\\Users\\\\b_a_s\\\\AppData\\\\Local\\\\Temp\\\\aiboard-task10-fence-ke0Yxp"}
# Subtest: filesystem fence: directory junction or reparse alias cannot redirect a write
not ok 8 - filesystem fence: directory junction or reparse alias cannot redirect a write
  ---
  duration_ms: 5.7101
  type: 'test'
  location: 'D:\\repos\\ai-discussion-board\\.worktrees\\runner-v2-robust-build\\runner-v2\\test\\filesystem-mutation-fence.test.ts:1:684'
  failureType: 'testCodeFailure'
  error: |-
    {"callId":"call-1","toolName":"fs.write","content":[{"type":"json","value":{"path":"alias/sentinel.txt","sha256":"95713e9cbdd1dfcb2d4080c2537f418d43ca0da25f0d7d6631f4f7c97b89dc47","byteLength":11}}],"isError":false}
    
    false !== true
    
  code: 'ERR_ASSERTION'
  name: 'AssertionError'
  expected: true
  actual: false
  operator: 'strictEqual'
  stack: |-
    refused (D:\repos\ai-discussion-board\.worktrees\runner-v2-robust-build\runner-v2\test\filesystem-mutation-fence.test.ts:57:10)
    <anonymous> (D:\repos\ai-discussion-board\.worktrees\runner-v2-robust-build\runner-v2\test\filesystem-mutation-fence.test.ts:111:3)
    async TestContext.<anonymous> (D:\repos\ai-discussion-board\.worktrees\runner-v2-robust-build\runner-v2\test\filesystem-mutation-fence.test.ts:47:11)
    async Test.run (node:internal/test_runner/test:1332:7)
    async Test.processPendingSubtests (node:internal/test_runner/test:911:7)
  ...
# Task 10 RED/diagnostic root retained: C:\\Users\\b_a_s\\AppData\\Local\\Temp\\aiboard-task10-fence-DqEytS
# C5 CLI root: {"event":"created","path":"C:\\\\Users\\\\b_a_s\\\\AppData\\\\Local\\\\Temp\\\\aiboard-task10-fence-c08pun"}
# Subtest: filesystem fence: retargeting an authorized parent to a junction is refused
not ok 9 - filesystem fence: retargeting an authorized parent to a junction is refused
  ---
  duration_ms: 6.1991
  type: 'test'
  location: 'D:\\repos\\ai-discussion-board\\.worktrees\\runner-v2-robust-build\\runner-v2\\test\\filesystem-mutation-fence.test.ts:1:684'
  failureType: 'testCodeFailure'
  error: |-
    {"callId":"call-1","toolName":"fs.write","content":[{"type":"json","value":{"path":"parent/sentinel.txt","sha256":"95713e9cbdd1dfcb2d4080c2537f418d43ca0da25f0d7d6631f4f7c97b89dc47","byteLength":11}}],"isError":false}
    
    false !== true
    
  code: 'ERR_ASSERTION'
  name: 'AssertionError'
  expected: true
  actual: false
  operator: 'strictEqual'
  stack: |-
    refused (D:\repos\ai-discussion-board\.worktrees\runner-v2-robust-build\runner-v2\test\filesystem-mutation-fence.test.ts:57:10)
    <anonymous> (D:\repos\ai-discussion-board\.worktrees\runner-v2-robust-build\runner-v2\test\filesystem-mutation-fence.test.ts:118:3)
    async TestContext.<anonymous> (D:\repos\ai-discussion-board\.worktrees\runner-v2-robust-build\runner-v2\test\filesystem-mutation-fence.test.ts:47:11)
    async Test.run (node:internal/test_runner/test:1332:7)
    async Test.processPendingSubtests (node:internal/test_runner/test:911:7)
  ...
# Task 10 RED/diagnostic root retained: C:\\Users\\b_a_s\\AppData\\Local\\Temp\\aiboard-task10-fence-ke0Yxp
# C5 CLI root: {"event":"created","path":"C:\\\\Users\\\\b_a_s\\\\AppData\\\\Local\\\\Temp\\\\aiboard-task10-fence-yfTugA"}
# Subtest: filesystem fence: outside hard links are refused rather than claiming confinement
not ok 10 - filesystem fence: outside hard links are refused rather than claiming confinement
  ---
  duration_ms: 5.1612
  type: 'test'
  location: 'D:\\repos\\ai-discussion-board\\.worktrees\\runner-v2-robust-build\\runner-v2\\test\\filesystem-mutation-fence.test.ts:1:684'
  failureType: 'testCodeFailure'
  error: |-
    {"callId":"call-1","toolName":"fs.write","content":[{"type":"json","value":{"path":"linked.txt","sha256":"95713e9cbdd1dfcb2d4080c2537f418d43ca0da25f0d7d6631f4f7c97b89dc47","byteLength":11}}],"isError":false}
    
    false !== true
    
  code: 'ERR_ASSERTION'
  name: 'AssertionError'
  expected: true
  actual: false
  operator: 'strictEqual'
  stack: |-
    refused (D:\repos\ai-discussion-board\.worktrees\runner-v2-robust-build\runner-v2\test\filesystem-mutation-fence.test.ts:57:10)
    <anonymous> (D:\repos\ai-discussion-board\.worktrees\runner-v2-robust-build\runner-v2\test\filesystem-mutation-fence.test.ts:123:3)
    async TestContext.<anonymous> (D:\repos\ai-discussion-board\.worktrees\runner-v2-robust-build\runner-v2\test\filesystem-mutation-fence.test.ts:47:11)
    async Test.run (node:internal/test_runner/test:1332:7)
    async Test.processPendingSubtests (node:internal/test_runner/test:911:7)
  ...
# Task 10 RED/diagnostic root retained: C:\\Users\\b_a_s\\AppData\\Local\\Temp\\aiboard-task10-fence-c08pun
# C5 CLI root: {"event":"created","path":"C:\\\\Users\\\\b_a_s\\\\AppData\\\\Local\\\\Temp\\\\aiboard-task10-fence-qgGZ2D"}
# Subtest: filesystem fence: move destination must not overwrite an existing file
not ok 11 - filesystem fence: move destination must not overwrite an existing file
  ---
  duration_ms: 6.9332
  type: 'test'
  location: 'D:\\repos\\ai-discussion-board\\.worktrees\\runner-v2-robust-build\\runner-v2\\test\\filesystem-mutation-fence.test.ts:1:684'
  failureType: 'testCodeFailure'
  error: |-
    {"callId":"call-1","toolName":"fs.move","content":[{"type":"json","value":{"source":"source.txt","destination":"destination.txt"}}],"isError":false}
    
    false !== true
    
  code: 'ERR_ASSERTION'
  name: 'AssertionError'
  expected: true
  actual: false
  operator: 'strictEqual'
  stack: |-
    refused (D:\repos\ai-discussion-board\.worktrees\runner-v2-robust-build\runner-v2\test\filesystem-mutation-fence.test.ts:57:10)
    <anonymous> (D:\repos\ai-discussion-board\.worktrees\runner-v2-robust-build\runner-v2\test\filesystem-mutation-fence.test.ts:129:3)
    async TestContext.<anonymous> (D:\repos\ai-discussion-board\.worktrees\runner-v2-robust-build\runner-v2\test\filesystem-mutation-fence.test.ts:47:11)
    async Test.run (node:internal/test_runner/test:1332:7)
    async Test.processPendingSubtests (node:internal/test_runner/test:911:7)
  ...
# Task 10 RED/diagnostic root retained: C:\\Users\\b_a_s\\AppData\\Local\\Temp\\aiboard-task10-fence-yfTugA
# C5 CLI root: {"event":"created","path":"C:\\\\Users\\\\b_a_s\\\\AppData\\\\Local\\\\Temp\\\\aiboard-task10-fence-2XNgiy"}
# Subtest: filesystem fence: move source substitution is refused
not ok 12 - filesystem fence: move source substitution is refused
  ---
  duration_ms: 6.8818
  type: 'test'
  location: 'D:\\repos\\ai-discussion-board\\.worktrees\\runner-v2-robust-build\\runner-v2\\test\\filesystem-mutation-fence.test.ts:1:684'
  failureType: 'testCodeFailure'
  error: |-
    {"callId":"call-1","toolName":"fs.move","content":[{"type":"json","value":{"source":"source.txt","destination":"parent/moved.txt"}}],"isError":false}
    
    false !== true
    
  code: 'ERR_ASSERTION'
  name: 'AssertionError'
  expected: true
  actual: false
  operator: 'strictEqual'
  stack: |-
    refused (D:\repos\ai-discussion-board\.worktrees\runner-v2-robust-build\runner-v2\test\filesystem-mutation-fence.test.ts:57:10)
    <anonymous> (D:\repos\ai-discussion-board\.worktrees\runner-v2-robust-build\runner-v2\test\filesystem-mutation-fence.test.ts:140:3)
    async TestContext.<anonymous> (D:\repos\ai-discussion-board\.worktrees\runner-v2-robust-build\runner-v2\test\filesystem-mutation-fence.test.ts:47:11)
    async Test.run (node:internal/test_runner/test:1332:7)
    async Test.processPendingSubtests (node:internal/test_runner/test:911:7)
  ...
# Task 10 RED/diagnostic root retained: C:\\Users\\b_a_s\\AppData\\Local\\Temp\\aiboard-task10-fence-qgGZ2D
# C5 CLI root: {"event":"created","path":"C:\\\\Users\\\\b_a_s\\\\AppData\\\\Local\\\\Temp\\\\aiboard-task10-fence-6y22jb"}
# Subtest: filesystem fence: move destination substitution is refused
not ok 13 - filesystem fence: move destination substitution is refused
  ---
  duration_ms: 5.2118
  type: 'test'
  location: 'D:\\repos\\ai-discussion-board\\.worktrees\\runner-v2-robust-build\\runner-v2\\test\\filesystem-mutation-fence.test.ts:1:684'
  failureType: 'testCodeFailure'
  error: |-
    {"callId":"call-1","toolName":"fs.move","content":[{"type":"json","value":{"source":"source.txt","destination":"parent/moved.txt"}}],"isError":false}
    
    false !== true
    
  code: 'ERR_ASSERTION'
  name: 'AssertionError'
  expected: true
  actual: false
  operator: 'strictEqual'
  stack: |-
    refused (D:\repos\ai-discussion-board\.worktrees\runner-v2-robust-build\runner-v2\test\filesystem-mutation-fence.test.ts:57:10)
    <anonymous> (D:\repos\ai-discussion-board\.worktrees\runner-v2-robust-build\runner-v2\test\filesystem-mutation-fence.test.ts:140:3)
    async TestContext.<anonymous> (D:\repos\ai-discussion-board\.worktrees\runner-v2-robust-build\runner-v2\test\filesystem-mutation-fence.test.ts:47:11)
    async Test.run (node:internal/test_runner/test:1332:7)
    async Test.processPendingSubtests (node:internal/test_runner/test:911:7)
  ...
# Task 10 RED/diagnostic root retained: C:\\Users\\b_a_s\\AppData\\Local\\Temp\\aiboard-task10-fence-2XNgiy
# C5 CLI root: {"event":"created","path":"C:\\\\Users\\\\b_a_s\\\\AppData\\\\Local\\\\Temp\\\\aiboard-task10-fence-4ugx0E"}
# Subtest: filesystem fence: delete identity substitution is refused
not ok 14 - filesystem fence: delete identity substitution is refused
  ---
  duration_ms: 4.6806
  type: 'test'
  location: 'D:\\repos\\ai-discussion-board\\.worktrees\\runner-v2-robust-build\\runner-v2\\test\\filesystem-mutation-fence.test.ts:1:684'
  failureType: 'testCodeFailure'
  error: |-
    {"callId":"call-1","toolName":"fs.delete","content":[{"type":"json","value":{"path":"value.txt","deleted":true}}],"isError":false}
    
    false !== true
    
  code: 'ERR_ASSERTION'
  name: 'AssertionError'
  expected: true
  actual: false
  operator: 'strictEqual'
  stack: |-
    refused (D:\repos\ai-discussion-board\.worktrees\runner-v2-robust-build\runner-v2\test\filesystem-mutation-fence.test.ts:57:10)
    <anonymous> (D:\repos\ai-discussion-board\.worktrees\runner-v2-robust-build\runner-v2\test\filesystem-mutation-fence.test.ts:151:3)
    async TestContext.<anonymous> (D:\repos\ai-discussion-board\.worktrees\runner-v2-robust-build\runner-v2\test\filesystem-mutation-fence.test.ts:47:11)
    async Test.run (node:internal/test_runner/test:1332:7)
    async Test.processPendingSubtests (node:internal/test_runner/test:911:7)
  ...
# Task 10 RED/diagnostic root retained: C:\\Users\\b_a_s\\AppData\\Local\\Temp\\aiboard-task10-fence-6y22jb
# C5 CLI root: {"event":"created","path":"C:\\\\Users\\\\b_a_s\\\\AppData\\\\Local\\\\Temp\\\\aiboard-task10-fence-cSH1Qh"}
# Subtest: filesystem fence: delete symlink substitution is refused
not ok 15 - filesystem fence: delete symlink substitution is refused
  ---
  duration_ms: 3.7937
  type: 'test'
  location: 'D:\\repos\\ai-discussion-board\\.worktrees\\runner-v2-robust-build\\runner-v2\\test\\filesystem-mutation-fence.test.ts:1:684'
  failureType: 'testCodeFailure'
  error: |-
    {"callId":"call-1","toolName":"fs.delete","content":[{"type":"json","value":{"path":"value.txt","deleted":true}}],"isError":false}
    
    false !== true
    
  code: 'ERR_ASSERTION'
  name: 'AssertionError'
  expected: true
  actual: false
  operator: 'strictEqual'
  stack: |-
    refused (D:\repos\ai-discussion-board\.worktrees\runner-v2-robust-build\runner-v2\test\filesystem-mutation-fence.test.ts:57:10)
    <anonymous> (D:\repos\ai-discussion-board\.worktrees\runner-v2-robust-build\runner-v2\test\filesystem-mutation-fence.test.ts:151:3)
    async TestContext.<anonymous> (D:\repos\ai-discussion-board\.worktrees\runner-v2-robust-build\runner-v2\test\filesystem-mutation-fence.test.ts:47:11)
    async Test.run (node:internal/test_runner/test:1332:7)
    async Test.processPendingSubtests (node:internal/test_runner/test:911:7)
  ...
# Task 10 RED/diagnostic root retained: C:\\Users\\b_a_s\\AppData\\Local\\Temp\\aiboard-task10-fence-4ugx0E
# C5 CLI root: {"event":"created","path":"C:\\\\Users\\\\b_a_s\\\\AppData\\\\Local\\\\Temp\\\\aiboard-task10-fence-GNUgBw"}
# Subtest: filesystem fence: the same call cannot reserve or perform a second filesystem mutation
not ok 16 - filesystem fence: the same call cannot reserve or perform a second filesystem mutation
  ---
  duration_ms: 6.4345
  type: 'test'
  location: 'D:\\repos\\ai-discussion-board\\.worktrees\\runner-v2-robust-build\\runner-v2\\test\\filesystem-mutation-fence.test.ts:1:684'
  failureType: 'testCodeFailure'
  error: |-
    Expected values to be strictly equal:
    
    false !== true
    
  code: 'ERR_ASSERTION'
  name: 'AssertionError'
  expected: true
  actual: false
  operator: 'strictEqual'
  stack: |-
    <anonymous> (D:\repos\ai-discussion-board\.worktrees\runner-v2-robust-build\runner-v2\test\filesystem-mutation-fence.test.ts:163:31)
    async TestContext.<anonymous> (D:\repos\ai-discussion-board\.worktrees\runner-v2-robust-build\runner-v2\test\filesystem-mutation-fence.test.ts:47:11)
    async Test.run (node:internal/test_runner/test:1332:7)
    async Test.processPendingSubtests (node:internal/test_runner/test:911:7)
  ...
# Task 10 RED/diagnostic root retained: C:\\Users\\b_a_s\\AppData\\Local\\Temp\\aiboard-task10-fence-cSH1Qh
# C5 CLI root: {"event":"created","path":"C:\\\\Users\\\\b_a_s\\\\AppData\\\\Local\\\\Temp\\\\aiboard-task10-fence-sjQ7k8"}
# Subtest: filesystem fence: revocation at the last mile prevents writes
not ok 17 - filesystem fence: revocation at the last mile prevents writes
  ---
  duration_ms: 4.8507
  type: 'test'
  location: 'D:\\repos\\ai-discussion-board\\.worktrees\\runner-v2-robust-build\\runner-v2\\test\\filesystem-mutation-fence.test.ts:1:684'
  failureType: 'testCodeFailure'
  error: |-
    {"callId":"call-1","toolName":"fs.write","content":[{"type":"json","value":{"path":"value.txt","sha256":"e9d83f01c9aff03af6380e341aad90a5547d378ef54582383c6c9a35c53181af","byteLength":12}}],"isError":false}
    
    false !== true
    
  code: 'ERR_ASSERTION'
  name: 'AssertionError'
  expected: true
  actual: false
  operator: 'strictEqual'
  stack: |-
    refused (D:\repos\ai-discussion-board\.worktrees\runner-v2-robust-build\runner-v2\test\filesystem-mutation-fence.test.ts:57:10)
    <anonymous> (D:\repos\ai-discussion-board\.worktrees\runner-v2-robust-build\runner-v2\test\filesystem-mutation-fence.test.ts:170:3)
    async TestContext.<anonymous> (D:\repos\ai-discussion-board\.worktrees\runner-v2-robust-build\runner-v2\test\filesystem-mutation-fence.test.ts:47:11)
    async Test.run (node:internal/test_runner/test:1332:7)
    async Test.processPendingSubtests (node:internal/test_runner/test:911:7)
  ...
# Task 10 RED/diagnostic root retained: C:\\Users\\b_a_s\\AppData\\Local\\Temp\\aiboard-task10-fence-GNUgBw
# C5 CLI root: {"event":"created","path":"C:\\\\Users\\\\b_a_s\\\\AppData\\\\Local\\\\Temp\\\\aiboard-task10-fence-hJ7HO8"}
# Subtest: filesystem fence: controlled external writer proves replacement is not atomic CAS
ok 18 - filesystem fence: controlled external writer proves replacement is not atomic CAS
  ---
  duration_ms: 65.064
  type: 'test'
  ...
# Subtest: filesystem fence: ordinary create, revision replacement, patch, directory move and recursive delete work
ok 19 - filesystem fence: ordinary create, revision replacement, patch, directory move and recursive delete work
  ---
  duration_ms: 16.5445
  type: 'test'
  ...
# C5 CLI root: {"event":"exit","path":"C:\\\\Users\\\\b_a_s\\\\AppData\\\\Local\\\\Temp\\\\aiboard-task10-fence-arAFA4","existsAtExit":true}
# C5 CLI root: {"event":"exit","path":"C:\\\\Users\\\\b_a_s\\\\AppData\\\\Local\\\\Temp\\\\aiboard-task10-fence-x1RNPg","existsAtExit":true}
# C5 CLI root: {"event":"exit","path":"C:\\\\Users\\\\b_a_s\\\\AppData\\\\Local\\\\Temp\\\\aiboard-task10-fence-H17noC","existsAtExit":false}
# C5 CLI root: {"event":"exit","path":"C:\\\\Users\\\\b_a_s\\\\AppData\\\\Local\\\\Temp\\\\aiboard-task10-fence-JzaUZc","existsAtExit":true}
# C5 CLI root: {"event":"exit","path":"C:\\\\Users\\\\b_a_s\\\\AppData\\\\Local\\\\Temp\\\\aiboard-task10-fence-igtBkF","existsAtExit":true}
# C5 CLI root: {"event":"exit","path":"C:\\\\Users\\\\b_a_s\\\\AppData\\\\Local\\\\Temp\\\\aiboard-task10-fence-7PZ7Dk","existsAtExit":true}
# C5 CLI root: {"event":"exit","path":"C:\\\\Users\\\\b_a_s\\\\AppData\\\\Local\\\\Temp\\\\aiboard-task10-fence-h11syF","existsAtExit":true}
# C5 CLI root: {"event":"exit","path":"C:\\\\Users\\\\b_a_s\\\\AppData\\\\Local\\\\Temp\\\\aiboard-task10-fence-DqEytS","existsAtExit":true}
# C5 CLI root: {"event":"exit","path":"C:\\\\Users\\\\b_a_s\\\\AppData\\\\Local\\\\Temp\\\\aiboard-task10-fence-ke0Yxp","existsAtExit":true}
# C5 CLI root: {"event":"exit","path":"C:\\\\Users\\\\b_a_s\\\\AppData\\\\Local\\\\Temp\\\\aiboard-task10-fence-c08pun","existsAtExit":true}
# C5 CLI root: {"event":"exit","path":"C:\\\\Users\\\\b_a_s\\\\AppData\\\\Local\\\\Temp\\\\aiboard-task10-fence-yfTugA","existsAtExit":true}
# C5 CLI root: {"event":"exit","path":"C:\\\\Users\\\\b_a_s\\\\AppData\\\\Local\\\\Temp\\\\aiboard-task10-fence-qgGZ2D","existsAtExit":true}
# C5 CLI root: {"event":"exit","path":"C:\\\\Users\\\\b_a_s\\\\AppData\\\\Local\\\\Temp\\\\aiboard-task10-fence-2XNgiy","existsAtExit":true}
# C5 CLI root: {"event":"exit","path":"C:\\\\Users\\\\b_a_s\\\\AppData\\\\Local\\\\Temp\\\\aiboard-task10-fence-6y22jb","existsAtExit":true}
# C5 CLI root: {"event":"exit","path":"C:\\\\Users\\\\b_a_s\\\\AppData\\\\Local\\\\Temp\\\\aiboard-task10-fence-4ugx0E","existsAtExit":true}
# C5 CLI root: {"event":"exit","path":"C:\\\\Users\\\\b_a_s\\\\AppData\\\\Local\\\\Temp\\\\aiboard-task10-fence-cSH1Qh","existsAtExit":true}
# C5 CLI root: {"event":"exit","path":"C:\\\\Users\\\\b_a_s\\\\AppData\\\\Local\\\\Temp\\\\aiboard-task10-fence-GNUgBw","existsAtExit":true}
# C5 CLI root: {"event":"exit","path":"C:\\\\Users\\\\b_a_s\\\\AppData\\\\Local\\\\Temp\\\\aiboard-task10-fence-sjQ7k8","existsAtExit":false}
# C5 CLI root: {"event":"exit","path":"C:\\\\Users\\\\b_a_s\\\\AppData\\\\Local\\\\Temp\\\\aiboard-task10-fence-hJ7HO8","existsAtExit":false}
1..19
# tests 19
# suites 0
# pass 3
# fail 16
# cancelled 0
# skipped 0
# todo 0
# duration_ms 485.7759
