TAP version 13
# C5 CLI root: {"event":"created","path":"C:\\\\Users\\\\b_a_s\\\\AppData\\\\Local\\\\Temp\\\\p683-language-budget-1vGzqV"}
# Subtest: LSP language operation budget lets the typed write timeout settle before the shared ownership deadline
not ok 1 - LSP language operation budget lets the typed write timeout settle before the shared ownership deadline
  ---
  duration_ms: 92.5252
  type: 'test'
  location: 'D:\\repos\\ai-discussion-board\\.worktrees\\runner-v2-robust-build\\runner-v2\\test\\lsp-invocation-lifetime.test.ts:3:4243'
  failureType: 'testCodeFailure'
  error: |-
    The validation function is expected to return "true". Received false
    
    Caught error:
    
    LspClientError: shared language scope expired first
  code: 'ERR_ASSERTION'
  name: 'AssertionError'
  stack: |-
    runNextTicks (node:internal/process/task_queues:65:5)
    process.processTimers (node:internal/timers:538:9)
    async TestContext.<anonymous> (D:\repos\ai-discussion-board\.worktrees\runner-v2-robust-build\runner-v2\test\lsp-invocation-lifetime.test.ts:139:5)
    async Test.run (node:internal/test_runner/test:1332:7)
    async startSubtestAfterBootstrap (node:internal/test_runner/harness:385:3)
  ...
# exact synthetic LSP language-budget root acquired: C:\\Users\\b_a_s\\AppData\\Local\\Temp\\p683-language-budget-1vGzqV
# closed synthetic LSP language-budget failure root retained: C:\\Users\\b_a_s\\AppData\\Local\\Temp\\p683-language-budget-1vGzqV
# C5 CLI root: {"event":"exit","path":"C:\\\\Users\\\\b_a_s\\\\AppData\\\\Local\\\\Temp\\\\p683-language-budget-1vGzqV","existsAtExit":true}
1..1
# tests 1
# suites 0
# pass 0
# fail 1
# cancelled 0
# skipped 0
# todo 0
# duration_ms 295.7252
