{"name":"reference-positive","sourceHash":"6a5b142037c60fb9ab480ccd64f307f556685be755878df0aa1ec39d3ceb1cf0","expectation":"positive","variantIds":["B01/recover-driver.attach.before","B06/deadline-driver.attach.before","B07/issued-driver.attach.before","B07/resource-intent-reader","C09/restore-store.commit.before","C09/restore-store.commit.after","E02/primary","A07/invalid-stream","A07/invalid-digest","A07/invalid-artifactId","A07/invalid-channelId","A07/invalid-seq","A07/invalid-offset","A07/invalid-length","B06/primary","B10/primary","C01/primary","C09/primary","B13/primary","E03/primary","E08/primary","B07/acquire-intent-isolation","B07/acquire-intent-process","B07/acquire-intent-channel","B07/acquire-intent-workload"],"status":"valid","selected":25,"passed":25,"skipped":0,"wallMs":3229,"operations":7961,"promiseJobs":36691,"failed":[]}
{"name":"setup-reader-positive","sourceHash":"0f9af49f2f4679e1a0aee684b2820e3b63e7aace80319225bb5b76a1bbdf0963","expectation":"positive","variantIds":["B01/recover-driver.attach.before","B06/deadline-driver.attach.before","B07/issued-driver.attach.before","B07/resource-intent-reader","B06/primary","B10/primary"],"status":"valid","selected":6,"passed":6,"skipped":0,"wallMs":2267,"operations":2167,"promiseJobs":10088,"failed":[]}
{"name":"record-envelope-positive","sourceHash":"a6d8411c20f253e4982cbc3ab35db4536b29941b7f6cdef05c4086efef3f3d7b","expectation":"positive","variantIds":["C09/restore-store.commit.before","C09/restore-store.commit.after","C01/primary","C09/primary"],"status":"valid","selected":4,"passed":4,"skipped":0,"wallMs":2164,"operations":1482,"promiseJobs":8390,"failed":[]}
{"name":"lazy-roots-positive","sourceHash":"6721011cdaeaa9ce543c2cc51069d2a8dd7f736b89977ec226cf7b726410a29d","expectation":"positive","variantIds":["E02/primary","C01/primary","E08/primary","B13/primary","E03/primary"],"status":"valid","selected":5,"passed":5,"skipped":0,"wallMs":2253,"operations":2242,"promiseJobs":10278,"failed":[]}
{"name":"reference-material-omit-failure-diagnostic","sourceHash":"4176206c20d4944958cf7895e8d9a474d9638f0776a6d86b5ef5ac7d10d86579","expectation":"material","variantIds":["B01/recover-driver.attach.before"],"status":"valid","selected":1,"passed":0,"skipped":0,"wallMs":1953,"operations":244,"promiseJobs":1146,"failed":[{"id":"B01/recover-driver.attach.before","reason":"rejection has explicit failure presence","safety":[]}]}
{"name":"reference-material-optimistic-reconciliation","sourceHash":"e97aec507683d6b5d2e4a5749a3761f39b65f288edc5ccb45711c56ac8661bbb","expectation":"material","variantIds":["B06/deadline-driver.attach.before","A07/invalid-stream","A07/invalid-digest","A07/invalid-artifactId","A07/invalid-channelId"],"status":"valid","selected":5,"passed":0,"skipped":0,"wallMs":2074,"operations":1122,"promiseJobs":5359,"failed":[{"id":"A07/invalid-stream","reason":"poll must refuse","safety":[]},{"id":"A07/invalid-digest","reason":"poll must refuse","safety":[]},{"id":"A07/invalid-artifactId","reason":"poll must refuse","safety":[]},{"id":"A07/invalid-channelId","reason":"poll must refuse","safety":[]},{"id":"B06/deadline-driver.attach.before","reason":"stop must refuse","safety":[]}]}
{"name":"reference-material-discard-reconciliation-receipts","sourceHash":"a93af07995b1f5b5f0a8357a8723c4b79bd76e945dbdea7beebbeb4e5b39a344","expectation":"material","variantIds":["B07/issued-driver.attach.before","B07/resource-intent-reader"],"status":"valid","selected":2,"passed":0,"skipped":0,"wallMs":1959,"operations":508,"promiseJobs":2334,"failed":[{"id":"B07/issued-driver.attach.before","reason":"stop must progress: {\"kind\":\"unknown\",\"operationId\":\"<opaque>\",\"blockers\":[{\"code\":\"unknown-effect\",\"jobId\":\"<opaque>\",\"operationId\":\"<opaque>\"}]}","safety":[]},{"id":"B07/resource-intent-reader","reason":"stop must progress: {\"kind\":\"unknown\",\"operationId\":\"<opaque>\",\"blockers\":[{\"code\":\"unknown-effect\",\"jobId\":\"<opaque>\",\"operationId\":\"<opaque>\"}]}","safety":[]}]}
{"name":"reference-material-omit-evidence-write","sourceHash":"59f39de74f488fb7f3186029ac1f254ea5f212c0ec83c78bf238ace10b44bf19","expectation":"material","variantIds":["C09/restore-store.commit.before","C09/restore-store.commit.after"],"status":"valid","selected":2,"passed":0,"skipped":0,"wallMs":1983,"operations":522,"promiseJobs":2364,"failed":[{"id":"C09/restore-store.commit.before","reason":"restore must progress: {\"kind\":\"blocked\",\"blockers\":[{\"code\":\"integrity\",\"jobId\":\"<opaque>\"}],\"failures\":[]}; safety: evidence-before-acceptance","safety":[{"code":"evidence-before-acceptance","jobId":"39d1ecf4a6829fa5bb4c4bacb15bedf7","detail":"Acceptance has no matching persisted payload.","familyId":"C09","variantId":"C09/restore-store.commit.before"}]},{"id":"C09/restore-store.commit.after","reason":"restore must progress: {\"kind\":\"blocked\",\"blockers\":[{\"code\":\"integrity\",\"jobId\":\"<opaque>\"}],\"failures\":[]}; safety: evidence-before-acceptance","safety":[{"code":"evidence-before-acceptance","jobId":"4bc344d63d617cd2a3d1ddf5678e162f","detail":"Acceptance has no matching persisted payload.","familyId":"C09","variantId":"C09/restore-store.commit.after"}]}]}
{"name":"reference-material-relaunch-on-recovery","sourceHash":"e514140885538715373c0ee9ab583dfa7de64e8db78ba733ccc8e9371cbaf6ca","expectation":"material","variantIds":["E02/primary"],"status":"valid","selected":1,"passed":0,"skipped":0,"wallMs":1942,"operations":414,"promiseJobs":1919,"failed":[{"id":"E02/primary","reason":"all acquired setup owners close without launching","safety":[]}]}
{"name":"reference-restored","sourceHash":"6a5b142037c60fb9ab480ccd64f307f556685be755878df0aa1ec39d3ceb1cf0","expectation":"positive","variantIds":["B01/recover-driver.attach.before","B06/deadline-driver.attach.before","B07/issued-driver.attach.before","B07/resource-intent-reader","C09/restore-store.commit.before","C09/restore-store.commit.after","E02/primary","A07/invalid-stream","A07/invalid-digest","A07/invalid-artifactId","A07/invalid-channelId"],"status":"valid","selected":11,"passed":11,"skipped":0,"wallMs":2469,"operations":3342,"promiseJobs":15523,"failed":[]}
{"name":"setup-reader-material-omit-failure-diagnostic","sourceHash":"6ee85e905b67fdbaeae9086729cf36af2086428d150f675ee13b02da60f9aca6","expectation":"material","variantIds":["B01/recover-driver.attach.before"],"status":"valid","selected":1,"passed":0,"skipped":0,"wallMs":1973,"operations":214,"promiseJobs":1005,"failed":[{"id":"B01/recover-driver.attach.before","reason":"rejection has explicit failure presence","safety":[]}]}
{"name":"setup-reader-material-optimistic-reconciliation","sourceHash":"90d5775b2cd8973708dbc776b2163371205cfff3b8f0a78cf632de87d4f47cf5","expectation":"material","variantIds":["B06/deadline-driver.attach.before"],"status":"valid","selected":1,"passed":0,"skipped":0,"wallMs":1897,"operations":218,"promiseJobs":1100,"failed":[{"id":"B06/deadline-driver.attach.before","reason":"stop must refuse","safety":[]}]}
{"name":"setup-reader-material-discard-reconciliation-receipts","sourceHash":"edc5ad21cec9833bff1a8beb2b7b6feb2056de913192ccfb95c8d532954a490d","expectation":"material","variantIds":["B07/issued-driver.attach.before","B07/resource-intent-reader"],"status":"valid","selected":2,"passed":0,"skipped":0,"wallMs":1942,"operations":456,"promiseJobs":2092,"failed":[{"id":"B07/issued-driver.attach.before","reason":"stop must progress: {\"kind\":\"unknown\",\"operationId\":\"<opaque>\",\"blockers\":[{\"code\":\"unknown-effect\",\"jobId\":\"<opaque>\",\"operationId\":\"<opaque>\"}]}","safety":[]},{"id":"B07/resource-intent-reader","reason":"stop must progress: {\"kind\":\"unknown\",\"operationId\":\"<opaque>\",\"blockers\":[{\"code\":\"unknown-effect\",\"jobId\":\"<opaque>\",\"operationId\":\"<opaque>\"}]}","safety":[]}]}
{"name":"setup-reader-restored","sourceHash":"0f9af49f2f4679e1a0aee684b2820e3b63e7aace80319225bb5b76a1bbdf0963","expectation":"positive","variantIds":["B01/recover-driver.attach.before","B06/deadline-driver.attach.before","B07/issued-driver.attach.before","B07/resource-intent-reader"],"status":"valid","selected":4,"passed":4,"skipped":0,"wallMs":2136,"operations":1437,"promiseJobs":6720,"failed":[]}
{"name":"record-envelope-material-omit-evidence-write","sourceHash":"af14a95efdbe822129427dba6e7f6e2bab44fe9c825c544dfdaa286d0dd64d54","expectation":"material","variantIds":["C09/restore-store.commit.before","C09/restore-store.commit.after"],"status":"valid","selected":2,"passed":0,"skipped":0,"wallMs":1993,"operations":522,"promiseJobs":2970,"failed":[{"id":"C09/restore-store.commit.before","reason":"restore must progress: {\"kind\":\"blocked\",\"blockers\":[{\"code\":\"integrity\",\"jobId\":\"<opaque>\"}],\"failures\":[]}; safety: evidence-before-acceptance","safety":[{"code":"evidence-before-acceptance","jobId":"39d1ecf4a6829fa5bb4c4bacb15bedf7","detail":"Acceptance has no matching persisted payload.","familyId":"C09","variantId":"C09/restore-store.commit.before"}]},{"id":"C09/restore-store.commit.after","reason":"restore must progress: {\"kind\":\"blocked\",\"blockers\":[{\"code\":\"integrity\",\"jobId\":\"<opaque>\"}],\"failures\":[]}; safety: evidence-before-acceptance","safety":[{"code":"evidence-before-acceptance","jobId":"4bc344d63d617cd2a3d1ddf5678e162f","detail":"Acceptance has no matching persisted payload.","familyId":"C09","variantId":"C09/restore-store.commit.after"}]}]}
{"name":"record-envelope-restored","sourceHash":"a6d8411c20f253e4982cbc3ab35db4536b29941b7f6cdef05c4086efef3f3d7b","expectation":"positive","variantIds":["C09/restore-store.commit.before","C09/restore-store.commit.after"],"status":"valid","selected":2,"passed":2,"skipped":0,"wallMs":2001,"operations":560,"promiseJobs":3160,"failed":[]}
{"name":"lazy-roots-material-relaunch-on-recovery","sourceHash":"8a3c3eb0b368496bf5884bdc3e653714ae785a17672a4cc4a4372a382602fffd","expectation":"material","variantIds":["E02/primary"],"status":"valid","selected":1,"passed":0,"skipped":0,"wallMs":1934,"operations":393,"promiseJobs":1818,"failed":[{"id":"E02/primary","reason":"all acquired setup owners close without launching","safety":[]}]}
{"name":"lazy-roots-restored","sourceHash":"6721011cdaeaa9ce543c2cc51069d2a8dd7f736b89977ec226cf7b726410a29d","expectation":"positive","variantIds":["E02/primary"],"status":"valid","selected":1,"passed":1,"skipped":0,"wallMs":1931,"operations":352,"promiseJobs":1631,"failed":[]}
{"name":"wrong-category","sourceHash":"169461088ead336c9300a0024c2659c6e2500e291a69ed23a9b605ed88251650","expectation":"poll categorical blocker","variantIds":["A07/invalid-stream","A07/invalid-digest","A07/invalid-artifactId","A07/invalid-channelId"],"status":"valid","selected":4,"passed":0,"skipped":0,"wallMs":1996,"operations":865,"promiseJobs":4066,"failed":[{"id":"A07/invalid-stream","reason":"poll categorical blocker","safety":[]},{"id":"A07/invalid-digest","reason":"poll categorical blocker","safety":[]},{"id":"A07/invalid-artifactId","reason":"poll categorical blocker","safety":[]},{"id":"A07/invalid-channelId","reason":"poll categorical blocker","safety":[]}]}
{"name":"range-gap","sourceHash":"169461088ead336c9300a0024c2659c6e2500e291a69ed23a9b605ed88251650","expectation":"positive","variantIds":["A07/invalid-seq","A07/invalid-offset"],"status":"valid","selected":2,"passed":2,"skipped":0,"wallMs":1998,"operations":438,"promiseJobs":2050,"failed":[]}
{"name":"range-integrity","sourceHash":"db9787ab2d9bfbf882a46830dbbe6784aa41f69819283cd4546fa251d8abea9c","expectation":"positive","variantIds":["A07/invalid-seq","A07/invalid-offset"],"status":"valid","selected":2,"passed":2,"skipped":0,"wallMs":1994,"operations":438,"promiseJobs":2050,"failed":[]}
{"name":"forbidden-attach-expired","sourceHash":"50ff58d6e04603ecea3447ee6dcfac6e260abcf0eff3d711bc752b4fbf23d023","expectation":"expired entry issues no attach","variantIds":["B06/primary"],"status":"valid","selected":1,"passed":0,"skipped":0,"wallMs":1934,"operations":208,"promiseJobs":967,"failed":[{"id":"B06/primary","reason":"expired entry issues no attach","safety":[]}]}
{"name":"forbidden-attach-reserve","sourceHash":"22701367205176fd17f6553dddf406dfe9eadac8ab49208dd3c189bc69400539","expectation":"insufficient reserve issues no work","variantIds":["B06/primary"],"status":"valid","selected":1,"passed":1,"skipped":0,"wallMs":1966,"operations":212,"promiseJobs":983,"failed":[]}
{
  "output": "benchmarks\\recoverable-job-service\\private\\calibration\\correction-proof-2026-09-12T17-06-54-031Z",
  "runs": 23,
  "probes": 24,
  "passed": false,
  "failedChecks": [
    {
      "label": "forbidden-attach-reserve: B06/primary exact forbidden predicate",
      "passed": false
    },
    {
      "label": "reserve: forbidden neighbor issued an actual attachment",
      "passed": false
    }
  ]
}
node:internal/modules/run_main:107
    triggerUncaughtException(
    ^

AssertionError [ERR_ASSERTION]: all targeted public-predicate/material/restored proof checks must pass
    at <anonymous> (D:\repos\ai-discussion-board\.worktrees\runner-v2-robust-build\scripts\test-recoverable-job-service-calibration-correction.mts:149:1) {
  generatedMessage: false,
  code: 'ERR_ASSERTION',
  actual: false,
  expected: true,
  operator: '==',
  diff: 'simple'
}

Node.js v24.18.0
