{
  "output": "benchmarks\\recoverable-job-service\\private\\calibration\\representation-counterexample-2026-09-12T17-03-19-435Z",
  "schemaVersion": 1,
  "purpose": "opaque-record scheduling counterexample; not full calibration",
  "referenceHash": "6a5b142037c60fb9ab480ccd64f307f556685be755878df0aa1ec39d3ceb1cf0",
  "recordEnvelopeHash": "a6d8411c20f253e4982cbc3ab35db4536b29941b7f6cdef05c4086efef3f3d7b",
  "contractVersion": "rjs-contract-2.0.0",
  "suiteVersion": "rjs-suite-2.0.0",
  "replayCommitment": "d05531cce587c79e0122ab926aee16302bf582e3febd14dcc5680fa3f0d6da2a",
  "node": "24.18.0",
  "results": {
    "reference": {
      "status": "valid",
      "selected": 4,
      "pass": 4,
      "fail": [],
      "safetyFailures": 0
    },
    "record-envelope": {
      "status": "valid",
      "selected": 4,
      "pass": 4,
      "fail": [],
      "safetyFailures": 0
    }
  }
}
