{
  "freeze": {
    "path": "benchmarks/recoverable-job-service/private/calibration/final-source-freeze.json",
    "bytes": 97210,
    "sha256": "c677bbd88698ad4ec2c1f90f94376a397e847f162881b7e49b5f4fcdab9e3b0a"
  },
  "identity": {
    "contractHash": "e9bed0d0c9cc2450405c8bf40ed66111cbda7fd23a2407870cad5a143f9b9520",
    "suiteHash": "1abe56655cf62155bdf8ff870f0dc0ab29bae84b06b4fcccabcb5a1661a5869e"
  },
  "versions": {
    "contract": "rjs-contract-2.0.1",
    "suite": "rjs-suite-2.0.1"
  },
  "sourceCount": 109,
  "changedProducerFiles": [
    "benchmarks/recoverable-job-service/private/control-expectations.json",
    "benchmarks/recoverable-job-service/private/evaluator.mjs",
    "benchmarks/recoverable-job-service/private/generate-assets.mjs",
    "benchmarks/recoverable-job-service/private/scenarios.mjs",
    "benchmarks/recoverable-job-service/private/variants.mjs",
    "benchmarks/recoverable-job-service/public/acceptance-contract.md",
    "benchmarks/recoverable-job-service/public/runtime-contract.md",
    "benchmarks/recoverable-job-service/public/source-bootstrap.md",
    "docs/benchmarks/recoverable-job-service/acceptance-contract.md",
    "docs/benchmarks/recoverable-job-service/runtime-contract.md",
    "docs/benchmarks/recoverable-job-service/source-bootstrap.md",
    "lib/benchmark/workbench/recoverable-job-service/assets.generated.ts"
  ],
  "controls": [
    {
      "id": "representation",
      "sha256": "a2e2a6b3d3c1c753edb9cafc78582e7f5bea312017e7df650aa7b680ee218445"
    },
    {
      "id": "algorithm",
      "sha256": "0ae59127f4aed2ff97599f6dec2d3d8a5cf2f3d58c2e0f44406a3c3bbcf8edac"
    },
    {
      "id": "truthful-outcome",
      "sha256": "e576d5009012044e1985d4558afd7f8ea590416e99111796804ea7d7502832bf"
    }
  ],
  "ledger": {
    "path": "benchmarks/recoverable-job-service/private/calibration/predicate-dependency-ledger-final.json",
    "bytes": 5079269,
    "sha256": "c3f4b9c4038edecb4313e3e2c2bd2d9d1fb1a86e78481aa7df2534db43573d84"
  },
  "probePlan": {
    "path": "benchmarks/recoverable-job-service/private/calibration/probe-plan-final.json",
    "bytes": 26834,
    "sha256": "1905fe76a5262e420fb5a06bcbbca9faaaae8b12bff0e8e8c9543ec50c0c9694"
  },
  "publicFiles": 11
}
