A01/takeover-before PASS
A01/takeover-after PASS
A04/epoch-future PASS
A04/owner-foreign PASS
A04/sequence-unsafe PASS
A06/crash-ack-intent PASS
A06/crash-acked PASS
A07/invalid-stream PASS
A07/invalid-seq PASS
A07/invalid-offset PASS
A07/invalid-length PASS
A07/invalid-digest PASS
A07/invalid-artifactId PASS
A07/invalid-channelId PASS
A08/nested-consumer-progress PASS
A10/timeout-observer-replacement PASS
A14/inflight-driver.publishAck.after PASS
A14/inflight-consumer.consume.after PASS
A15/final-read-epoch PASS
A15/final-read-deadline PASS
B01/recover-driver.inspect.before PASS
B01/recover-driver.readChannel.before PASS
B01/recover-driver.detach.before PASS
B01/recover-driver.release.after PASS
B01/recover-driver.attach.before PASS
B02/proof-channel PASS
B02/proof-process PASS
B02/proof-isolation PASS
B03/receipt-future-time PASS
B03/receipt-future-epoch PASS
B03/receipt-foreign-owner PASS
B04/rejection-driver.release.before-false PASS
B04/rejection-driver.release.before-0 PASS
B04/rejection-driver.release.before-null PASS
B04/rejection-driver.release.before-undefined PASS
B04/rejection-driver.release.after-false PASS
B04/rejection-driver.release.after-0 PASS
B04/rejection-driver.release.after-null PASS
B04/rejection-driver.release.after-undefined PASS
B06/deadline-driver.attach.before PASS
B06/deadline-driver.release.before PASS
B06/deadline-store.commit.before PASS
B07/acquire-intent-isolation PASS
B07/acquire-intent-process PASS
B07/acquire-intent-channel PASS
B07/acquire-intent-workload PASS
B07/fact-quiescent PASS
B07/fact-output PASS
B07/fact-evidence PASS
B07/fact-channel PASS
B07/fact-process PASS
B07/fact-isolation PASS
B07/issued-driver.attach.before PASS
B07/issued-driver.detach.before PASS
B07/issued-driver.release.before PASS
B08/release-missing-receipt PASS
B01/recover-unknown-issued PASS
B07/resource-intent-reader PASS
B07/resource-intent-release-request PASS
B07/resource-intent-graceful PASS
B07/resource-intent-force FAIL Error: candidate wall timeout
B07/resource-intent-barrier PASS
B07/resource-intent-detach PASS
B07/resource-intent-process PASS
B07/resource-intent-isolation PASS
B12/new-suffix PASS
B12/corrupt-artifact PASS
B12/changed-checkpoint PASS
B12/blocked-barrier PASS
B15/missing PASS
B15/foreign PASS
B15/unfinished PASS
B17/missing-created PASS
B17/sequence-unsafe PASS
B17/evidence-digest PASS
C03/artifact-missing PASS
C03/artifact-foreign PASS
C03/evidence-gap PASS
C05/version PASS
C05/negative-position PASS
C05/loss-invalid PASS
C05/frame-extra PASS
C05/receipt-extra PASS
C05/payload-extra PASS
C05/future-created PASS
C05/final-mismatch PASS
C05/retired-prefix PASS
C05/consumed-total PASS
C05/allowed-extension PASS
C06/authority-loss-after-evidence-write PASS
C07/protocol-corruption PASS
C07/checkpoint-cas PASS
C08/accepted PASS
C08/consuming-not-applied PASS
C08/consuming-unknown PASS
C08/acked PASS
C09/restore-store.commit.before PASS
C09/restore-store.commit.after PASS
C10/restore-stale-head PASS
C12/handoff-self PASS
C12/handoff-cycle PASS
C12/handoff-destination-reused PASS
C12/handoff-final-source PASS
C12/handoff-foreign PASS
C12/handoff-missing PASS
C13/final-mismatch PASS
C13/evidence-digest PASS
C15/unfinalized PASS
C15/pending-consumption PASS
C15/foreign-evidence PASS
C16/terminal-transfer-store.commit.before PASS
C16/terminal-transfer-store.commit.after PASS
C18/root-birth PASS
C18/root-path PASS
C18/root-retained PASS
C18/root-foreignEntries PASS
C19/final-reuse-epoch PASS
C19/final-reuse-deadline PASS
C19/final-reuse-head PASS
D02/anchor-missing PASS
D02/anchor-birth PASS
D03/release-epoch PASS
D03/release-witness PASS
D03/release-replaced PASS
D04/natural-nonzero-1 PASS
D04/natural-nonzero-137 PASS
D05/delayed-stdout PASS
D05/delayed-stderr PASS
D08/legacy-evidence-final-immutable PASS
E03/crash-consumer.consume.after PASS
E03/crash-driver.publishAck.after PASS
E06/falsy-driver.acquire.before-0 PASS
E06/falsy-driver.acquire.before-false PASS
E06/falsy-driver.acquire.before-null PASS
E06/falsy-driver.acquire.before-undefined PASS
E06/falsy-driver.inspect.before-0 PASS
E06/falsy-driver.inspect.before-false PASS
E06/falsy-driver.inspect.before-null PASS
E06/falsy-driver.inspect.before-undefined PASS
E06/falsy-driver.detach.before-0 PASS
E06/falsy-driver.detach.before-false PASS
E06/falsy-driver.detach.before-null PASS
E06/falsy-driver.detach.before-undefined PASS
E06/falsy-driver.release.after-0 PASS
E06/falsy-driver.release.after-false PASS
E06/falsy-driver.release.after-null PASS
E06/falsy-driver.release.after-undefined PASS
E06/falsy-artifact.read.before-0 PASS
E06/falsy-artifact.read.before-false PASS
E06/falsy-artifact.read.before-null PASS
E06/falsy-artifact.read.before-undefined PASS
E07/expired-replay PASS
E07/changed-arguments PASS
E07/cross-type PASS
E07/service-closed PASS
E07/failed-close PASS
E07/obligations PASS
E07/callback-failure PASS
158 variants, 1 failed
