A01 PASS Public recipe passed.
A02 PASS Public recipe passed.
A03 PASS Public recipe passed.
A04 PASS Public recipe passed.
A05 PASS Public recipe passed.
A06 PASS Public recipe passed.
A07 PASS Public recipe passed.
A08 PASS Public recipe passed.
A09 PASS Public recipe passed.
A10 PASS Public recipe passed.
A11 PASS Public recipe passed.
A12 PASS Public recipe passed.
A13 PASS Public recipe passed.
A14 PASS Public recipe passed.
A15 PASS Public recipe passed.
B01 PASS Public recipe passed.
B02 PASS Public recipe passed.
B03 PASS Public recipe passed.
B04 PASS Public recipe passed.
B05 PASS Public recipe passed.
B06 PASS Public recipe passed.
B07 PASS Public recipe passed.
B08 PASS Public recipe passed.
B09 PASS Public recipe passed.
B10 PASS Public recipe passed.
B11 PASS Public recipe passed.
B12 PASS Public recipe passed.
B13 PASS Public recipe passed.
B14 PASS Public recipe passed.
B15 PASS Public recipe passed.
B16 PASS Public recipe passed.
B17 PASS Public recipe passed.
C01 PASS Public recipe passed.
C02 PASS Public recipe passed.
C03 PASS Public recipe passed.
C04 PASS Public recipe passed.
C05 PASS Public recipe passed.
C06 PASS Public recipe passed.
C07 PASS Public recipe passed.
C08 PASS Public recipe passed.
C09 PASS Public recipe passed.
C10 PASS Public recipe passed.
C11 PASS Public recipe passed.
C12 PASS Public recipe passed.
C13 PASS Public recipe passed.
C14 PASS Public recipe passed.
C15 PASS Public recipe passed.
C16 PASS Public recipe passed.
C17 PASS Public recipe passed.
C18 PASS Public recipe passed.
C19 PASS Public recipe passed.
D01 PASS Public recipe passed.
D02 PASS Public recipe passed.
D03 PASS Public recipe passed.
D04 PASS Public recipe passed.
D05 PASS Public recipe passed.
D06 PASS Public recipe passed.
D07 PASS Public recipe passed.
D08 PASS Public recipe passed.
D09 PASS Public recipe passed.
E01 PASS Public recipe passed.
E02 PASS Public recipe passed.
E03 PASS Public recipe passed.
E04 PASS Public recipe passed.
E05 PASS Public recipe passed.
E06 PASS Public recipe passed.
E07 PASS Public recipe passed.
E08 PASS Public recipe passed.
E09 PASS Public recipe passed.
