TAP version 13
# C5 CLI root: {"event":"created","path":"C:\\\\Users\\\\b_a_s\\\\AppData\\\\Local\\\\Temp\\\\p683-job-replay-4HecnD"}
# Subtest: Windows Job replay reservation bounds aggregate bytes and refuses a non-exact ACK
ok 1 - Windows Job replay reservation bounds aggregate bytes and refuses a non-exact ACK
  ---
  duration_ms: 307.0923
  type: 'test'
  ...
# exact synthetic Job replay fixture acquired: C:\\Users\\b_a_s\\AppData\\Local\\Temp\\p683-job-replay-4HecnD
# synthetic authenticated Job fixture closed and removed: C:\\Users\\b_a_s\\AppData\\Local\\Temp\\p683-job-replay-4HecnD
# C5 CLI root: {"event":"exit","path":"C:\\\\Users\\\\b_a_s\\\\AppData\\\\Local\\\\Temp\\\\p683-job-replay-4HecnD","existsAtExit":false}
1..1
# tests 1
# suites 0
# pass 1
# fail 0
# cancelled 0
# skipped 0
# todo 0
# duration_ms 552.0761
