TAP version 13
# C5 CLI root: {"event":"created","path":"C:\\\\Users\\\\b_a_s\\\\AppData\\\\Local\\\\Temp\\\\p6-git-bootstrap-S3F96c"}
# Subtest: baseline bootstrap full binds the real run/profile and closes its owner before returning
ok 1 - baseline bootstrap full binds the real run/profile and closes its owner before returning
  ---
  duration_ms: 7.1153
  type: 'test'
  ...
# C5 CLI root: {"event":"created","path":"C:\\\\Users\\\\b_a_s\\\\AppData\\\\Local\\\\Temp\\\\p6-git-bootstrap-nxVNB6"}
# exact synthetic bootstrap acquired: C:\\Users\\b_a_s\\AppData\\Local\\Temp\\p6-git-bootstrap-S3F96c
# synthetic bootstrap fixture removed: C:\\Users\\b_a_s\\AppData\\Local\\Temp\\p6-git-bootstrap-S3F96c
# Subtest: baseline bootstrap project binds the real run/profile and closes its owner before returning
ok 2 - baseline bootstrap project binds the real run/profile and closes its owner before returning
  ---
  duration_ms: 3.2336
  type: 'test'
  ...
# C5 CLI root: {"event":"created","path":"C:\\\\Users\\\\b_a_s\\\\AppData\\\\Local\\\\Temp\\\\p6-git-bootstrap-dEiDLH"}
# exact synthetic bootstrap acquired: C:\\Users\\b_a_s\\AppData\\Local\\Temp\\p6-git-bootstrap-nxVNB6
# synthetic bootstrap fixture removed: C:\\Users\\b_a_s\\AppData\\Local\\Temp\\p6-git-bootstrap-nxVNB6
# Subtest: baseline bootstrap guarded binds the real run/profile and closes its owner before returning
ok 3 - baseline bootstrap guarded binds the real run/profile and closes its owner before returning
  ---
  duration_ms: 3.0215
  type: 'test'
  ...
# exact synthetic bootstrap acquired: C:\\Users\\b_a_s\\AppData\\Local\\Temp\\p6-git-bootstrap-dEiDLH
# synthetic bootstrap fixture removed: C:\\Users\\b_a_s\\AppData\\Local\\Temp\\p6-git-bootstrap-dEiDLH
# C5 CLI root: {"event":"exit","path":"C:\\\\Users\\\\b_a_s\\\\AppData\\\\Local\\\\Temp\\\\p6-git-bootstrap-S3F96c","existsAtExit":false}
# C5 CLI root: {"event":"exit","path":"C:\\\\Users\\\\b_a_s\\\\AppData\\\\Local\\\\Temp\\\\p6-git-bootstrap-nxVNB6","existsAtExit":false}
# C5 CLI root: {"event":"exit","path":"C:\\\\Users\\\\b_a_s\\\\AppData\\\\Local\\\\Temp\\\\p6-git-bootstrap-dEiDLH","existsAtExit":false}
1..3
# tests 3
# suites 0
# pass 3
# fail 0
# cancelled 0
# skipped 0
# todo 0
# duration_ms 915.8283
