TAP version 13
# C5 CLI root: {"event":"created","path":"C:\\\\Users\\\\b_a_s\\\\AppData\\\\Local\\\\Temp\\\\aiboard-integration-handoff-concurrent-journals-EqAvK3"}
# C5 CLI root: {"event":"created","path":"C:\\\\Users\\\\b_a_s\\\\AppData\\\\Local\\\\Temp\\\\aiboard-integration-handoff-concurrent-journals-DMWXGU"}
# Subtest: concurrent managers cannot delete the winning post-ref crash journal
ok 1 - concurrent managers cannot delete the winning post-ref crash journal
  ---
  duration_ms: 6758.7523
  type: 'test'
  ...
# Subtest: concurrent managers cannot delete the winning post-ref crash journal (early loser)
ok 2 - concurrent managers cannot delete the winning post-ref crash journal (early loser)
  ---
  duration_ms: 6950.2129
  type: 'test'
  ...
# C5 CLI root: {"event":"exit","path":"C:\\\\Users\\\\b_a_s\\\\AppData\\\\Local\\\\Temp\\\\aiboard-integration-handoff-concurrent-journals-EqAvK3","existsAtExit":false}
# C5 CLI root: {"event":"exit","path":"C:\\\\Users\\\\b_a_s\\\\AppData\\\\Local\\\\Temp\\\\aiboard-integration-handoff-concurrent-journals-DMWXGU","existsAtExit":false}
1..2
# tests 2
# suites 0
# pass 2
# fail 0
# cancelled 0
# skipped 0
# todo 0
# duration_ms 17460.0481
