TAP version 13
# Subtest: LSP shared chunking serializes whole frames against concurrent server-control replies
ok 1 - LSP shared chunking serializes whole frames against concurrent server-control replies
  ---
  duration_ms: 166.0363
  type: 'test'
  ...
# Subtest: LSP shared chunking never issues a queued frame after a failed predecessor
ok 2 - LSP shared chunking never issues a queued frame after a failed predecessor
  ---
  duration_ms: 153.5438
  type: 'test'
  ...
1..2
# tests 2
# suites 0
# pass 2
# fail 0
# cancelled 0
# skipped 0
# todo 0
# duration_ms 523.011
