TAP version 13
# Subtest: LSP migrated family contains no direct launch signal shell or ambient environment fallback
not ok 1 - LSP migrated family contains no direct launch signal shell or ambient environment fallback
  ---
  duration_ms: 52.0777
  type: 'test'
  location: 'D:\\repos\\ai-discussion-board\\.worktrees\\runner-v2-robust-build\\runner-v2\\test\\lsp-caller-audit.test.ts:1:638'
  failureType: 'testCodeFailure'
  error: |-
    Expected values to be strictly deep-equal:
    + actual - expected
    
    + [
    +   {
    +     file: 'lsp-client.ts',
    +     line: 1381,
    +     reason: 'raw process module in migrated Git family'
    +   }
    + ]
    - []
    
  code: 'ERR_ASSERTION'
  name: 'AssertionError'
  expected:
  actual:
    0:
      file: 'lsp-client.ts'
      line: 1381
      reason: 'raw process module in migrated Git family'
  operator: 'deepStrictEqual'
  stack: |-
    TestContext.<anonymous> (D:\repos\ai-discussion-board\.worktrees\runner-v2-robust-build\runner-v2\test\lsp-caller-audit.test.ts:12:10)
    Test.runInAsyncScope (node:async_hooks:227:14)
    Test.run (node:internal/test_runner/test:1325:25)
    Test.start (node:internal/test_runner/test:1191:17)
    startSubtestAfterBootstrap (node:internal/test_runner/harness:385:17)
  ...
1..1
# tests 1
# suites 0
# pass 0
# fail 1
# cancelled 0
# skipped 0
# todo 0
# duration_ms 624.8708
