TAP version 13
# Subtest: POSIX supervisor joins an already consumed anchor release under current ownership: takeover
ok 1 - POSIX supervisor joins an already consumed anchor release under current ownership: takeover
  ---
  duration_ms: 1.1529
  type: 'test'
  ...
# Subtest: POSIX supervisor joins an already consumed anchor release under current ownership: coordination
ok 2 - POSIX supervisor joins an already consumed anchor release under current ownership: coordination
  ---
  duration_ms: 0.4375
  type: 'test'
  ...
# Subtest: POSIX supervisor joins an already consumed anchor release under current ownership: forged
ok 3 - POSIX supervisor joins an already consumed anchor release under current ownership: forged
  ---
  duration_ms: 0.3856
  type: 'test'
  ...
# Subtest: POSIX supervisor joins an already consumed anchor release under current ownership: regressed
ok 4 - POSIX supervisor joins an already consumed anchor release under current ownership: regressed
  ---
  duration_ms: 0.3547
  type: 'test'
  ...
1..4
# tests 4
# suites 0
# pass 4
# fail 0
# cancelled 0
# skipped 0
# todo 0
# duration_ms 307.0415
