TAP version 13
# C5 CLI root: {"event":"created","path":"C:\\\\Users\\\\b_a_s\\\\AppData\\\\Local\\\\Temp\\\\p683-job-replay-i5yaM5"}
# Subtest: Windows Job retained replay refuses changed bytes before exposing metadata
ok 1 - Windows Job retained replay refuses changed bytes before exposing metadata
  ---
  duration_ms: 310.9326
  type: 'test'
  ...
# exact synthetic Job replay fixture acquired: C:\\Users\\b_a_s\\AppData\\Local\\Temp\\p683-job-replay-i5yaM5
# synthetic authenticated Job fixture closed and removed: C:\\Users\\b_a_s\\AppData\\Local\\Temp\\p683-job-replay-i5yaM5
# C5 CLI root: {"event":"exit","path":"C:\\\\Users\\\\b_a_s\\\\AppData\\\\Local\\\\Temp\\\\p683-job-replay-i5yaM5","existsAtExit":false}
1..1
# tests 1
# suites 0
# pass 1
# fail 0
# cancelled 0
# skipped 0
# todo 0
# duration_ms 571.6009
