TAP version 13
# node:internal/modules/esm/resolve:271
#     throw new ERR_MODULE_NOT_FOUND(
#           ^
# Error [ERR_MODULE_NOT_FOUND]: Cannot find module 'D:\\repos\\ai-discussion-board\\.worktrees\\runner-v2-robust-build\\runner-v2\\src\\process-recovery.js' imported from D:\\repos\\ai-discussion-board\\.worktrees\\runner-v2-robust-build\\runner-v2\\test\\process-recovery.test.ts
#     at finalizeResolution (node:internal/modules/esm/resolve:271:11)
#     at moduleResolve (node:internal/modules/esm/resolve:865:10)
#     at defaultResolve (node:internal/modules/esm/resolve:992:11)
#     at \#cachedDefaultResolve (node:internal/modules/esm/loader:701:20)
#     at \#resolveAndMaybeBlockOnLoaderThread (node:internal/modules/esm/loader:721:38)
#     at nextStep (node:internal/modules/customization_hooks:189:26)
#     at resolveBaseSync (file:///D:/repos/ai-discussion-board/.worktrees/runner-v2-robust-build/node_modules/tsx/dist/register-tkXbOgAS.mjs:2:8749)
#     at resolveDirectorySync (file:///D:/repos/ai-discussion-board/.worktrees/runner-v2-robust-build/node_modules/tsx/dist/register-tkXbOgAS.mjs:2:9962)
#     at resolveTsPathsSync (file:///D:/repos/ai-discussion-board/.worktrees/runner-v2-robust-build/node_modules/tsx/dist/register-tkXbOgAS.mjs:2:11194)
#     at resolve (file:///D:/repos/ai-discussion-board/.worktrees/runner-v2-robust-build/node_modules/tsx/dist/register-tkXbOgAS.mjs:2:12977) {
#   code: 'ERR_MODULE_NOT_FOUND',
#   url: 'file:///D:/repos/ai-discussion-board/.worktrees/runner-v2-robust-build/runner-v2/src/process-recovery.js'
# }
# Node.js v24.18.0
# Subtest: runner-v2\\test\\process-recovery.test.ts
not ok 1 - runner-v2\\test\\process-recovery.test.ts
  ---
  duration_ms: 396.4112
  type: 'test'
  location: 'D:\\repos\\ai-discussion-board\\.worktrees\\runner-v2-robust-build\\runner-v2\\test\\process-recovery.test.ts:1:1'
  failureType: 'testCodeFailure'
  exitCode: 1
  signal: ~
  error: 'test failed'
  code: 'ERR_TEST_FAILURE'
  ...
1..1
# tests 1
# suites 0
# pass 0
# fail 1
# cancelled 0
# skipped 0
# todo 0
# duration_ms 403.9778
