TAP version 13
# Subtest: LSP compound call stops at its protocol-write ceiling and retains revocation checks
not ok 1 - LSP compound call stops at its protocol-write ceiling and retains revocation checks
  ---
  duration_ms: 5.3386
  type: 'test'
  location: 'D:\\repos\\ai-discussion-board\\.worktrees\\runner-v2-robust-build\\runner-v2\\test\\streaming-language-operation.test.ts:1:2188'
  failureType: 'testCodeFailure'
  error: 'Missing expected rejection.'
  code: 'ERR_ASSERTION'
  name: 'AssertionError'
  expected:
  operator: 'rejects'
  stack: |-
    async <anonymous> (D:\repos\ai-discussion-board\.worktrees\runner-v2-robust-build\runner-v2\test\streaming-language-operation.test.ts:32:5)
    async <anonymous> (D:\repos\ai-discussion-board\.worktrees\runner-v2-robust-build\runner-v2\src\streaming-request-operation.ts:95:39)
  ...
1..1
# tests 1
# suites 0
# pass 0
# fail 1
# cancelled 0
# skipped 0
# todo 0
# duration_ms 247.5016
