TAP version 13
# Subtest: portable supervisor observes input stream errors without fabricating terminal ownership
ok 1 - portable supervisor observes input stream errors without fabricating terminal ownership
  ---
  duration_ms: 7.2738
  type: 'test'
  ...
# Subtest: C4 POSIX supervisor treats readable EOF as exact pipe completion even when stream close is delayed
ok 2 - C4 POSIX supervisor treats readable EOF as exact pipe completion even when stream close is delayed
  ---
  duration_ms: 47.4156
  type: 'test'
  ...
# Subtest: C4 POSIX output pump probes a zero-length readable so pending EOF can retire the exact pipe
ok 3 - C4 POSIX output pump probes a zero-length readable so pending EOF can retire the exact pipe
  ---
  duration_ms: 30.2197
  type: 'test'
  ...
1..3
# tests 3
# suites 0
# pass 3
# fail 0
# cancelled 0
# skipped 0
# todo 0
# duration_ms 1616.5627
