TAP version 13
# C5 CLI root: {"event":"created","path":"C:\\\\Users\\\\b_a_s\\\\AppData\\\\Local\\\\Temp\\\\aiboard-task10-fence-kB24w7"}
# C5 CLI root: {"event":"created","path":"C:\\\\Users\\\\b_a_s\\\\AppData\\\\Local\\\\Temp\\\\aiboard-task10-fence-kcweiR"}
# Subtest: filesystem fence: review3: create refuses staged-byte tampering at flush
not ok 1 - filesystem fence: review3: create refuses staged-byte tampering at flush
  ---
  duration_ms: 47.065
  type: 'test'
  location: 'D:\\repos\\ai-discussion-board\\.worktrees\\runner-v2-robust-build\\.superpowers\\sdd\\2026-09-11-p6-completion\\task10-filesystem-fence\\review3-staging.probe.test.ts:2:1561'
  failureType: 'testCodeFailure'
  error: |-
    {"callId":"call-1","toolName":"fs.write","content":[{"type":"json","value":{"path":"value.txt","sha256":"95713e9cbdd1dfcb2d4080c2537f418d43ca0da25f0d7d6631f4f7c97b89dc47","byteLength":11}}],"isError":false}
    
    false !== true
    
  code: 'ERR_ASSERTION'
  name: 'AssertionError'
  expected: true
  actual: false
  operator: 'strictEqual'
  stack: |-
    refused (D:\repos\ai-discussion-board\.worktrees\runner-v2-robust-build\.superpowers\sdd\2026-09-11-p6-completion\task10-filesystem-fence\review3-staging.probe.test.ts:59:10)
    <anonymous> (D:\repos\ai-discussion-board\.worktrees\runner-v2-robust-build\.superpowers\sdd\2026-09-11-p6-completion\task10-filesystem-fence\review3-staging.probe.test.ts:86:5)
    async TestContext.<anonymous> (D:\repos\ai-discussion-board\.worktrees\runner-v2-robust-build\.superpowers\sdd\2026-09-11-p6-completion\task10-filesystem-fence\review3-staging.probe.test.ts:49:11)
    async Test.run (node:internal/test_runner/test:1332:7)
    async startSubtestAfterBootstrap (node:internal/test_runner/harness:385:3)
  ...
# Task 10 RED/diagnostic root retained: C:\\Users\\b_a_s\\AppData\\Local\\Temp\\aiboard-task10-fence-kB24w7
# C5 CLI root: {"event":"created","path":"C:\\\\Users\\\\b_a_s\\\\AppData\\\\Local\\\\Temp\\\\aiboard-task10-fence-bouWOo"}
# Subtest: filesystem fence: review3: create refuses staged-byte tampering at publication
not ok 2 - filesystem fence: review3: create refuses staged-byte tampering at publication
  ---
  duration_ms: 35.0923
  type: 'test'
  location: 'D:\\repos\\ai-discussion-board\\.worktrees\\runner-v2-robust-build\\.superpowers\\sdd\\2026-09-11-p6-completion\\task10-filesystem-fence\\review3-staging.probe.test.ts:2:1561'
  failureType: 'testCodeFailure'
  error: |-
    {"callId":"call-1","toolName":"fs.write","content":[{"type":"json","value":{"path":"value.txt","sha256":"95713e9cbdd1dfcb2d4080c2537f418d43ca0da25f0d7d6631f4f7c97b89dc47","byteLength":11}}],"isError":false}
    
    false !== true
    
  code: 'ERR_ASSERTION'
  name: 'AssertionError'
  expected: true
  actual: false
  operator: 'strictEqual'
  stack: |-
    refused (D:\repos\ai-discussion-board\.worktrees\runner-v2-robust-build\.superpowers\sdd\2026-09-11-p6-completion\task10-filesystem-fence\review3-staging.probe.test.ts:59:10)
    <anonymous> (D:\repos\ai-discussion-board\.worktrees\runner-v2-robust-build\.superpowers\sdd\2026-09-11-p6-completion\task10-filesystem-fence\review3-staging.probe.test.ts:86:5)
    async TestContext.<anonymous> (D:\repos\ai-discussion-board\.worktrees\runner-v2-robust-build\.superpowers\sdd\2026-09-11-p6-completion\task10-filesystem-fence\review3-staging.probe.test.ts:49:11)
    async Test.run (node:internal/test_runner/test:1332:7)
    async Test.processPendingSubtests (node:internal/test_runner/test:911:7)
  ...
# Task 10 RED/diagnostic root retained: C:\\Users\\b_a_s\\AppData\\Local\\Temp\\aiboard-task10-fence-kcweiR
# C5 CLI root: {"event":"created","path":"C:\\\\Users\\\\b_a_s\\\\AppData\\\\Local\\\\Temp\\\\aiboard-task10-fence-yRLu1v"}
# Subtest: filesystem fence: review3: replace refuses staged-byte tampering at flush
not ok 3 - filesystem fence: review3: replace refuses staged-byte tampering at flush
  ---
  duration_ms: 33.1199
  type: 'test'
  location: 'D:\\repos\\ai-discussion-board\\.worktrees\\runner-v2-robust-build\\.superpowers\\sdd\\2026-09-11-p6-completion\\task10-filesystem-fence\\review3-staging.probe.test.ts:2:1561'
  failureType: 'testCodeFailure'
  error: |-
    {"callId":"call-1","toolName":"fs.write","content":[{"type":"json","value":{"path":"value.txt","sha256":"95713e9cbdd1dfcb2d4080c2537f418d43ca0da25f0d7d6631f4f7c97b89dc47","byteLength":11}}],"isError":false}
    
    false !== true
    
  code: 'ERR_ASSERTION'
  name: 'AssertionError'
  expected: true
  actual: false
  operator: 'strictEqual'
  stack: |-
    refused (D:\repos\ai-discussion-board\.worktrees\runner-v2-robust-build\.superpowers\sdd\2026-09-11-p6-completion\task10-filesystem-fence\review3-staging.probe.test.ts:59:10)
    <anonymous> (D:\repos\ai-discussion-board\.worktrees\runner-v2-robust-build\.superpowers\sdd\2026-09-11-p6-completion\task10-filesystem-fence\review3-staging.probe.test.ts:86:5)
    async TestContext.<anonymous> (D:\repos\ai-discussion-board\.worktrees\runner-v2-robust-build\.superpowers\sdd\2026-09-11-p6-completion\task10-filesystem-fence\review3-staging.probe.test.ts:49:11)
    async Test.run (node:internal/test_runner/test:1332:7)
    async Test.processPendingSubtests (node:internal/test_runner/test:911:7)
  ...
# Task 10 RED/diagnostic root retained: C:\\Users\\b_a_s\\AppData\\Local\\Temp\\aiboard-task10-fence-bouWOo
# Subtest: filesystem fence: review3: replace refuses staged-byte tampering at publication
not ok 4 - filesystem fence: review3: replace refuses staged-byte tampering at publication
  ---
  duration_ms: 31.3125
  type: 'test'
  location: 'D:\\repos\\ai-discussion-board\\.worktrees\\runner-v2-robust-build\\.superpowers\\sdd\\2026-09-11-p6-completion\\task10-filesystem-fence\\review3-staging.probe.test.ts:2:1561'
  failureType: 'testCodeFailure'
  error: |-
    {"callId":"call-1","toolName":"fs.write","content":[{"type":"json","value":{"path":"value.txt","sha256":"95713e9cbdd1dfcb2d4080c2537f418d43ca0da25f0d7d6631f4f7c97b89dc47","byteLength":11}}],"isError":false}
    
    false !== true
    
  code: 'ERR_ASSERTION'
  name: 'AssertionError'
  expected: true
  actual: false
  operator: 'strictEqual'
  stack: |-
    refused (D:\repos\ai-discussion-board\.worktrees\runner-v2-robust-build\.superpowers\sdd\2026-09-11-p6-completion\task10-filesystem-fence\review3-staging.probe.test.ts:59:10)
    <anonymous> (D:\repos\ai-discussion-board\.worktrees\runner-v2-robust-build\.superpowers\sdd\2026-09-11-p6-completion\task10-filesystem-fence\review3-staging.probe.test.ts:86:5)
    async TestContext.<anonymous> (D:\repos\ai-discussion-board\.worktrees\runner-v2-robust-build\.superpowers\sdd\2026-09-11-p6-completion\task10-filesystem-fence\review3-staging.probe.test.ts:49:11)
    async Test.run (node:internal/test_runner/test:1332:7)
    async Test.processPendingSubtests (node:internal/test_runner/test:911:7)
  ...
# Task 10 RED/diagnostic root retained: C:\\Users\\b_a_s\\AppData\\Local\\Temp\\aiboard-task10-fence-yRLu1v
# C5 CLI root: {"event":"exit","path":"C:\\\\Users\\\\b_a_s\\\\AppData\\\\Local\\\\Temp\\\\aiboard-task10-fence-kB24w7","existsAtExit":true}
# C5 CLI root: {"event":"exit","path":"C:\\\\Users\\\\b_a_s\\\\AppData\\\\Local\\\\Temp\\\\aiboard-task10-fence-kcweiR","existsAtExit":true}
# C5 CLI root: {"event":"exit","path":"C:\\\\Users\\\\b_a_s\\\\AppData\\\\Local\\\\Temp\\\\aiboard-task10-fence-bouWOo","existsAtExit":true}
# C5 CLI root: {"event":"exit","path":"C:\\\\Users\\\\b_a_s\\\\AppData\\\\Local\\\\Temp\\\\aiboard-task10-fence-yRLu1v","existsAtExit":true}
1..4
# tests 4
# suites 0
# pass 0
# fail 4
# cancelled 0
# skipped 0
# todo 0
# duration_ms 436.9037
