TAP version 13
# C5 CLI root: {"event":"created","path":"C:\\\\Users\\\\b_a_s\\\\AppData\\\\Local\\\\Temp\\\\aiboard-task11-manager-pF61jO"}
# C5 CLI root: {"event":"created","path":"C:\\\\Users\\\\b_a_s\\\\AppData\\\\Local\\\\Temp\\\\aiboard-task11-control-Mzq2QY"}
# Subtest: native Build manager exposes recovery only through the live handle
not ok 1 - native Build manager exposes recovery only through the live handle
  ---
  duration_ms: 26.9639
  type: 'test'
  location: 'D:\\repos\\ai-discussion-board\\.worktrees\\runner-v2-robust-build\\runner-v2\\test\\process-recovery-control.test.ts:1:1059'
  failureType: 'testCodeFailure'
  error: |-
    Expected values to be strictly deep-equal:
    + actual - expected
    
    + {}
    - {
    -   'proposal-1': {
    -     proposalFingerprint: 'aaaaaaaaaaaaaaaaaaaaaaaaaaaaaaaaaaaaaaaaaaaaaaaaaaaaaaaaaaaaaaaa',
    -     proposalId: 'proposal-1',
    -     state: 'user_decision_required'
    -   }
    - }
    
  code: 'ERR_ASSERTION'
  name: 'AssertionError'
  expected:
    proposal-1:
      proposalId: 'proposal-1'
      proposalFingerprint: 'aaaaaaaaaaaaaaaaaaaaaaaaaaaaaaaaaaaaaaaaaaaaaaaaaaaaaaaaaaaaaaaa'
      state: 'user_decision_required'
  actual:
  operator: 'deepStrictEqual'
  stack: |-
    TestContext.<anonymous> (D:\repos\ai-discussion-board\.worktrees\runner-v2-robust-build\runner-v2\test\process-recovery-control.test.ts:39:12)
    async Test.run (node:internal/test_runner/test:1332:7)
    async startSubtestAfterBootstrap (node:internal/test_runner/harness:385:3)
  ...
# Subtest: control server recovery routes are authenticated, closed and serialize exact decisions
ok 2 - control server recovery routes are authenticated, closed and serialize exact decisions
  ---
  duration_ms: 87.0523
  type: 'test'
  ...
# C5 CLI root: {"event":"exit","path":"C:\\\\Users\\\\b_a_s\\\\AppData\\\\Local\\\\Temp\\\\aiboard-task11-manager-pF61jO","existsAtExit":false}
# C5 CLI root: {"event":"exit","path":"C:\\\\Users\\\\b_a_s\\\\AppData\\\\Local\\\\Temp\\\\aiboard-task11-control-Mzq2QY","existsAtExit":false}
1..2
# tests 2
# suites 0
# pass 1
# fail 1
# cancelled 0
# skipped 0
# todo 0
# duration_ms 906.6711
