TAP version 13
# Subtest: explicit undefined removes an inherited safe variable by canonical name
not ok 1 - explicit undefined removes an inherited safe variable by canonical name
  ---
  duration_ms: 12.4865
  type: 'test'
  location: 'D:\\repos\\ai-discussion-board\\.worktrees\\runner-v2-robust-build\\runner-v2\\test\\child-environment.test.ts:1:1893'
  failureType: 'testCodeFailure'
  error: |-
    Expected values to be strictly equal:
    + actual - expected
    
    + '/hostile/git-dir'
    - undefined
    
  code: 'ERR_ASSERTION'
  name: 'AssertionError'
  actual: '/hostile/git-dir'
  operator: 'strictEqual'
  stack: |-
    <anonymous> (D:\repos\ai-discussion-board\.worktrees\runner-v2-robust-build\runner-v2\test\child-environment.test.ts:67:12)
    Object.withChildEnvironment (D:\repos\ai-discussion-board\.worktrees\runner-v2-robust-build\runner-v2\src\child-environment.ts:138:14)
    TestContext.<anonymous> (D:\repos\ai-discussion-board\.worktrees\runner-v2-robust-build\runner-v2\test\child-environment.test.ts:66:10)
    Test.runInAsyncScope (node:async_hooks:227:14)
    Test.run (node:internal/test_runner/test:1325:25)
    Test.start (node:internal/test_runner/test:1191:17)
    startSubtestAfterBootstrap (node:internal/test_runner/harness:385:17)
  ...
1..1
# tests 1
# suites 0
# pass 0
# fail 1
# cancelled 0
# skipped 0
# todo 0
# duration_ms 429.722
