TAP version 13
# Subtest: execution disclosure names Full bypass, backend semantics, output loss and unresolved recovery
not ok 1 - execution disclosure names Full bypass, backend semantics, output loss and unresolved recovery
  ---
  duration_ms: 2.2876
  type: 'test'
  location: 'D:\\repos\\ai-discussion-board\\.worktrees\\runner-v2-robust-build\\runner-v2\\test\\process-recovery-disclosure.test.ts:1:946'
  failureType: 'testCodeFailure'
  error: |-
    Expected values to be strictly deep-equal:
    + actual - expected
    
      {
        active: 1,
        consumed: 0,
    +   revoked: 0
      }
    
  code: 'ERR_ASSERTION'
  name: 'AssertionError'
  expected:
    active: 1
    consumed: 0
  actual:
    active: 1
    consumed: 0
    revoked: 0
  operator: 'deepStrictEqual'
  stack: |-
    TestContext.<anonymous> (D:\repos\ai-discussion-board\.worktrees\runner-v2-robust-build\runner-v2\test\process-recovery-disclosure.test.ts:37:10)
    Test.runInAsyncScope (node:async_hooks:227:14)
    Test.run (node:internal/test_runner/test:1325:25)
    Test.start (node:internal/test_runner/test:1191:17)
    startSubtestAfterBootstrap (node:internal/test_runner/harness:385:17)
  ...
# Subtest: execution disclosure never upgrades absent or partial facts into confinement
ok 2 - execution disclosure never upgrades absent or partial facts into confinement
  ---
  duration_ms: 0.2229
  type: 'test'
  ...
1..2
# tests 2
# suites 0
# pass 1
# fail 1
# cancelled 0
# skipped 0
# todo 0
# duration_ms 277.9463
