TAP version 13
# C5 CLI root: {"event":"created","path":"C:\\\\Users\\\\b_a_s\\\\AppData\\\\Local\\\\Temp\\\\p683-context-vmmAm5"}
# Subtest: LSP invocation propagates the exact original code.workspace_symbols grant and identity
ok 1 - LSP invocation propagates the exact original code.workspace_symbols grant and identity
  ---
  duration_ms: 5.4342
  type: 'test'
  ...
# C5 CLI root: {"event":"created","path":"C:\\\\Users\\\\b_a_s\\\\AppData\\\\Local\\\\Temp\\\\p683-context-OrLJZG"}
# synthetic invocation root acquired: C:\\Users\\b_a_s\\AppData\\Local\\Temp\\p683-context-vmmAm5
# synthetic invocation root removed: C:\\Users\\b_a_s\\AppData\\Local\\Temp\\p683-context-vmmAm5
# Subtest: LSP invocation propagates the exact original code.definition grant and identity
ok 2 - LSP invocation propagates the exact original code.definition grant and identity
  ---
  duration_ms: 1.2478
  type: 'test'
  ...
# synthetic invocation root acquired: C:\\Users\\b_a_s\\AppData\\Local\\Temp\\p683-context-OrLJZG
# synthetic invocation root removed: C:\\Users\\b_a_s\\AppData\\Local\\Temp\\p683-context-OrLJZG
# C5 CLI root: {"event":"created","path":"C:\\\\Users\\\\b_a_s\\\\AppData\\\\Local\\\\Temp\\\\p683-context-8Y1AoO"}
# Subtest: LSP invocation propagates the exact original code.references grant and identity
ok 3 - LSP invocation propagates the exact original code.references grant and identity
  ---
  duration_ms: 0.9932
  type: 'test'
  ...
# synthetic invocation root acquired: C:\\Users\\b_a_s\\AppData\\Local\\Temp\\p683-context-8Y1AoO
# synthetic invocation root removed: C:\\Users\\b_a_s\\AppData\\Local\\Temp\\p683-context-8Y1AoO
# C5 CLI root: {"event":"created","path":"C:\\\\Users\\\\b_a_s\\\\AppData\\\\Local\\\\Temp\\\\p683-context-hlX5GT"}
# Subtest: LSP invocation propagates the exact original code.diagnostics grant and identity
ok 4 - LSP invocation propagates the exact original code.diagnostics grant and identity
  ---
  duration_ms: 0.9785
  type: 'test'
  ...
# synthetic invocation root acquired: C:\\Users\\b_a_s\\AppData\\Local\\Temp\\p683-context-hlX5GT
# synthetic invocation root removed: C:\\Users\\b_a_s\\AppData\\Local\\Temp\\p683-context-hlX5GT
# C5 CLI root: {"event":"created","path":"C:\\\\Users\\\\b_a_s\\\\AppData\\\\Local\\\\Temp\\\\p683-context-zfB99C"}
# Subtest: LSP invocation propagates the exact original fs.write grant and identity
not ok 5 - LSP invocation propagates the exact original fs.write grant and identity
  ---
  duration_ms: 2.2191
  type: 'test'
  location: 'D:\\repos\\ai-discussion-board\\.worktrees\\runner-v2-robust-build\\runner-v2\\test\\language-invocation-propagation.test.ts:1:536'
  failureType: 'testCodeFailure'
  error: |-
    Expected values to be strictly equal:
    
    true !== false
    
  code: 'ERR_ASSERTION'
  name: 'AssertionError'
  expected: false
  actual: true
  operator: 'strictEqual'
  stack: |-
    TestContext.<anonymous> (D:\repos\ai-discussion-board\.worktrees\runner-v2-robust-build\runner-v2\test\language-invocation-propagation.test.ts:26:14)
    async Test.run (node:internal/test_runner/test:1332:7)
    async Test.processPendingSubtests (node:internal/test_runner/test:911:7)
  ...
# synthetic invocation root acquired: C:\\Users\\b_a_s\\AppData\\Local\\Temp\\p683-context-zfB99C
# synthetic invocation failure retained: C:\\Users\\b_a_s\\AppData\\Local\\Temp\\p683-context-zfB99C
# C5 CLI root: {"event":"exit","path":"C:\\\\Users\\\\b_a_s\\\\AppData\\\\Local\\\\Temp\\\\p683-context-vmmAm5","existsAtExit":false}
# C5 CLI root: {"event":"exit","path":"C:\\\\Users\\\\b_a_s\\\\AppData\\\\Local\\\\Temp\\\\p683-context-OrLJZG","existsAtExit":false}
# C5 CLI root: {"event":"exit","path":"C:\\\\Users\\\\b_a_s\\\\AppData\\\\Local\\\\Temp\\\\p683-context-8Y1AoO","existsAtExit":false}
# C5 CLI root: {"event":"exit","path":"C:\\\\Users\\\\b_a_s\\\\AppData\\\\Local\\\\Temp\\\\p683-context-hlX5GT","existsAtExit":false}
# C5 CLI root: {"event":"exit","path":"C:\\\\Users\\\\b_a_s\\\\AppData\\\\Local\\\\Temp\\\\p683-context-zfB99C","existsAtExit":true}
1..5
# tests 5
# suites 0
# pass 4
# fail 1
# cancelled 0
# skipped 0
# todo 0
# duration_ms 235.0582
