TAP version 13
# C5 CLI root: {"event":"created","path":"C:\\\\Users\\\\b_a_s\\\\AppData\\\\Local\\\\Temp\\\\aiboard-task11-kernel-Oz7iuf"}
# Task11 kernel RED root retained: C:\\Users\\b_a_s\\AppData\\Local\\Temp\\aiboard-task11-kernel-Oz7iuf
# Subtest: exceptional kernel binds its grant to the original action and complete target
not ok 1 - exceptional kernel binds its grant to the original action and complete target
  ---
  duration_ms: 70.5138
  type: 'test'
  location: 'D:\\repos\\ai-discussion-board\\.worktrees\\runner-v2-robust-build\\runner-v2\\test\\process-recovery-kernel.test.ts:1:8515'
  failureType: 'testCodeFailure'
  error: 'Missing expected rejection.'
  code: 'ERR_ASSERTION'
  name: 'AssertionError'
  operator: 'rejects'
  stack: |-
    async <anonymous> (D:\repos\ai-discussion-board\.worktrees\runner-v2-robust-build\runner-v2\test\process-recovery-kernel.test.ts:107:3)
    async fixture (D:\repos\ai-discussion-board\.worktrees\runner-v2-robust-build\runner-v2\test\process-recovery-kernel.test.ts:14:9)
    async Test.run (node:internal/test_runner/test:1332:7)
    async startSubtestAfterBootstrap (node:internal/test_runner/harness:385:3)
  ...
# C5 CLI root: {"event":"exit","path":"C:\\\\Users\\\\b_a_s\\\\AppData\\\\Local\\\\Temp\\\\aiboard-task11-kernel-Oz7iuf","existsAtExit":true}
1..1
# tests 1
# suites 0
# pass 0
# fail 1
# cancelled 0
# skipped 0
# todo 0
# duration_ms 353.3077
