TAP version 13
# Subtest: Runner-created store kernel rejects structural authority and claims output intent durably
ok 1 - Runner-created store kernel rejects structural authority and claims output intent durably
  ---
  duration_ms: 3.1317
  type: 'test'
  ...
# Subtest: strict per-state parser rejects forged prepared completion and illegal state fields
ok 2 - strict per-state parser rejects forged prepared completion and illegal state fields
  ---
  duration_ms: 1.5641
  type: 'test'
  ...
# Subtest: closed mutation log is the sole authority for prepared and terminal row facts
ok 3 - closed mutation log is the sole authority for prepared and terminal row facts
  ---
  duration_ms: 3.4553
  type: 'test'
  ...
# Subtest: monotonic fencing rejects a stale owner even after it rereads the new revision
ok 4 - monotonic fencing rejects a stale owner even after it rereads the new revision
  ---
  duration_ms: 0.9439
  type: 'test'
  ...
# C5 CLI root: {"event":"created","path":"C:\\\\Users\\\\b_a_s\\\\AppData\\\\Local\\\\Temp\\\\runner-v2-effect-journal-Pj9vSa"}
# Subtest: effect journal rejects takeover, stale settlement, and replay until semantic commit
ok 5 - effect journal rejects takeover, stale settlement, and replay until semantic commit
  ---
  duration_ms: 4.0744
  type: 'test'
  ...
# Subtest: effect journal preserves concurrent markers and consumes only the exact family effect id
ok 6 - effect journal preserves concurrent markers and consumes only the exact family effect id
  ---
  duration_ms: 4.0453
  type: 'test'
  ...
# Subtest: effect family consumer matrix accepts only the exact semantic mutation
ok 7 - effect family consumer matrix accepts only the exact semantic mutation
  ---
  duration_ms: 41.5331
  type: 'test'
  ...
# Subtest: late exact signal consumer cannot weaken an already proven exit
ok 8 - late exact signal consumer cannot weaken an already proven exit
  ---
  duration_ms: 19.6849
  type: 'test'
  ...
# Subtest: completed effect marker survives SQLite restart and tampering fails integrity
ok 9 - completed effect marker survives SQLite restart and tampering fails integrity
  ---
  duration_ms: 48.4573
  type: 'test'
  ...
# Subtest: blocked-exit recovery mutation is authenticated and scoped only to bound cleanup blockers
ok 10 - blocked-exit recovery mutation is authenticated and scoped only to bound cleanup blockers
  ---
  duration_ms: 3.7662
  type: 'test'
  ...
# Subtest: terminal parser cross-validates history revision observation stop result escalation and cleanup
ok 11 - terminal parser cross-validates history revision observation stop result escalation and cleanup
  ---
  duration_ms: 7.2543
  type: 'test'
  ...
# Subtest: keyed semantic fingerprint covers environment and deadline without dictionary-guessable SHA
ok 12 - keyed semantic fingerprint covers environment and deadline without dictionary-guessable SHA
  ---
  duration_ms: 0.5112
  type: 'test'
  ...
# C5 CLI root: {"event":"created","path":"C:\\\\Users\\\\b_a_s\\\\AppData\\\\Local\\\\Temp\\\\runner-v2-process-store-0EcrYa"}
# Subtest: exact prepare retries converge while divergent retries and stale CAS commands conflict
ok 13 - exact prepare retries converge while divergent retries and stale CAS commands conflict
  ---
  duration_ms: 1.6624
  type: 'test'
  ...
# Subtest: SQLite prepare is atomic across concurrent store instances and divergent requests conflict
ok 14 - SQLite prepare is atomic across concurrent store instances and divergent requests conflict
  ---
  duration_ms: 21.9872
  type: 'test'
  ...
# C5 CLI root: {"event":"created","path":"C:\\\\Users\\\\b_a_s\\\\AppData\\\\Local\\\\Temp\\\\runner-v2-process-store-ljGqkp"}
# Subtest: SQLite corruption fails closed on reopen instead of returning a forged cached result
ok 15 - SQLite corruption fails closed on reopen instead of returning a forged cached result
  ---
  duration_ms: 28.4623
  type: 'test'
  ...
# C5 CLI root: {"event":"created","path":"C:\\\\Users\\\\b_a_s\\\\AppData\\\\Local\\\\Temp\\\\runner-v2-process-store-egRLNz"}
# Subtest: actual persisted row contains no command, argument, cwd, secret, native handle, or spill path
ok 16 - actual persisted row contains no command, argument, cwd, secret, native handle, or spill path
  ---
  duration_ms: 19.1348
  type: 'test'
  ...
# C5 CLI root: {"event":"created","path":"C:\\\\Users\\\\b_a_s\\\\AppData\\\\Local\\\\Temp\\\\runner-v2-legacy-9A0MKG"}
# Subtest: SQLite transactionally migrates legacy writable schema without trusting old rows
ok 17 - SQLite transactionally migrates legacy writable schema without trusting old rows
  ---
  duration_ms: 28.6545
  type: 'test'
  ...
# C5 CLI root: {"event":"created","path":"C:\\\\Users\\\\b_a_s\\\\AppData\\\\Local\\\\Temp\\\\runner-v2-legacy-ro-GzXDIw"}
# Subtest: read-only legacy inspection neither mutates schema nor globally crashes
ok 18 - read-only legacy inspection neither mutates schema nor globally crashes
  ---
  duration_ms: 14.9831
  type: 'test'
  ...
# C5 CLI root: {"event":"exit","path":"C:\\\\Users\\\\b_a_s\\\\AppData\\\\Local\\\\Temp\\\\runner-v2-effect-journal-Pj9vSa","existsAtExit":false}
# C5 CLI root: {"event":"exit","path":"C:\\\\Users\\\\b_a_s\\\\AppData\\\\Local\\\\Temp\\\\runner-v2-process-store-0EcrYa","existsAtExit":false}
# C5 CLI root: {"event":"exit","path":"C:\\\\Users\\\\b_a_s\\\\AppData\\\\Local\\\\Temp\\\\runner-v2-process-store-ljGqkp","existsAtExit":false}
# C5 CLI root: {"event":"exit","path":"C:\\\\Users\\\\b_a_s\\\\AppData\\\\Local\\\\Temp\\\\runner-v2-process-store-egRLNz","existsAtExit":false}
# C5 CLI root: {"event":"exit","path":"C:\\\\Users\\\\b_a_s\\\\AppData\\\\Local\\\\Temp\\\\runner-v2-legacy-9A0MKG","existsAtExit":false}
# C5 CLI root: {"event":"exit","path":"C:\\\\Users\\\\b_a_s\\\\AppData\\\\Local\\\\Temp\\\\runner-v2-legacy-ro-GzXDIw","existsAtExit":false}
# C5 CLI root: {"event":"created","path":"C:\\\\Users\\\\b_a_s\\\\AppData\\\\Local\\\\Temp\\\\aiboard-one-shot-KKAEAE"}
# C5 CLI root: {"event":"created","path":"C:\\\\Users\\\\b_a_s\\\\AppData\\\\Local\\\\Temp\\\\aiboard-one-shot-preconsume-UXUnPa"}
# Subtest: shared executor selects isolation before launch and releases after verified cleanup
ok 19 - shared executor selects isolation before launch and releases after verified cleanup
  ---
  duration_ms: 13.6444
  type: 'test'
  ...
# C5 CLI root: {"event":"created","path":"C:\\\\Users\\\\b_a_s\\\\AppData\\\\Local\\\\Temp\\\\aiboard-one-shot-unavailable-G2EBBd"}
# Subtest: a pre-consumption runtime failure revokes its runtime grant exactly once before isolation release
ok 20 - a pre-consumption runtime failure revokes its runtime grant exactly once before isolation release
  ---
  duration_ms: 1.8236
  type: 'test'
  ...
# C5 CLI root: {"event":"created","path":"C:\\\\Users\\\\b_a_s\\\\AppData\\\\Local\\\\Temp\\\\aiboard-one-shot-unknown-26FPyy"}
# Subtest: strict capability failure happens before runtime launch
ok 21 - strict capability failure happens before runtime launch
  ---
  duration_ms: 1.3707
  type: 'test'
  ...
# Subtest: runtime outcome uncertainty still releases strict isolation and a release blocker wins truthfully
ok 22 - runtime outcome uncertainty still releases strict isolation and a release blocker wins truthfully
  ---
  duration_ms: 1.2342
  type: 'test'
  ...
# C5 CLI root: {"event":"exit","path":"C:\\\\Users\\\\b_a_s\\\\AppData\\\\Local\\\\Temp\\\\aiboard-one-shot-KKAEAE","existsAtExit":false}
# C5 CLI root: {"event":"exit","path":"C:\\\\Users\\\\b_a_s\\\\AppData\\\\Local\\\\Temp\\\\aiboard-one-shot-preconsume-UXUnPa","existsAtExit":false}
# C5 CLI root: {"event":"exit","path":"C:\\\\Users\\\\b_a_s\\\\AppData\\\\Local\\\\Temp\\\\aiboard-one-shot-unavailable-G2EBBd","existsAtExit":false}
# C5 CLI root: {"event":"exit","path":"C:\\\\Users\\\\b_a_s\\\\AppData\\\\Local\\\\Temp\\\\aiboard-one-shot-unknown-26FPyy","existsAtExit":false}
# C5 CLI root: {"event":"created","path":"C:\\\\Users\\\\b_a_s\\\\AppData\\\\Local\\\\Temp\\\\p6-command-capture-wFVYNh"}
# Subtest: bounded command capture complete never turns storage loss into partial protocol success
ok 23 - bounded command capture complete never turns storage loss into partial protocol success
  ---
  duration_ms: 6.2513
  type: 'test'
  ...
# C5 CLI root: {"event":"created","path":"C:\\\\Users\\\\b_a_s\\\\AppData\\\\Local\\\\Temp\\\\p6-command-capture-aq74zp"}
# exact synthetic capture fixture acquired: C:\\Users\\b_a_s\\AppData\\Local\\Temp\\p6-command-capture-wFVYNh
# exact capture fixture removed: C:\\Users\\b_a_s\\AppData\\Local\\Temp\\p6-command-capture-wFVYNh
# Subtest: bounded command capture overflow never turns storage loss into partial protocol success
ok 24 - bounded command capture overflow never turns storage loss into partial protocol success
  ---
  duration_ms: 1.3836
  type: 'test'
  ...
# exact synthetic capture fixture acquired: C:\\Users\\b_a_s\\AppData\\Local\\Temp\\p6-command-capture-aq74zp
# exact capture fixture removed: C:\\Users\\b_a_s\\AppData\\Local\\Temp\\p6-command-capture-aq74zp
# C5 CLI root: {"event":"created","path":"C:\\\\Users\\\\b_a_s\\\\AppData\\\\Local\\\\Temp\\\\p6-command-capture-BEW5z4"}
# Subtest: bounded command capture incomplete-observation never turns storage loss into partial protocol success
ok 25 - bounded command capture incomplete-observation never turns storage loss into partial protocol success
  ---
  duration_ms: 1.2972
  type: 'test'
  ...
# exact synthetic capture fixture acquired: C:\\Users\\b_a_s\\AppData\\Local\\Temp\\p6-command-capture-BEW5z4
# exact capture fixture removed: C:\\Users\\b_a_s\\AppData\\Local\\Temp\\p6-command-capture-BEW5z4
# C5 CLI root: {"event":"created","path":"C:\\\\Users\\\\b_a_s\\\\AppData\\\\Local\\\\Temp\\\\p6-command-capture-k7TP4Y"}
# Subtest: bounded command capture disabled never turns storage loss into partial protocol success
ok 26 - bounded command capture disabled never turns storage loss into partial protocol success
  ---
  duration_ms: 1.1178
  type: 'test'
  ...
# exact synthetic capture fixture acquired: C:\\Users\\b_a_s\\AppData\\Local\\Temp\\p6-command-capture-k7TP4Y
# C5 CLI root: {"event":"created","path":"C:\\\\Users\\\\b_a_s\\\\AppData\\\\Local\\\\Temp\\\\p6-command-capture-6d3o6I"}
# exact capture fixture removed: C:\\Users\\b_a_s\\AppData\\Local\\Temp\\p6-command-capture-k7TP4Y
# Subtest: bounded command capture invalid-bound never turns storage loss into partial protocol success
ok 27 - bounded command capture invalid-bound never turns storage loss into partial protocol success
  ---
  duration_ms: 1.4912
  type: 'test'
  ...
# exact synthetic capture fixture acquired: C:\\Users\\b_a_s\\AppData\\Local\\Temp\\p6-command-capture-6d3o6I
# exact capture fixture removed: C:\\Users\\b_a_s\\AppData\\Local\\Temp\\p6-command-capture-6d3o6I
# C5 CLI root: {"event":"exit","path":"C:\\\\Users\\\\b_a_s\\\\AppData\\\\Local\\\\Temp\\\\p6-command-capture-wFVYNh","existsAtExit":false}
# C5 CLI root: {"event":"exit","path":"C:\\\\Users\\\\b_a_s\\\\AppData\\\\Local\\\\Temp\\\\p6-command-capture-aq74zp","existsAtExit":false}
# C5 CLI root: {"event":"exit","path":"C:\\\\Users\\\\b_a_s\\\\AppData\\\\Local\\\\Temp\\\\p6-command-capture-BEW5z4","existsAtExit":false}
# C5 CLI root: {"event":"exit","path":"C:\\\\Users\\\\b_a_s\\\\AppData\\\\Local\\\\Temp\\\\p6-command-capture-k7TP4Y","existsAtExit":false}
# C5 CLI root: {"event":"exit","path":"C:\\\\Users\\\\b_a_s\\\\AppData\\\\Local\\\\Temp\\\\p6-command-capture-6d3o6I","existsAtExit":false}
# C5 CLI root: {"event":"created","path":"C:\\\\Users\\\\b_a_s\\\\AppData\\\\Local\\\\Temp\\\\aiboard-runner-recovery-5T9QD7"}
# C5 CLI root: {"event":"created","path":"C:\\\\Users\\\\b_a_s\\\\AppData\\\\Local\\\\Temp\\\\aiboard-windows-semantic-duplex-FxdA59"}
# C5 CLI root: {"event":"created","path":"C:\\\\Users\\\\b_a_s\\\\AppData\\\\Local\\\\Temp\\\\aiboard-windows-semantic-batch-QU69H5"}
# C5 CLI root: {"event":"created","path":"C:\\\\Users\\\\b_a_s\\\\AppData\\\\Local\\\\Temp\\\\aiboard-windows-semantic-tree-jD7Ylf"}
# Subtest: CLI recovers a paused run and preserves event continuity after restart
ok 28 - CLI recovers a paused run and preserves event continuity after restart
  ---
  duration_ms: 31161.4232
  type: 'test'
  ...
# C5 CLI root: {"event":"exit","path":"C:\\\\Users\\\\b_a_s\\\\AppData\\\\Local\\\\Temp\\\\aiboard-runner-recovery-5T9QD7","existsAtExit":false}
# C5 CLI root: {"event":"created","path":"C:\\\\Users\\\\b_a_s\\\\AppData\\\\Local\\\\Temp\\\\aiboard-scheduler-policy-forgery-khZngf"}
# C5 CLI root: {"event":"created","path":"C:\\\\Users\\\\b_a_s\\\\AppData\\\\Local\\\\Temp\\\\aiboard-scheduler-plan-policy-YQ3fmK"}
# C5 CLI root: {"event":"created","path":"C:\\\\Users\\\\b_a_s\\\\AppData\\\\Local\\\\Temp\\\\aiboard-scheduler-store-j29Vbu"}
# C5 CLI root: {"event":"created","path":"C:\\\\Users\\\\b_a_s\\\\AppData\\\\Local\\\\Temp\\\\aiboard-scheduler-pre-p1-wal-BEU7Dp"}
# C5 CLI root: {"event":"created","path":"C:\\\\Users\\\\b_a_s\\\\AppData\\\\Local\\\\Temp\\\\aiboard-scheduler-replay-evidence-D7VRPf"}
# C5 CLI root: {"event":"created","path":"C:\\\\Users\\\\b_a_s\\\\AppData\\\\Local\\\\Temp\\\\aiboard-scheduler-append-evidence-store-B1tLUQ"}
# C5 CLI root: {"event":"created","path":"C:\\\\Users\\\\b_a_s\\\\AppData\\\\Local\\\\Temp\\\\aiboard-scheduler-replay-adversarial-evidence-pEiOCz"}
# C5 CLI root: {"event":"created","path":"C:\\\\Users\\\\b_a_s\\\\AppData\\\\Local\\\\Temp\\\\aiboard-scheduler-replay-review-evidence-rlJGR8"}
# C5 CLI root: {"event":"created","path":"C:\\\\Users\\\\b_a_s\\\\AppData\\\\Local\\\\Temp\\\\aiboard-scheduler-acceptance-upgrade-KJkq3i"}
# C5 CLI root: {"event":"created","path":"C:\\\\Users\\\\b_a_s\\\\AppData\\\\Local\\\\Temp\\\\aiboard-scheduler-legacy-completed-0LrLAC"}
# C5 CLI root: {"event":"created","path":"C:\\\\Users\\\\b_a_s\\\\AppData\\\\Local\\\\Temp\\\\aiboard-scheduler-legacy-gate-boundary-s23Y1C"}
# C5 CLI root: {"event":"created","path":"C:\\\\Users\\\\b_a_s\\\\AppData\\\\Local\\\\Temp\\\\aiboard-scheduler-evidence-boundary-Nudwcb"}
# C5 CLI root: {"event":"created","path":"C:\\\\Users\\\\b_a_s\\\\AppData\\\\Local\\\\Temp\\\\aiboard-scheduler-assigned-worker-required-RFbKQt"}
# C5 CLI root: {"event":"created","path":"C:\\\\Users\\\\b_a_s\\\\AppData\\\\Local\\\\Temp\\\\aiboard-scheduler-upgraded-worker-required-7PRfKT"}
# C5 CLI root: {"event":"created","path":"C:\\\\Users\\\\b_a_s\\\\AppData\\\\Local\\\\Temp\\\\aiboard-scheduler-worker-evidence-controls-N94Bzi"}
# C5 CLI root: {"event":"created","path":"C:\\\\Users\\\\b_a_s\\\\AppData\\\\Local\\\\Temp\\\\aiboard-scheduler-retry-projection-7MIJdX"}
# C5 CLI root: {"event":"created","path":"C:\\\\Users\\\\b_a_s\\\\AppData\\\\Local\\\\Temp\\\\aiboard-scheduler-corrupt-mwhZ7Y"}
# C5 CLI root: {"event":"created","path":"C:\\\\Users\\\\b_a_s\\\\AppData\\\\Local\\\\Temp\\\\aiboard-scheduler-runtime-SsV5Ix"}
# C5 CLI root: {"event":"created","path":"C:\\\\Users\\\\b_a_s\\\\AppData\\\\Local\\\\Temp\\\\aiboard-scheduler-empty-handoff-5nUQZD"}
# C5 CLI root: {"event":"created","path":"C:\\\\Users\\\\b_a_s\\\\AppData\\\\Local\\\\Temp\\\\aiboard-plan-reconcile-9K9ntd"}
# C5 CLI root: {"event":"created","path":"C:\\\\Users\\\\b_a_s\\\\AppData\\\\Local\\\\Temp\\\\aiboard-plan-reconcile-invalid-P0cEpn"}
# C5 CLI root: {"event":"created","path":"C:\\\\Users\\\\b_a_s\\\\AppData\\\\Local\\\\Temp\\\\aiboard-integration-revision-cAjY6G"}
# Subtest: Finish and Budgeted reject forged plan-only handoff payloads
ok 29 - Finish and Budgeted reject forged plan-only handoff payloads
  ---
  duration_ms: 27.1195
  type: 'test'
  ...
# Subtest: durable plan-only policy requires a plan and survives handoff replay
ok 30 - durable plan-only policy requires a plan and survives handoff replay
  ---
  duration_ms: 31.5849
  type: 'test'
  ...
# Subtest: scheduler events recover exact task and blocking-guidance state
ok 31 - scheduler events recover exact task and blocking-guidance state
  ---
  duration_ms: 25.7824
  type: 'test'
  ...
# Subtest: raw pre-P1 scheduler WAL fixtures preserve ordering and one legacy gate across reopens
ok 32 - raw pre-P1 scheduler WAL fixtures preserve ordering and one legacy gate across reopens
  ---
  duration_ms: 27.8929
  type: 'test'
  ...
# Subtest: raw scheduler replay rejects missing evidence and reopens valid exact evidence
ok 33 - raw scheduler replay rejects missing evidence and reopens valid exact evidence
  ---
  duration_ms: 55.1443
  type: 'test'
  ...
# Subtest: scheduler append fails closed when acceptance evidence lacks an authoritative store
ok 34 - scheduler append fails closed when acceptance evidence lacks an authoritative store
  ---
  duration_ms: 23.4325
  type: 'test'
  ...
# Subtest: raw scheduler replay rejects foreign owner, task, attempt, and artifact evidence
ok 35 - raw scheduler replay rejects foreign owner, task, attempt, and artifact evidence
  ---
  duration_ms: 123.247
  type: 'test'
  ...
# Subtest: raw scheduler replay rejects review artifact hashes outside valid submitted evidence
ok 36 - raw scheduler replay rejects review artifact hashes outside valid submitted evidence
  ---
  duration_ms: 48.0516
  type: 'test'
  ...
# Subtest: legacy active runs require exactly one acceptance-contract upgrade before submission
ok 37 - legacy active runs require exactly one acceptance-contract upgrade before submission
  ---
  duration_ms: 32.4389
  type: 'test'
  ...
# Subtest: legacy scheduler completion has no final-verification grandfathering
ok 38 - legacy scheduler completion has no final-verification grandfathering
  ---
  duration_ms: 19.4072
  type: 'test'
  ...
# Subtest: gated active legacy runs reject raw completion and handoff selection until upgrade
ok 39 - gated active legacy runs reject raw completion and handoff selection until upgrade
  ---
  duration_ms: 34.5732
  type: 'test'
  ...
# Subtest: durable submission rejects fabricated evidence IDs and hashes
ok 40 - durable submission rejects fabricated evidence IDs and hashes
  ---
  duration_ms: 40.4152
  type: 'test'
  ...
# Subtest: durable current criterion assignment requires an assigned worker identity
ok 41 - durable current criterion assignment requires an assigned worker identity
  ---
  duration_ms: 38.0516
  type: 'test'
  ...
# Subtest: durable submission rejects legacy worker absence after acceptance upgrade
ok 42 - durable submission rejects legacy worker absence after acceptance upgrade
  ---
  duration_ms: 45.7442
  type: 'test'
  ...
# Subtest: durable criterion submission permits only the assigned worker or an attributed descendant
ok 43 - durable criterion submission permits only the assigned worker or an attributed descendant
  ---
  duration_ms: 66.2183
  type: 'test'
  ...
# Subtest: retry clears the current acceptance projection while replay preserving versioned history
ok 44 - retry clears the current acceptance projection while replay preserving versioned history
  ---
  duration_ms: 52.1129
  type: 'test'
  ...
# Subtest: corrupt scheduler payload identifies the event
ok 45 - corrupt scheduler payload identifies the event
  ---
  duration_ms: 22.1963
  type: 'test'
  ...
# Subtest: runtime assignments, provider cooldown, and Architect handoff recover durably
ok 46 - runtime assignments, provider cooldown, and Architect handoff recover durably
  ---
  duration_ms: 34.9683
  type: 'test'
  ...
# Subtest: a durable Architect handoff always offers an explicit retry of the current runtime
ok 47 - a durable Architect handoff always offers an explicit retry of the current runtime
  ---
  duration_ms: 22.9287
  type: 'test'
  ...
# Subtest: Architect plan reconciliation atomically cancels stale work and rewires dependents
ok 48 - Architect plan reconciliation atomically cancels stale work and rewires dependents
  ---
  duration_ms: 21.445
  type: 'test'
  ...
# Subtest: plan reconciliation rejects live dependencies on cancelled tasks
ok 49 - plan reconciliation rejects live dependencies on cancelled tasks
  ---
  duration_ms: 19.4225
  type: 'test'
  ...
# Subtest: projection records the most recently integrated revision
ok 50 - projection records the most recently integrated revision
  ---
  duration_ms: 21.1287
  type: 'test'
  ...
# C5 CLI root: {"event":"exit","path":"C:\\\\Users\\\\b_a_s\\\\AppData\\\\Local\\\\Temp\\\\aiboard-scheduler-policy-forgery-khZngf","existsAtExit":false}
# C5 CLI root: {"event":"exit","path":"C:\\\\Users\\\\b_a_s\\\\AppData\\\\Local\\\\Temp\\\\aiboard-scheduler-plan-policy-YQ3fmK","existsAtExit":false}
# C5 CLI root: {"event":"exit","path":"C:\\\\Users\\\\b_a_s\\\\AppData\\\\Local\\\\Temp\\\\aiboard-scheduler-store-j29Vbu","existsAtExit":false}
# C5 CLI root: {"event":"exit","path":"C:\\\\Users\\\\b_a_s\\\\AppData\\\\Local\\\\Temp\\\\aiboard-scheduler-pre-p1-wal-BEU7Dp","existsAtExit":false}
# C5 CLI root: {"event":"exit","path":"C:\\\\Users\\\\b_a_s\\\\AppData\\\\Local\\\\Temp\\\\aiboard-scheduler-replay-evidence-D7VRPf","existsAtExit":false}
# C5 CLI root: {"event":"exit","path":"C:\\\\Users\\\\b_a_s\\\\AppData\\\\Local\\\\Temp\\\\aiboard-scheduler-append-evidence-store-B1tLUQ","existsAtExit":false}
# C5 CLI root: {"event":"exit","path":"C:\\\\Users\\\\b_a_s\\\\AppData\\\\Local\\\\Temp\\\\aiboard-scheduler-replay-adversarial-evidence-pEiOCz","existsAtExit":false}
# C5 CLI root: {"event":"exit","path":"C:\\\\Users\\\\b_a_s\\\\AppData\\\\Local\\\\Temp\\\\aiboard-scheduler-replay-review-evidence-rlJGR8","existsAtExit":false}
# C5 CLI root: {"event":"exit","path":"C:\\\\Users\\\\b_a_s\\\\AppData\\\\Local\\\\Temp\\\\aiboard-scheduler-acceptance-upgrade-KJkq3i","existsAtExit":false}
# C5 CLI root: {"event":"exit","path":"C:\\\\Users\\\\b_a_s\\\\AppData\\\\Local\\\\Temp\\\\aiboard-scheduler-legacy-completed-0LrLAC","existsAtExit":false}
# C5 CLI root: {"event":"exit","path":"C:\\\\Users\\\\b_a_s\\\\AppData\\\\Local\\\\Temp\\\\aiboard-scheduler-legacy-gate-boundary-s23Y1C","existsAtExit":false}
# C5 CLI root: {"event":"exit","path":"C:\\\\Users\\\\b_a_s\\\\AppData\\\\Local\\\\Temp\\\\aiboard-scheduler-evidence-boundary-Nudwcb","existsAtExit":false}
# C5 CLI root: {"event":"exit","path":"C:\\\\Users\\\\b_a_s\\\\AppData\\\\Local\\\\Temp\\\\aiboard-scheduler-assigned-worker-required-RFbKQt","existsAtExit":false}
# C5 CLI root: {"event":"exit","path":"C:\\\\Users\\\\b_a_s\\\\AppData\\\\Local\\\\Temp\\\\aiboard-scheduler-upgraded-worker-required-7PRfKT","existsAtExit":false}
# C5 CLI root: {"event":"exit","path":"C:\\\\Users\\\\b_a_s\\\\AppData\\\\Local\\\\Temp\\\\aiboard-scheduler-worker-evidence-controls-N94Bzi","existsAtExit":false}
# C5 CLI root: {"event":"exit","path":"C:\\\\Users\\\\b_a_s\\\\AppData\\\\Local\\\\Temp\\\\aiboard-scheduler-retry-projection-7MIJdX","existsAtExit":false}
# C5 CLI root: {"event":"exit","path":"C:\\\\Users\\\\b_a_s\\\\AppData\\\\Local\\\\Temp\\\\aiboard-scheduler-corrupt-mwhZ7Y","existsAtExit":false}
# C5 CLI root: {"event":"exit","path":"C:\\\\Users\\\\b_a_s\\\\AppData\\\\Local\\\\Temp\\\\aiboard-scheduler-runtime-SsV5Ix","existsAtExit":false}
# C5 CLI root: {"event":"exit","path":"C:\\\\Users\\\\b_a_s\\\\AppData\\\\Local\\\\Temp\\\\aiboard-scheduler-empty-handoff-5nUQZD","existsAtExit":false}
# C5 CLI root: {"event":"exit","path":"C:\\\\Users\\\\b_a_s\\\\AppData\\\\Local\\\\Temp\\\\aiboard-plan-reconcile-9K9ntd","existsAtExit":false}
# C5 CLI root: {"event":"exit","path":"C:\\\\Users\\\\b_a_s\\\\AppData\\\\Local\\\\Temp\\\\aiboard-plan-reconcile-invalid-P0cEpn","existsAtExit":false}
# C5 CLI root: {"event":"exit","path":"C:\\\\Users\\\\b_a_s\\\\AppData\\\\Local\\\\Temp\\\\aiboard-integration-revision-cAjY6G","existsAtExit":false}
# C5 CLI root: {"event":"created","path":"C:\\\\Users\\\\b_a_s\\\\AppData\\\\Local\\\\Temp\\\\p6-binary-output-LjwPBG"}
# Subtest: subprocess memory preserves exact binary tail through real spool and durable result
ok 51 - subprocess memory preserves exact binary tail through real spool and durable result
  ---
  duration_ms: 60.1718
  type: 'test'
  ...
# acquired synthetic process/output fixture: C:\\Users\\b_a_s\\AppData\\Local\\Temp\\p6-binary-output-LjwPBG
# closed synthetic store/output; removed exact fixture: C:\\Users\\b_a_s\\AppData\\Local\\Temp\\p6-binary-output-LjwPBG
# C5 CLI root: {"event":"created","path":"C:\\\\Users\\\\b_a_s\\\\AppData\\\\Local\\\\Temp\\\\p6-binary-output-gxQjxf"}
# Subtest: subprocess sqlite preserves exact binary tail through real spool and durable result
ok 52 - subprocess sqlite preserves exact binary tail through real spool and durable result
  ---
  duration_ms: 80.1542
  type: 'test'
  ...
# acquired synthetic process/output fixture: C:\\Users\\b_a_s\\AppData\\Local\\Temp\\p6-binary-output-gxQjxf
# closed synthetic store/output; removed exact fixture: C:\\Users\\b_a_s\\AppData\\Local\\Temp\\p6-binary-output-gxQjxf
# Subtest: caller can provide only an opaque grant id and forged grant/result fields are rejected
ok 53 - caller can provide only an opaque grant id and forged grant/result fields are rejected
  ---
  duration_ms: 0.6261
  type: 'test'
  ...
# Subtest: runtime denies a semantic tree guarantee when the active adapter attests only partial ownership
ok 54 - runtime denies a semantic tree guarantee when the active adapter attests only partial ownership
  ---
  duration_ms: 3.2974
  type: 'test'
  ...
# Subtest: runtime factory rejects malicious structural authority and launch sees a deep immutable intent snapshot
ok 55 - runtime factory rejects malicious structural authority and launch sees a deep immutable intent snapshot
  ---
  duration_ms: 19.0186
  type: 'test'
  ...
# Subtest: runtime is a closure facade exposing only intended invocation methods
not ok 56 - runtime is a closure facade exposing only intended invocation methods
  ---
  duration_ms: 4.0765
  type: 'test'
  location: 'D:\\repos\\ai-discussion-board\\.worktrees\\runner-v2-robust-build\\runner-v2\\test\\subprocess-runtime.test.ts:1:13994'
  failureType: 'testCodeFailure'
  error: |-
    Expected values to be strictly deep-equal:
    + actual - expected
    
      [
        'cancel',
        'invoke',
        'reconcileStartup',
    +   'recoverExceptional'
      ]
    
  code: 'ERR_ASSERTION'
  name: 'AssertionError'
  expected:
    0: 'cancel'
    1: 'invoke'
    2: 'reconcileStartup'
  actual:
    0: 'cancel'
    1: 'invoke'
    2: 'reconcileStartup'
    3: 'recoverExceptional'
  operator: 'deepStrictEqual'
  stack: |-
    TestContext.<anonymous> (D:\repos\ai-discussion-board\.worktrees\runner-v2-robust-build\runner-v2\test\subprocess-runtime.test.ts:603:10)
    Test.runInAsyncScope (node:async_hooks:227:14)
    Test.run (node:internal/test_runner/test:1325:25)
    Test.processPendingSubtests (node:internal/test_runner/test:911:18)
    Test.postRun (node:internal/test_runner/test:1465:19)
    Test.run (node:internal/test_runner/test:1390:12)
    async Test.processPendingSubtests (node:internal/test_runner/test:911:7)
  ...
# C5 CLI root: {"event":"created","path":"C:\\\\Users\\\\b_a_s\\\\AppData\\\\Local\\\\Temp\\\\runner-v2-blocked-egScJJ"}
# Subtest: every output and backend effect receives the durable owner fencing token
ok 57 - every output and backend effect receives the durable owner fencing token
  ---
  duration_ms: 18.0341
  type: 'test'
  ...
# Subtest: durable claim and output owner exist before first await so immediate cancel is queued
ok 58 - durable claim and output owner exist before first await so immediate cancel is queued
  ---
  duration_ms: 29.753
  type: 'test'
  ...
# Subtest: crash-safe output intent precedes idempotent prepare and prepare failure is durable
ok 59 - crash-safe output intent precedes idempotent prepare and prepare failure is durable
  ---
  duration_ms: 4.1665
  type: 'test'
  ...
# Subtest: failed prelaunch output cleanup remains recoverable until owner cleanup succeeds
ok 60 - failed prelaunch output cleanup remains recoverable until owner cleanup succeeds
  ---
  duration_ms: 8.1649
  type: 'test'
  ...
# Subtest: recoverable launch cleanup blocker binds identity and persists without prelaunch cleanup or relaunch
ok 61 - recoverable launch cleanup blocker binds identity and persists without prelaunch cleanup or relaunch
  ---
  duration_ms: 23.9356
  type: 'test'
  ...
# Subtest: restart reattests a live launch blocker and retry never relaunches
ok 62 - restart reattests a live launch blocker and retry never relaunches
  ---
  duration_ms: 191.629
  type: 'test'
  ...
# C5 CLI root: {"event":"created","path":"C:\\\\Users\\\\b_a_s\\\\AppData\\\\Local\\\\Temp\\\\runner-v2-same-owner-retry-Ap7vlL"}
# Subtest: expired same-owner retry advances its durable fence before effects and heartbeats across takeover attempts
ok 63 - expired same-owner retry advances its durable fence before effects and heartbeats across takeover attempts
  ---
  duration_ms: 175.0795
  type: 'test'
  ...
# C5 CLI root: {"event":"created","path":"C:\\\\Users\\\\b_a_s\\\\AppData\\\\Local\\\\Temp\\\\runner-v2-same-owner-cancel-MlB8yp"}
# Subtest: expired same-owner cancellation advances its durable fence before a blocked signal and prevents takeover
ok 64 - expired same-owner cancellation advances its durable fence before a blocked signal and prevents takeover
  ---
  duration_ms: 228.9522
  type: 'test'
  ...
# C5 CLI root: {"event":"created","path":"C:\\\\Users\\\\b_a_s\\\\AppData\\\\Local\\\\Temp\\\\runner-v2-same-owner-fence-loss-9w9wnF"}
# Subtest: durable in-flight reconciliation blocks takeover effects after heartbeat authority loss
ok 65 - durable in-flight reconciliation blocks takeover effects after heartbeat authority loss
  ---
  duration_ms: 132.3716
  type: 'test'
  ...
# C5 CLI root: {"event":"created","path":"C:\\\\Users\\\\b_a_s\\\\AppData\\\\Local\\\\Temp\\\\runner-v2-signal-fence-loss-MSI1ah"}
# Subtest: durable in-flight signal blocks takeover effects after heartbeat authority loss
ok 66 - durable in-flight signal blocks takeover effects after heartbeat authority loss
  ---
  duration_ms: 148.1906
  type: 'test'
  ...
# C5 CLI root: {"event":"created","path":"C:\\\\Users\\\\b_a_s\\\\AppData\\\\Local\\\\Temp\\\\runner-v2-finalize-fence-loss-ioNIY6"}
# Subtest: durable in-flight output finalization blocks takeover and duplicate release
ok 67 - durable in-flight output finalization blocks takeover and duplicate release
  ---
  duration_ms: 137.6343
  type: 'test'
  ...
# C5 CLI root: {"event":"created","path":"C:\\\\Users\\\\b_a_s\\\\AppData\\\\Local\\\\Temp\\\\runner-v2-release-fence-loss-qFTM5o"}
# Subtest: durable in-flight backend release blocks takeover and duplicate release
ok 68 - durable in-flight backend release blocks takeover and duplicate release
  ---
  duration_ms: 170.5011
  type: 'test'
  ...
# C5 CLI root: {"event":"created","path":"C:\\\\Users\\\\b_a_s\\\\AppData\\\\Local\\\\Temp\\\\runner-v2-reopen-fence-loss-4a9LuH"}
# Subtest: durable recovery output reopen blocks takeover before any contender effect
ok 69 - durable recovery output reopen blocks takeover before any contender effect
  ---
  duration_ms: 108.1142
  type: 'test'
  ...
# C5 CLI root: {"event":"created","path":"C:\\\\Users\\\\b_a_s\\\\AppData\\\\Local\\\\Temp\\\\runner-v2-observe-write-fence-loss-8DMez1"}
# C5 CLI root: {"event":"created","path":"C:\\\\Users\\\\b_a_s\\\\AppData\\\\Local\\\\Temp\\\\runner-v2-verify-empty-fence-loss-rpTzst"}
# Subtest: durable recovery observation covers blocked output writes and blocks takeover
ok 70 - durable recovery observation covers blocked output writes and blocks takeover
  ---
  duration_ms: 79.0573
  type: 'test'
  ...
# Subtest: durable verified-empty inspection blocks takeover and duplicate cleanup effects
ok 71 - durable verified-empty inspection blocks takeover and duplicate cleanup effects
  ---
  duration_ms: 156.0081
  type: 'test'
  ...
# Subtest: same owner consumes signal before observe without losing either journal marker
ok 72 - same owner consumes signal before observe without losing either journal marker
  ---
  duration_ms: 29.2192
  type: 'test'
  ...
# Subtest: same owner consumes observe before signal without stranding the exact signal marker
ok 73 - same owner consumes observe before signal without stranding the exact signal marker
  ---
  duration_ms: 28.9658
  type: 'test'
  ...
# Subtest: observe-first preserves proven exit for every valid late signal response
    # Subtest: exited
    ok 1 - exited
      ---
      duration_ms: 29.4623
      type: 'test'
      ...
    # Subtest: running
    ok 2 - running
      ---
      duration_ms: 28.6236
      type: 'test'
      ...
    1..2
ok 74 - observe-first preserves proven exit for every valid late signal response
  ---
  duration_ms: 58.4399
  type: 'test'
  ...
# C5 CLI root: {"event":"created","path":"C:\\\\Users\\\\b_a_s\\\\AppData\\\\Local\\\\Temp\\\\runner-v2-malformed-signal-cgvpUA"}
# Subtest: malformed observe-first signal remains completed across SQLite restart
ok 75 - malformed observe-first signal remains completed across SQLite restart
  ---
  duration_ms: 575.2648
  type: 'test'
  ...
# C5 CLI root: {"event":"created","path":"C:\\\\Users\\\\b_a_s\\\\AppData\\\\Local\\\\Temp\\\\runner-v2-cancel-deny-reopen-xTRmQK"}
# Subtest: cancel denies every live same-owner family except one active observation
    # Subtest: output_reopen
    ok 1 - output_reopen
      ---
      duration_ms: 82.3096
      type: 'test'
      ...
# C5 CLI root: {"event":"created","path":"C:\\\\Users\\\\b_a_s\\\\AppData\\\\Local\\\\Temp\\\\runner-v2-cancel-deny-reconcile-O0uOnT"}
    # Subtest: backend_reconcile
    ok 2 - backend_reconcile
      ---
      duration_ms: 80.6426
      type: 'test'
      ...
    # Subtest: backend_verify_empty
    ok 3 - backend_verify_empty
      ---
      duration_ms: 8.774
      type: 'test'
      ...
    1..3
ok 76 - cancel denies every live same-owner family except one active observation
  ---
  duration_ms: 172.2258
  type: 'test'
  ...
# Subtest: cancel table rejects active finalize verify and release effects
    # Subtest: output_finalize
    ok 1 - output_finalize
      ---
      duration_ms: 17.1438
      type: 'test'
      ...
    # Subtest: backend_verify_empty
    ok 2 - backend_verify_empty
      ---
      duration_ms: 18.0264
      type: 'test'
      ...
    # Subtest: backend_release
    ok 3 - backend_release
      ---
      duration_ms: 17.551
      type: 'test'
      ...
    1..3
ok 77 - cancel table rejects active finalize verify and release effects
  ---
  duration_ms: 53.0586
  type: 'test'
  ...
# C5 CLI root: {"event":"created","path":"C:\\\\Users\\\\b_a_s\\\\AppData\\\\Local\\\\Temp\\\\runner-v2-malformed-backend_observe-QcJk6o"}
# Subtest: malformed successful journaled calls remain completed and cannot repeat on retry cancel or restart
    # Subtest: backend_observe
    ok 1 - backend_observe
      ---
      duration_ms: 374.9864
      type: 'test'
      ...
# C5 CLI root: {"event":"created","path":"C:\\\\Users\\\\b_a_s\\\\AppData\\\\Local\\\\Temp\\\\runner-v2-malformed-output_finalize-SBTbTT"}
    # Subtest: output_finalize
    ok 2 - output_finalize
      ---
      duration_ms: 52.7165
      type: 'test'
      ...
# C5 CLI root: {"event":"created","path":"C:\\\\Users\\\\b_a_s\\\\AppData\\\\Local\\\\Temp\\\\runner-v2-malformed-backend_verify_empty-gDjKzN"}
    # Subtest: backend_verify_empty
# C5 CLI root: {"event":"created","path":"C:\\\\Users\\\\b_a_s\\\\AppData\\\\Local\\\\Temp\\\\runner-v2-malformed-backend_release-s4uPPy"}
    ok 3 - backend_verify_empty
      ---
      duration_ms: 63.5193
      type: 'test'
      ...
    # Subtest: backend_release
    ok 4 - backend_release
      ---
      duration_ms: 79.08
      type: 'test'
      ...
    1..4
ok 78 - malformed successful journaled calls remain completed and cannot repeat on retry cancel or restart
  ---
  duration_ms: 570.9514
  type: 'test'
  ...
# Subtest: raw journaled rejection remains started and blocks retry cancel and startup recovery
ok 79 - raw journaled rejection remains started and blocks retry cancel and startup recovery
  ---
  duration_ms: 9.3602
  type: 'test'
  ...
# C5 CLI root: {"event":"created","path":"C:\\\\Users\\\\b_a_s\\\\AppData\\\\Local\\\\Temp\\\\runner-v2-raw-rejection-restart-59o6oK"}
# Subtest: raw rejection marker survives SQLite restart and blocks every contender path
ok 80 - raw rejection marker survives SQLite restart and blocks every contender path
  ---
  duration_ms: 70.6187
  type: 'test'
  ...
# C5 CLI root: {"event":"created","path":"C:\\\\Users\\\\b_a_s\\\\AppData\\\\Local\\\\Temp\\\\runner-v2-transient-heartbeat-GUU3Jw"}
# Subtest: transient heartbeat failure leaves a started marker after raw success and blocks contenders
ok 81 - transient heartbeat failure leaves a started marker after raw success and blocks contenders
  ---
  duration_ms: 292.2927
  type: 'test'
  ...
# C5 CLI root: {"event":"created","path":"C:\\\\Users\\\\b_a_s\\\\AppData\\\\Local\\\\Temp\\\\runner-v2-blocked-PySWHs"}
# Subtest: restart closes a launch blocker only after natural exit and verified release
ok 82 - restart closes a launch blocker only after natural exit and verified release
  ---
  duration_ms: 229.8975
  type: 'test'
  ...
# C5 CLI root: {"event":"created","path":"C:\\\\Users\\\\b_a_s\\\\AppData\\\\Local\\\\Temp\\\\runner-v2-blocked-59NbgR"}
# Subtest: restart cancellation stops only the authenticated blocked identity and completes cleanup
ok 83 - restart cancellation stops only the authenticated blocked identity and completes cleanup
  ---
  duration_ms: 176.5479
  type: 'test'
  ...
# C5 CLI root: {"event":"created","path":"C:\\\\Users\\\\b_a_s\\\\AppData\\\\Local\\\\Temp\\\\runner-v2-unenforced-cancel-QIvUU6"}
# Subtest: restart cancellation preserves blocker evidence when authenticated escalation cannot enforce exit
ok 84 - restart cancellation preserves blocker evidence when authenticated escalation cannot enforce exit
  ---
  duration_ms: 169.1007
  type: 'test'
  ...
# C5 CLI root: {"event":"created","path":"C:\\\\Users\\\\b_a_s\\\\AppData\\\\Local\\\\Temp\\\\runner-v2-unavailable-FHJsUb"}
# C5 CLI root: {"event":"created","path":"C:\\\\Users\\\\b_a_s\\\\AppData\\\\Local\\\\Temp\\\\runner-v2-outcome_unknown-8Y12m9"}
# C5 CLI root: {"event":"created","path":"C:\\\\Users\\\\b_a_s\\\\AppData\\\\Local\\\\Temp\\\\runner-v2-identity_mismatch-Eo8cKx"}
# Subtest: restart preserves typed launch blockers for unavailable, unknown, and mismatched backends
ok 85 - restart preserves typed launch blockers for unavailable, unknown, and mismatched backends
  ---
  duration_ms: 248.5203
  type: 'test'
  ...
# C5 CLI root: {"event":"created","path":"C:\\\\Users\\\\b_a_s\\\\AppData\\\\Local\\\\Temp\\\\runner-v2-blocked-B80Q7N"}
# Subtest: stale restart owner cannot recover or cancel a leased launch blocker
ok 86 - stale restart owner cannot recover or cancel a leased launch blocker
  ---
  duration_ms: 56.7701
  type: 'test'
  ...
# Subtest: Runner-private grant is atomically consumed, strictly snapshotted, run-bound, and expiry checked
ok 87 - Runner-private grant is atomically consumed, strictly snapshotted, run-bound, and expiry checked
  ---
  duration_ms: 3.5929
  type: 'test'
  ...
# Subtest: concurrent exact invocations share one operation while divergent retries conflict
ok 88 - concurrent exact invocations share one operation while divergent retries conflict
  ---
  duration_ms: 29.7953
  type: 'test'
  ...
# C5 CLI root: {"event":"created","path":"C:\\\\Users\\\\b_a_s\\\\AppData\\\\Local\\\\Temp\\\\runner-v2-runtime-sqlite-5gqk4f"}
# Subtest: separate SQLite runtime contenders durably elect one winner before grant or output effects
ok 89 - separate SQLite runtime contenders durably elect one winner before grant or output effects
  ---
  duration_ms: 96.8638
  type: 'test'
  ...
# C5 CLI root: {"event":"created","path":"C:\\\\Users\\\\b_a_s\\\\AppData\\\\Local\\\\Temp\\\\runner-v2-process-contention-WZQOxO"}
# Subtest: separate OS processes contend through SQLite with one pre-effect owner
ok 90 - separate OS processes contend through SQLite with one pre-effect owner
  ---
  duration_ms: 323.901
  type: 'test'
  ...
# C5 CLI root: {"event":"created","path":"C:\\\\Users\\\\b_a_s\\\\AppData\\\\Local\\\\Temp\\\\runner-v2-init-lock-UWA4lZ"}
# Subtest: separate OS processes retry writable SQLite initialization across a transient schema lock
ok 91 - separate OS processes retry writable SQLite initialization across a transient schema lock
  ---
  duration_ms: 5439.7691
  type: 'test'
  ...
# C5 CLI root: {"event":"created","path":"C:\\\\Users\\\\b_a_s\\\\AppData\\\\Local\\\\Temp\\\\runner-v2-lease-ZA041e"}
# Subtest: live owner heartbeat prevents lease stealing throughout a blocked output effect
ok 92 - live owner heartbeat prevents lease stealing throughout a blocked output effect
  ---
  duration_ms: 107.0302
  type: 'test'
  ...
# C5 CLI root: {"event":"created","path":"C:\\\\Users\\\\b_a_s\\\\AppData\\\\Local\\\\Temp\\\\runner-v2-stale-fence-PH6Boa"}
# Subtest: stale owner completing an uncertain effect is rejected after safe expiry takeover
ok 93 - stale owner completing an uncertain effect is rejected after safe expiry takeover
  ---
  duration_ms: 29.8005
  type: 'test'
  ...
# C5 CLI root: {"event":"created","path":"C:\\\\Users\\\\b_a_s\\\\AppData\\\\Local\\\\Temp\\\\runner-v2-launch-orphan-CFjETb"}
# Subtest: expired unbound launch is atomically orphaned without takeover cleanup or relaunch
ok 94 - expired unbound launch is atomically orphaned without takeover cleanup or relaunch
  ---
  duration_ms: 34.831
  type: 'test'
  ...
# C5 CLI root: {"event":"created","path":"C:\\\\Users\\\\b_a_s\\\\AppData\\\\Local\\\\Temp\\\\runner-v2-bound-recovery-NvT8ir"}
# Subtest: expired bound active observation blocks takeover reconciliation until its owner settles
ok 95 - expired bound active observation blocks takeover reconciliation until its owner settles
  ---
  duration_ms: 78.0915
  type: 'test'
  ...
# Subtest: deadline is runtime-owned and persists interrupt terminate force escalation before effects
ok 96 - deadline is runtime-owned and persists interrupt terminate force escalation before effects
  ---
  duration_ms: 46.0639
  type: 'test'
  ...
# Subtest: cancellation during launch queues durable stop and signals only after identity bind
ok 97 - cancellation during launch queues durable stop and signals only after identity bind
  ---
  duration_ms: 26.7471
  type: 'test'
  ...
# Subtest: terminal cancel is a read-only no-op and never signals a cleaned process
ok 98 - terminal cancel is a read-only no-op and never signals a cleaned process
  ---
  duration_ms: 20.1562
  type: 'test'
  ...
# Subtest: fresh attestation mismatch blocks cancellation authority before signal
ok 99 - fresh attestation mismatch blocks cancellation authority before signal
  ---
  duration_ms: 14.7888
  type: 'test'
  ...
# Subtest: restart preserves durable timeout precedence after observation loss
ok 100 - restart preserves durable timeout precedence after observation loss
  ---
  duration_ms: 11.1426
  type: 'test'
  ...
# Subtest: backend-unavailable with durable stop cannot bypass an ambiguous observation when backend returns
ok 101 - backend-unavailable with durable stop cannot bypass an ambiguous observation when backend returns
  ---
  duration_ms: 11.629
  type: 'test'
  ...
# Subtest: grant controller authority is scoped to exactly one kernel
ok 102 - grant controller authority is scoped to exactly one kernel
  ---
  duration_ms: 0.3917
  type: 'test'
  ...
# Subtest: durable timeout and cancellation outrank later cleanup failure
ok 103 - durable timeout and cancellation outrank later cleanup failure
  ---
  duration_ms: 21.6538
  type: 'test'
  ...
# Subtest: malformed backend results are classified and never become verified success
ok 104 - malformed backend results are classified and never become verified success
  ---
  duration_ms: 15.2551
  type: 'test'
  ...
# Subtest: output ownership is prepared before launch and finalized before verified cleanup
ok 105 - output ownership is prepared before launch and finalized before verified cleanup
  ---
  duration_ms: 21.7785
  type: 'test'
  ...
# C5 CLI root: {"event":"created","path":"C:\\\\Users\\\\b_a_s\\\\AppData\\\\Local\\\\Temp\\\\runner-v2-runtime-corrupt-aeamlN"}
# Subtest: restart preserves each completed malformed observation without reopening output
ok 106 - restart preserves each completed malformed observation without reopening output
  ---
  duration_ms: 11.9922
  type: 'test'
  ...
# Subtest: recovery reports a corrupt first SQLite row and still reconciles the later valid row
ok 107 - recovery reports a corrupt first SQLite row and still reconciles the later valid row
  ---
  duration_ms: 46.5402
  type: 'test'
  ...
# Subtest: exhaustive durable-state by reconcile-outcome matrix is fail-closed
ok 108 - exhaustive durable-state by reconcile-outcome matrix is fail-closed
  ---
  duration_ms: 334.2651
  type: 'test'
  ...
# Subtest: subprocess live output observation uses the actual backend bytes without persisting its callback
ok 109 - subprocess live output observation uses the actual backend bytes without persisting its callback
  ---
  duration_ms: 16.9376
  type: 'test'
  ...
# C5 CLI root: {"event":"exit","path":"C:\\\\Users\\\\b_a_s\\\\AppData\\\\Local\\\\Temp\\\\p6-binary-output-LjwPBG","existsAtExit":false}
# C5 CLI root: {"event":"exit","path":"C:\\\\Users\\\\b_a_s\\\\AppData\\\\Local\\\\Temp\\\\p6-binary-output-gxQjxf","existsAtExit":false}
# C5 CLI root: {"event":"exit","path":"C:\\\\Users\\\\b_a_s\\\\AppData\\\\Local\\\\Temp\\\\runner-v2-blocked-egScJJ","existsAtExit":false}
# C5 CLI root: {"event":"exit","path":"C:\\\\Users\\\\b_a_s\\\\AppData\\\\Local\\\\Temp\\\\runner-v2-same-owner-retry-Ap7vlL","existsAtExit":false}
# C5 CLI root: {"event":"exit","path":"C:\\\\Users\\\\b_a_s\\\\AppData\\\\Local\\\\Temp\\\\runner-v2-same-owner-cancel-MlB8yp","existsAtExit":false}
# C5 CLI root: {"event":"exit","path":"C:\\\\Users\\\\b_a_s\\\\AppData\\\\Local\\\\Temp\\\\runner-v2-same-owner-fence-loss-9w9wnF","existsAtExit":false}
# C5 CLI root: {"event":"exit","path":"C:\\\\Users\\\\b_a_s\\\\AppData\\\\Local\\\\Temp\\\\runner-v2-signal-fence-loss-MSI1ah","existsAtExit":false}
# C5 CLI root: {"event":"exit","path":"C:\\\\Users\\\\b_a_s\\\\AppData\\\\Local\\\\Temp\\\\runner-v2-finalize-fence-loss-ioNIY6","existsAtExit":false}
# C5 CLI root: {"event":"exit","path":"C:\\\\Users\\\\b_a_s\\\\AppData\\\\Local\\\\Temp\\\\runner-v2-release-fence-loss-qFTM5o","existsAtExit":false}
# C5 CLI root: {"event":"exit","path":"C:\\\\Users\\\\b_a_s\\\\AppData\\\\Local\\\\Temp\\\\runner-v2-reopen-fence-loss-4a9LuH","existsAtExit":false}
# C5 CLI root: {"event":"exit","path":"C:\\\\Users\\\\b_a_s\\\\AppData\\\\Local\\\\Temp\\\\runner-v2-observe-write-fence-loss-8DMez1","existsAtExit":false}
# C5 CLI root: {"event":"exit","path":"C:\\\\Users\\\\b_a_s\\\\AppData\\\\Local\\\\Temp\\\\runner-v2-verify-empty-fence-loss-rpTzst","existsAtExit":false}
# C5 CLI root: {"event":"exit","path":"C:\\\\Users\\\\b_a_s\\\\AppData\\\\Local\\\\Temp\\\\runner-v2-malformed-signal-cgvpUA","existsAtExit":false}
# C5 CLI root: {"event":"exit","path":"C:\\\\Users\\\\b_a_s\\\\AppData\\\\Local\\\\Temp\\\\runner-v2-cancel-deny-reopen-xTRmQK","existsAtExit":false}
# C5 CLI root: {"event":"exit","path":"C:\\\\Users\\\\b_a_s\\\\AppData\\\\Local\\\\Temp\\\\runner-v2-cancel-deny-reconcile-O0uOnT","existsAtExit":false}
# C5 CLI root: {"event":"exit","path":"C:\\\\Users\\\\b_a_s\\\\AppData\\\\Local\\\\Temp\\\\runner-v2-malformed-backend_observe-QcJk6o","existsAtExit":false}
# C5 CLI root: {"event":"exit","path":"C:\\\\Users\\\\b_a_s\\\\AppData\\\\Local\\\\Temp\\\\runner-v2-malformed-output_finalize-SBTbTT","existsAtExit":false}
# C5 CLI root: {"event":"exit","path":"C:\\\\Users\\\\b_a_s\\\\AppData\\\\Local\\\\Temp\\\\runner-v2-malformed-backend_verify_empty-gDjKzN","existsAtExit":false}
# C5 CLI root: {"event":"exit","path":"C:\\\\Users\\\\b_a_s\\\\AppData\\\\Local\\\\Temp\\\\runner-v2-malformed-backend_release-s4uPPy","existsAtExit":false}
# C5 CLI root: {"event":"exit","path":"C:\\\\Users\\\\b_a_s\\\\AppData\\\\Local\\\\Temp\\\\runner-v2-raw-rejection-restart-59o6oK","existsAtExit":false}
# C5 CLI root: {"event":"exit","path":"C:\\\\Users\\\\b_a_s\\\\AppData\\\\Local\\\\Temp\\\\runner-v2-transient-heartbeat-GUU3Jw","existsAtExit":false}
# C5 CLI root: {"event":"exit","path":"C:\\\\Users\\\\b_a_s\\\\AppData\\\\Local\\\\Temp\\\\runner-v2-blocked-PySWHs","existsAtExit":false}
# C5 CLI root: {"event":"exit","path":"C:\\\\Users\\\\b_a_s\\\\AppData\\\\Local\\\\Temp\\\\runner-v2-blocked-59NbgR","existsAtExit":false}
# C5 CLI root: {"event":"exit","path":"C:\\\\Users\\\\b_a_s\\\\AppData\\\\Local\\\\Temp\\\\runner-v2-unenforced-cancel-QIvUU6","existsAtExit":false}
# C5 CLI root: {"event":"exit","path":"C:\\\\Users\\\\b_a_s\\\\AppData\\\\Local\\\\Temp\\\\runner-v2-unavailable-FHJsUb","existsAtExit":false}
# C5 CLI root: {"event":"exit","path":"C:\\\\Users\\\\b_a_s\\\\AppData\\\\Local\\\\Temp\\\\runner-v2-outcome_unknown-8Y12m9","existsAtExit":false}
# C5 CLI root: {"event":"exit","path":"C:\\\\Users\\\\b_a_s\\\\AppData\\\\Local\\\\Temp\\\\runner-v2-identity_mismatch-Eo8cKx","existsAtExit":false}
# C5 CLI root: {"event":"exit","path":"C:\\\\Users\\\\b_a_s\\\\AppData\\\\Local\\\\Temp\\\\runner-v2-blocked-B80Q7N","existsAtExit":false}
# C5 CLI root: {"event":"exit","path":"C:\\\\Users\\\\b_a_s\\\\AppData\\\\Local\\\\Temp\\\\runner-v2-runtime-sqlite-5gqk4f","existsAtExit":false}
# C5 CLI root: {"event":"exit","path":"C:\\\\Users\\\\b_a_s\\\\AppData\\\\Local\\\\Temp\\\\runner-v2-process-contention-WZQOxO","existsAtExit":false}
# C5 CLI root: {"event":"exit","path":"C:\\\\Users\\\\b_a_s\\\\AppData\\\\Local\\\\Temp\\\\runner-v2-init-lock-UWA4lZ","existsAtExit":false}
# C5 CLI root: {"event":"exit","path":"C:\\\\Users\\\\b_a_s\\\\AppData\\\\Local\\\\Temp\\\\runner-v2-lease-ZA041e","existsAtExit":false}
# C5 CLI root: {"event":"exit","path":"C:\\\\Users\\\\b_a_s\\\\AppData\\\\Local\\\\Temp\\\\runner-v2-stale-fence-PH6Boa","existsAtExit":false}
# C5 CLI root: {"event":"exit","path":"C:\\\\Users\\\\b_a_s\\\\AppData\\\\Local\\\\Temp\\\\runner-v2-launch-orphan-CFjETb","existsAtExit":false}
# C5 CLI root: {"event":"exit","path":"C:\\\\Users\\\\b_a_s\\\\AppData\\\\Local\\\\Temp\\\\runner-v2-bound-recovery-NvT8ir","existsAtExit":false}
# C5 CLI root: {"event":"exit","path":"C:\\\\Users\\\\b_a_s\\\\AppData\\\\Local\\\\Temp\\\\runner-v2-runtime-corrupt-aeamlN","existsAtExit":false}
1..109
# tests 121
# suites 0
# pass 120
# fail 1
# cancelled 0
# skipped 0
# todo 0
# duration_ms 45816.5911
