TAP version 13
# C5 CLI root: {"event":"created","path":"C:\\\\Users\\\\b_a_s\\\\AppData\\\\Local\\\\Temp\\\\aiboard-task11-recovery-J8R5HG"}
# Task11 RED root retained: C:\\Users\\b_a_s\\AppData\\Local\\Temp\\aiboard-task11-recovery-J8R5HG
# C5 CLI root: {"event":"created","path":"C:\\\\Users\\\\b_a_s\\\\AppData\\\\Local\\\\Temp\\\\aiboard-task11-recovery-GMLkyh"}
# Task11 RED root retained: C:\\Users\\b_a_s\\AppData\\Local\\Temp\\aiboard-task11-recovery-GMLkyh
# C5 CLI root: {"event":"created","path":"C:\\\\Users\\\\b_a_s\\\\AppData\\\\Local\\\\Temp\\\\aiboard-task11-recovery-oOALBU"}
# Task11 RED root retained: C:\\Users\\b_a_s\\AppData\\Local\\Temp\\aiboard-task11-recovery-oOALBU
# C5 CLI root: {"event":"created","path":"C:\\\\Users\\\\b_a_s\\\\AppData\\\\Local\\\\Temp\\\\aiboard-task11-recovery-FiGQbM"}
# Task11 RED root retained: C:\\Users\\b_a_s\\AppData\\Local\\Temp\\aiboard-task11-recovery-FiGQbM
# C5 CLI root: {"event":"created","path":"C:\\\\Users\\\\b_a_s\\\\AppData\\\\Local\\\\Temp\\\\aiboard-task11-recovery-XxikmW"}
# Task11 RED root retained: C:\\Users\\b_a_s\\AppData\\Local\\Temp\\aiboard-task11-recovery-XxikmW
# C5 CLI root: {"event":"created","path":"C:\\\\Users\\\\b_a_s\\\\AppData\\\\Local\\\\Temp\\\\aiboard-task11-recovery-PNr3Dq"}
# Task11 RED root retained: C:\\Users\\b_a_s\\AppData\\Local\\Temp\\aiboard-task11-recovery-PNr3Dq
# C5 CLI root: {"event":"created","path":"C:\\\\Users\\\\b_a_s\\\\AppData\\\\Local\\\\Temp\\\\aiboard-task11-recovery-e3j0kO"}
# Task11 RED root retained: C:\\Users\\b_a_s\\AppData\\Local\\Temp\\aiboard-task11-recovery-e3j0kO
# C5 CLI root: {"event":"created","path":"C:\\\\Users\\\\b_a_s\\\\AppData\\\\Local\\\\Temp\\\\aiboard-task11-recovery-smWxVW"}
# Task11 RED root retained: C:\\Users\\b_a_s\\AppData\\Local\\Temp\\aiboard-task11-recovery-smWxVW
# Subtest: process recovery: routine state prepared cannot call a model or effect
not ok 1 - process recovery: routine state prepared cannot call a model or effect
  ---
  duration_ms: 34.0986
  type: 'test'
  location: 'D:\\repos\\ai-discussion-board\\.worktrees\\runner-v2-robust-build\\runner-v2\\test\\process-recovery.test.ts:1:1328'
  failureType: 'testCodeFailure'
  error: 'Missing expected rejection.'
  code: 'ERR_ASSERTION'
  name: 'AssertionError'
  expected:
    code: 'routine_recovery_forbidden'
  operator: 'rejects'
  stack: |-
    async <anonymous> (D:\repos\ai-discussion-board\.worktrees\runner-v2-robust-build\runner-v2\test\process-recovery.test.ts:45:5)
    async TestContext.<anonymous> (D:\repos\ai-discussion-board\.worktrees\runner-v2-robust-build\runner-v2\test\process-recovery.test.ts:38:11)
    async Test.run (node:internal/test_runner/test:1332:7)
    async startSubtestAfterBootstrap (node:internal/test_runner/harness:385:3)
  ...
# Subtest: process recovery: routine state launching cannot call a model or effect
not ok 2 - process recovery: routine state launching cannot call a model or effect
  ---
  duration_ms: 22.8381
  type: 'test'
  location: 'D:\\repos\\ai-discussion-board\\.worktrees\\runner-v2-robust-build\\runner-v2\\test\\process-recovery.test.ts:1:1328'
  failureType: 'testCodeFailure'
  error: 'Missing expected rejection.'
  code: 'ERR_ASSERTION'
  name: 'AssertionError'
  expected:
    code: 'routine_recovery_forbidden'
  operator: 'rejects'
  stack: |-
    async <anonymous> (D:\repos\ai-discussion-board\.worktrees\runner-v2-robust-build\runner-v2\test\process-recovery.test.ts:45:5)
    async TestContext.<anonymous> (D:\repos\ai-discussion-board\.worktrees\runner-v2-robust-build\runner-v2\test\process-recovery.test.ts:38:11)
    async Test.run (node:internal/test_runner/test:1332:7)
    async Test.processPendingSubtests (node:internal/test_runner/test:911:7)
  ...
# Subtest: process recovery: routine state running cannot call a model or effect
not ok 3 - process recovery: routine state running cannot call a model or effect
  ---
  duration_ms: 22.0457
  type: 'test'
  location: 'D:\\repos\\ai-discussion-board\\.worktrees\\runner-v2-robust-build\\runner-v2\\test\\process-recovery.test.ts:1:1328'
  failureType: 'testCodeFailure'
  error: 'Missing expected rejection.'
  code: 'ERR_ASSERTION'
  name: 'AssertionError'
  expected:
    code: 'routine_recovery_forbidden'
  operator: 'rejects'
  stack: |-
    async <anonymous> (D:\repos\ai-discussion-board\.worktrees\runner-v2-robust-build\runner-v2\test\process-recovery.test.ts:45:5)
    async TestContext.<anonymous> (D:\repos\ai-discussion-board\.worktrees\runner-v2-robust-build\runner-v2\test\process-recovery.test.ts:38:11)
    async Test.run (node:internal/test_runner/test:1332:7)
    async Test.processPendingSubtests (node:internal/test_runner/test:911:7)
  ...
# Subtest: process recovery: routine state stopping cannot call a model or effect
not ok 4 - process recovery: routine state stopping cannot call a model or effect
  ---
  duration_ms: 22.1708
  type: 'test'
  location: 'D:\\repos\\ai-discussion-board\\.worktrees\\runner-v2-robust-build\\runner-v2\\test\\process-recovery.test.ts:1:1328'
  failureType: 'testCodeFailure'
  error: 'Missing expected rejection.'
  code: 'ERR_ASSERTION'
  name: 'AssertionError'
  expected:
    code: 'routine_recovery_forbidden'
  operator: 'rejects'
  stack: |-
    async <anonymous> (D:\repos\ai-discussion-board\.worktrees\runner-v2-robust-build\runner-v2\test\process-recovery.test.ts:45:5)
    async TestContext.<anonymous> (D:\repos\ai-discussion-board\.worktrees\runner-v2-robust-build\runner-v2\test\process-recovery.test.ts:38:11)
    async Test.run (node:internal/test_runner/test:1332:7)
    async Test.processPendingSubtests (node:internal/test_runner/test:911:7)
  ...
# Subtest: process recovery: routine state exited cannot call a model or effect
not ok 5 - process recovery: routine state exited cannot call a model or effect
  ---
  duration_ms: 22.3672
  type: 'test'
  location: 'D:\\repos\\ai-discussion-board\\.worktrees\\runner-v2-robust-build\\runner-v2\\test\\process-recovery.test.ts:1:1328'
  failureType: 'testCodeFailure'
  error: 'Missing expected rejection.'
  code: 'ERR_ASSERTION'
  name: 'AssertionError'
  expected:
    code: 'routine_recovery_forbidden'
  operator: 'rejects'
  stack: |-
    async <anonymous> (D:\repos\ai-discussion-board\.worktrees\runner-v2-robust-build\runner-v2\test\process-recovery.test.ts:45:5)
    async TestContext.<anonymous> (D:\repos\ai-discussion-board\.worktrees\runner-v2-robust-build\runner-v2\test\process-recovery.test.ts:38:11)
    async Test.run (node:internal/test_runner/test:1332:7)
    async Test.processPendingSubtests (node:internal/test_runner/test:911:7)
  ...
# Subtest: process recovery: routine state verifying_empty cannot call a model or effect
not ok 6 - process recovery: routine state verifying_empty cannot call a model or effect
  ---
  duration_ms: 22.7223
  type: 'test'
  location: 'D:\\repos\\ai-discussion-board\\.worktrees\\runner-v2-robust-build\\runner-v2\\test\\process-recovery.test.ts:1:1328'
  failureType: 'testCodeFailure'
  error: 'Missing expected rejection.'
  code: 'ERR_ASSERTION'
  name: 'AssertionError'
  expected:
    code: 'routine_recovery_forbidden'
  operator: 'rejects'
  stack: |-
    async <anonymous> (D:\repos\ai-discussion-board\.worktrees\runner-v2-robust-build\runner-v2\test\process-recovery.test.ts:45:5)
    async TestContext.<anonymous> (D:\repos\ai-discussion-board\.worktrees\runner-v2-robust-build\runner-v2\test\process-recovery.test.ts:38:11)
    async Test.run (node:internal/test_runner/test:1332:7)
    async Test.processPendingSubtests (node:internal/test_runner/test:911:7)
  ...
# Subtest: process recovery: routine state cleaned cannot call a model or effect
not ok 7 - process recovery: routine state cleaned cannot call a model or effect
  ---
  duration_ms: 21.916
  type: 'test'
  location: 'D:\\repos\\ai-discussion-board\\.worktrees\\runner-v2-robust-build\\runner-v2\\test\\process-recovery.test.ts:1:1328'
  failureType: 'testCodeFailure'
  error: 'Missing expected rejection.'
  code: 'ERR_ASSERTION'
  name: 'AssertionError'
  expected:
    code: 'routine_recovery_forbidden'
  operator: 'rejects'
  stack: |-
    async <anonymous> (D:\repos\ai-discussion-board\.worktrees\runner-v2-robust-build\runner-v2\test\process-recovery.test.ts:45:5)
    async TestContext.<anonymous> (D:\repos\ai-discussion-board\.worktrees\runner-v2-robust-build\runner-v2\test\process-recovery.test.ts:38:11)
    async Test.run (node:internal/test_runner/test:1332:7)
    async Test.processPendingSubtests (node:internal/test_runner/test:911:7)
  ...
# Subtest: process recovery: routine state cleanup_blocked cannot call a model or effect
not ok 8 - process recovery: routine state cleanup_blocked cannot call a model or effect
  ---
  duration_ms: 22.1498
  type: 'test'
  location: 'D:\\repos\\ai-discussion-board\\.worktrees\\runner-v2-robust-build\\runner-v2\\test\\process-recovery.test.ts:1:1328'
  failureType: 'testCodeFailure'
  error: 'Missing expected rejection.'
  code: 'ERR_ASSERTION'
  name: 'AssertionError'
  expected:
    code: 'routine_recovery_forbidden'
  operator: 'rejects'
  stack: |-
    async <anonymous> (D:\repos\ai-discussion-board\.worktrees\runner-v2-robust-build\runner-v2\test\process-recovery.test.ts:45:5)
    async TestContext.<anonymous> (D:\repos\ai-discussion-board\.worktrees\runner-v2-robust-build\runner-v2\test\process-recovery.test.ts:38:11)
    async Test.run (node:internal/test_runner/test:1332:7)
    async Test.processPendingSubtests (node:internal/test_runner/test:911:7)
  ...
# C5 CLI root: {"event":"exit","path":"C:\\\\Users\\\\b_a_s\\\\AppData\\\\Local\\\\Temp\\\\aiboard-task11-recovery-J8R5HG","existsAtExit":true}
# C5 CLI root: {"event":"exit","path":"C:\\\\Users\\\\b_a_s\\\\AppData\\\\Local\\\\Temp\\\\aiboard-task11-recovery-GMLkyh","existsAtExit":true}
# C5 CLI root: {"event":"exit","path":"C:\\\\Users\\\\b_a_s\\\\AppData\\\\Local\\\\Temp\\\\aiboard-task11-recovery-oOALBU","existsAtExit":true}
# C5 CLI root: {"event":"exit","path":"C:\\\\Users\\\\b_a_s\\\\AppData\\\\Local\\\\Temp\\\\aiboard-task11-recovery-FiGQbM","existsAtExit":true}
# C5 CLI root: {"event":"exit","path":"C:\\\\Users\\\\b_a_s\\\\AppData\\\\Local\\\\Temp\\\\aiboard-task11-recovery-XxikmW","existsAtExit":true}
# C5 CLI root: {"event":"exit","path":"C:\\\\Users\\\\b_a_s\\\\AppData\\\\Local\\\\Temp\\\\aiboard-task11-recovery-PNr3Dq","existsAtExit":true}
# C5 CLI root: {"event":"exit","path":"C:\\\\Users\\\\b_a_s\\\\AppData\\\\Local\\\\Temp\\\\aiboard-task11-recovery-e3j0kO","existsAtExit":true}
# C5 CLI root: {"event":"exit","path":"C:\\\\Users\\\\b_a_s\\\\AppData\\\\Local\\\\Temp\\\\aiboard-task11-recovery-smWxVW","existsAtExit":true}
1..8
# tests 8
# suites 0
# pass 0
# fail 8
# cancelled 0
# skipped 0
# todo 0
# duration_ms 476.6693
