TAP version 13
# C5 CLI root: {"event":"created","path":"C:\\\\Users\\\\b_a_s\\\\AppData\\\\Local\\\\Temp\\\\p683-context-zG8Fc1"}
# Subtest: LSP invocation propagates the exact original fs.write grant and identity
not ok 1 - LSP invocation propagates the exact original fs.write grant and identity
  ---
  duration_ms: 5.7418
  type: 'test'
  location: 'D:\\repos\\ai-discussion-board\\.worktrees\\runner-v2-robust-build\\runner-v2\\test\\language-invocation-propagation.test.ts:1:536'
  failureType: 'testCodeFailure'
  error: 'configured LSP must receive actual call authority, not mint an internal replacement'
  code: 'ERR_ASSERTION'
  name: 'AssertionError'
  expected: true
  operator: '=='
  stack: |-
    TestContext.<anonymous> (D:\repos\ai-discussion-board\.worktrees\runner-v2-robust-build\runner-v2\test\language-invocation-propagation.test.ts:26:51)
    async Test.run (node:internal/test_runner/test:1332:7)
    async startSubtestAfterBootstrap (node:internal/test_runner/harness:385:3)
  ...
# synthetic invocation root acquired: C:\\Users\\b_a_s\\AppData\\Local\\Temp\\p683-context-zG8Fc1
# synthetic invocation failure retained: C:\\Users\\b_a_s\\AppData\\Local\\Temp\\p683-context-zG8Fc1
# C5 CLI root: {"event":"exit","path":"C:\\\\Users\\\\b_a_s\\\\AppData\\\\Local\\\\Temp\\\\p683-context-zG8Fc1","existsAtExit":true}
1..1
# tests 1
# suites 0
# pass 0
# fail 1
# cancelled 0
# skipped 0
# todo 0
# duration_ms 274.5928
