TAP version 13
# Subtest: LSP native descendant fixture remains in its attested linux ownership domain
not ok 1 - LSP native descendant fixture remains in its attested linux ownership domain
  ---
  duration_ms: 1.9239
  type: 'test'
  location: 'D:\\repos\\ai-discussion-board\\.worktrees\\runner-v2-robust-build\\runner-v2\\test\\lsp-descendant-fixture.test.ts:1:491'
  failureType: 'testCodeFailure'
  error: |-
    Expected values to be strictly equal:
    
    true !== false
    
  code: 'ERR_ASSERTION'
  name: 'AssertionError'
  expected: false
  actual: true
  operator: 'strictEqual'
  stack: |-
    TestContext.<anonymous> (D:\repos\ai-discussion-board\.worktrees\runner-v2-robust-build\runner-v2\test\lsp-descendant-fixture.test.ts:14:10)
    Test.runInAsyncScope (node:async_hooks:227:14)
    Test.run (node:internal/test_runner/test:1325:25)
    Test.start (node:internal/test_runner/test:1191:17)
    startSubtestAfterBootstrap (node:internal/test_runner/harness:385:17)
  ...
# Subtest: LSP native descendant fixture remains in its attested win32 ownership domain
ok 2 - LSP native descendant fixture remains in its attested win32 ownership domain
  ---
  duration_ms: 0.4924
  type: 'test'
  ...
1..2
# tests 2
# suites 0
# pass 1
# fail 1
# cancelled 0
# skipped 0
# todo 0
# duration_ms 209.4155
