TAP version 13
# D:\\repos\\ai-discussion-board\\.worktrees\\runner-v2-robust-build\\runner-v2\\test\\process-recovery.test.ts:6
# import { ProcessRecoveryController, createAgentProcessRecoveryGenerator, createSubprocessProcessRecoveryRuntime, recoveryScope,
#                                     ^
# SyntaxError: The requested module '../src/process-recovery.js' does not provide an export named 'createAgentProcessRecoveryGenerator'
#     at \#asyncInstantiate (node:internal/modules/esm/module_job:327:21)
#     at async ModuleJob.run (node:internal/modules/esm/module_job:431:5)
#     at async node:internal/modules/esm/loader:643:26
#     at async asyncRunEntryPointWithESMLoader (node:internal/modules/run_main:101:5)
# Node.js v24.18.0
# Subtest: runner-v2\\test\\process-recovery.test.ts
not ok 1 - runner-v2\\test\\process-recovery.test.ts
  ---
  duration_ms: 348.1212
  type: 'test'
  location: 'D:\\repos\\ai-discussion-board\\.worktrees\\runner-v2-robust-build\\runner-v2\\test\\process-recovery.test.ts:1:1'
  failureType: 'testCodeFailure'
  exitCode: 1
  signal: ~
  error: 'test failed'
  code: 'ERR_TEST_FAILURE'
  ...
1..1
# tests 1
# suites 0
# pass 0
# fail 1
# cancelled 0
# skipped 0
# todo 0
# duration_ms 353.6311
