TAP version 13
# Subtest: portable supervisor acknowledges only settled callbacks and never overlaps or replays a pending write
ok 1 - portable supervisor acknowledges only settled callbacks and never overlaps or replays a pending write
  ---
  duration_ms: 5.2132
  type: 'test'
  ...
# Subtest: portable supervisor refuses stale completed write acknowledgement without reissuing bytes
ok 2 - portable supervisor refuses stale completed write acknowledgement without reissuing bytes
  ---
  duration_ms: 1.362
  type: 'test'
  ...
# Subtest: portable supervisor retains settled input through temporary coordination refusal
ok 3 - portable supervisor retains settled input through temporary coordination refusal
  ---
  duration_ms: 1.0885
  type: 'test'
  ...
# Subtest: portable supervisor settles a synchronous input exception as failed without replay
ok 4 - portable supervisor settles a synchronous input exception as failed without replay
  ---
  duration_ms: 1.3276
  type: 'test'
  ...
# Subtest: portable supervisor observes input stream errors without fabricating terminal ownership
ok 5 - portable supervisor observes input stream errors without fabricating terminal ownership
  ---
  duration_ms: 1.086
  type: 'test'
  ...
1..5
# tests 5
# suites 0
# pass 5
# fail 0
# cancelled 0
# skipped 0
# todo 0
# duration_ms 293.1818
