TAP version 13
# C5 CLI root: {"event":"created","path":"C:\\\\Users\\\\b_a_s\\\\AppData\\\\Local\\\\Temp\\\\c2r12-alignment-40Jri6"}
# Subtest: LSP grace expiry joins an already admitted parser delivery before cleanup changes ownership
ok 1 - LSP grace expiry joins an already admitted parser delivery before cleanup changes ownership
  ---
  duration_ms: 96.6844
  type: 'test'
  ...
# new synthetic evidence fixture acquired: C:\\Users\\b_a_s\\AppData\\Local\\Temp\\c2r12-alignment-40Jri6
# closed 2 synthetic spools; exact successful evidence root removed: C:\\Users\\b_a_s\\AppData\\Local\\Temp\\c2r12-alignment-40Jri6
# C5 CLI root: {"event":"exit","path":"C:\\\\Users\\\\b_a_s\\\\AppData\\\\Local\\\\Temp\\\\c2r12-alignment-40Jri6","existsAtExit":false}
1..1
# tests 1
# suites 0
# pass 1
# fail 0
# cancelled 0
# skipped 0
# todo 0
# duration_ms 342.344
