TAP version 13
# C5 CLI root: {"event":"created","path":"C:\\\\Users\\\\b_a_s\\\\AppData\\\\Local\\\\Temp\\\\p683-context-o2h9T2"}
# Subtest: LSP invocation propagates the exact original code.workspace_symbols grant and identity
ok 1 - LSP invocation propagates the exact original code.workspace_symbols grant and identity
  ---
  duration_ms: 4.8647
  type: 'test'
  ...
# synthetic invocation root acquired: C:\\Users\\b_a_s\\AppData\\Local\\Temp\\p683-context-o2h9T2
# synthetic invocation root removed: C:\\Users\\b_a_s\\AppData\\Local\\Temp\\p683-context-o2h9T2
# C5 CLI root: {"event":"created","path":"C:\\\\Users\\\\b_a_s\\\\AppData\\\\Local\\\\Temp\\\\p683-context-8wSaHA"}
# Subtest: LSP invocation propagates the exact original code.definition grant and identity
ok 2 - LSP invocation propagates the exact original code.definition grant and identity
  ---
  duration_ms: 0.8469
  type: 'test'
  ...
# synthetic invocation root acquired: C:\\Users\\b_a_s\\AppData\\Local\\Temp\\p683-context-8wSaHA
# C5 CLI root: {"event":"created","path":"C:\\\\Users\\\\b_a_s\\\\AppData\\\\Local\\\\Temp\\\\p683-context-DXLD3b"}
# synthetic invocation root removed: C:\\Users\\b_a_s\\AppData\\Local\\Temp\\p683-context-8wSaHA
# Subtest: LSP invocation propagates the exact original code.references grant and identity
ok 3 - LSP invocation propagates the exact original code.references grant and identity
  ---
  duration_ms: 0.776
  type: 'test'
  ...
# synthetic invocation root acquired: C:\\Users\\b_a_s\\AppData\\Local\\Temp\\p683-context-DXLD3b
# C5 CLI root: {"event":"created","path":"C:\\\\Users\\\\b_a_s\\\\AppData\\\\Local\\\\Temp\\\\p683-context-kTKNWn"}
# synthetic invocation root removed: C:\\Users\\b_a_s\\AppData\\Local\\Temp\\p683-context-DXLD3b
# Subtest: LSP invocation propagates the exact original code.diagnostics grant and identity
ok 4 - LSP invocation propagates the exact original code.diagnostics grant and identity
  ---
  duration_ms: 0.7656
  type: 'test'
  ...
# synthetic invocation root acquired: C:\\Users\\b_a_s\\AppData\\Local\\Temp\\p683-context-kTKNWn
# synthetic invocation root removed: C:\\Users\\b_a_s\\AppData\\Local\\Temp\\p683-context-kTKNWn
# C5 CLI root: {"event":"created","path":"C:\\\\Users\\\\b_a_s\\\\AppData\\\\Local\\\\Temp\\\\p683-context-Oq8hsX"}
# Subtest: LSP invocation propagates the exact original fs.write grant and identity
ok 5 - LSP invocation propagates the exact original fs.write grant and identity
  ---
  duration_ms: 4.308
  type: 'test'
  ...
# synthetic invocation root acquired: C:\\Users\\b_a_s\\AppData\\Local\\Temp\\p683-context-Oq8hsX
# synthetic invocation root removed: C:\\Users\\b_a_s\\AppData\\Local\\Temp\\p683-context-Oq8hsX
# C5 CLI root: {"event":"exit","path":"C:\\\\Users\\\\b_a_s\\\\AppData\\\\Local\\\\Temp\\\\p683-context-o2h9T2","existsAtExit":false}
# C5 CLI root: {"event":"exit","path":"C:\\\\Users\\\\b_a_s\\\\AppData\\\\Local\\\\Temp\\\\p683-context-8wSaHA","existsAtExit":false}
# C5 CLI root: {"event":"exit","path":"C:\\\\Users\\\\b_a_s\\\\AppData\\\\Local\\\\Temp\\\\p683-context-DXLD3b","existsAtExit":false}
# C5 CLI root: {"event":"exit","path":"C:\\\\Users\\\\b_a_s\\\\AppData\\\\Local\\\\Temp\\\\p683-context-kTKNWn","existsAtExit":false}
# C5 CLI root: {"event":"exit","path":"C:\\\\Users\\\\b_a_s\\\\AppData\\\\Local\\\\Temp\\\\p683-context-Oq8hsX","existsAtExit":false}
1..5
# tests 5
# suites 0
# pass 5
# fail 0
# cancelled 0
# skipped 0
# todo 0
# duration_ms 213.0962
